D/NativeCrypto(  789): Returned from SSL_Read() with result 1, error code 0 ssl=0x5faf3120, appData=0x5d2cd978
D/NativeCrypto(  789): ssl=0x5faf3120 sslRead buf=0x42dc6918 len=1,timeo=120000
D/NativeCrypto(  789): Doing SSL_Read() ssl=0x5faf3120, appData=0x5d2cd978
D/NativeCrypto(  789): Returned from SSL_Read() with result 1, error code 0 ssl=0x5faf3120, appData=0x5d2cd978
D/NativeCrypto(  789): ssl=0x5faf3120 sslRead buf=0x42dc4430 len=1,timeo=120000
D/NativeCrypto(  789): Doing SSL_Read() ssl=0x5faf3120, appData=0x5d2cd978
D/NativeCrypto(  789): Returned from SSL_Read() with result 1, error code 0 ssl=0x5faf3120, appData=0x5d2cd978
D/NativeCrypto(  789): ssl=0x5faf3120 sslRead buf=0x42dc4478 len=1,timeo=120000
D/NativeCrypto(  789): Doing SSL_Read() ssl=0x5faf3120, appData=0x5d2cd978
D/NativeCrypto(  789): Returned from SSL_Read() with result 1, error code 0 ssl=0x5faf3120, appData=0x5d2cd978
D/NativeCrypto(  789): ssl=0x5faf3120 sslRead buf=0x42dc2c50 len=1,timeo=120000
D/NativeCrypto(  789): Doing SSL_Read() ssl=0x5faf3120, appData=0x5d2cd978
D/NativeCrypto(  789): Returned from SSL_Read() with result 1, error code 0 ssl=0x5faf3120, appData=0x5d2cd978
D/NativeCrypto(  789): ssl=0x5faf3120 sslRead buf=0x42dc2c98 len=1,timeo=120000
D/NativeCrypto(  789): Doing SSL_Read() ssl=0x5faf3120, appData=0x5d2cd978
D/NativeCrypto(  789): Returned from SSL_Read() with result 1, error code 0 ssl=0x5faf3120, appData=0x5d2cd978
D/NativeCrypto(  789): ssl=0x5faf3120 sslRead buf=0x42db48a0 len=1,timeo=120000
D/NativeCrypto(  789): Doing SSL_Read() ssl=0x5faf3120, appData=0x5d2cd978
D/NativeCrypto(  789): Returned from SSL_Read() with result 1, error code 0 ssl=0x5faf3120, appData=0x5d2cd978
D/NativeCrypto(  789): ssl=0x5faf3120 sslRead buf=0x42f228af len=1,timeo=120000
D/NativeCrypto(  789): Doing SSL_Read() ssl=0x5faf3120, appData=0x5d2cd978
D/NativeCrypto(  789): Returned from SSL_Read() with result 1, error code 0 ssl=0x5faf3120, appData=0x5d2cd978
D/NativeCrypto(  789): ssl=0x5faf3120 sslRead buf=0x42db0de0 len=1,timeo=120000
D/UiAutomatorBridge(21196): EventType: TYPE_WINDOW_CONTENT_CHANGED; EventTime: 28469231; PackageName: com.android.systemui; MovementGranularity: 0; Action: 0 [ ClassName: android.widget.FrameLayout; Text: []; ContentDescription: null; ItemCount: -1; CurrentItemIndex: -1; IsEnabled: true; IsPassword: false; IsChecked: false; IsFullScreen: false; Scrollable: false; BeforeText: null; FromIndex: -1; ToIndex: -1; ScrollX: -1; ScrollY: -1; MaxScrollX: -1; MaxScrollY: -1; AddedCount: -1; RemovedCount: -1; ParcelableData: null ]; recordCount: 0
D/NativeCrypto(  789): Doing SSL_Read() ssl=0x5faf3120, appData=0x5d2cd978
D/NativeCrypto(  789): Returned from SSL_Read() with result 1, error code 0 ssl=0x5faf3120, appData=0x5d2cd978
D/NativeCrypto(  789): ssl=0x5faf3120 sslRead buf=0x42dad418 len=1,timeo=120000
D/NativeCrypto(  789): Doing SSL_Read() ssl=0x5faf3120, appData=0x5d2cd978
D/NativeCrypto(  789): Returned from SSL_Read() with result 1, error code 0 ssl=0x5faf3120, appData=0x5d2cd978
D/NativeCrypto(  789): ssl=0x5faf3120 sslRead buf=0x42dad478 len=1,timeo=120000
D/NativeCrypto(  789): Doing SSL_Read() ssl=0x5faf3120, appData=0x5d2cd978
D/NativeCrypto(  789): Returned from SSL_Read() with result 1, error code 0 ssl=0x5faf3120, appData=0x5d2cd978
D/NativeCrypto(  789): ssl=0x5faf3120 sslRead buf=0x42da93b8 len=1,timeo=120000
D/NativeCrypto(  789): Doing SSL_Read() ssl=0x5faf3120, appData=0x5d2cd978
D/NativeCrypto(  789): Returned from SSL_Read() with result 1, error code 0 ssl=0x5faf3120, appData=0x5d2cd978
D/NativeCrypto(  789): ssl=0x5faf3120 sslRead buf=0x42da9400 len=1,timeo=120000
D/NativeCrypto(  789): Doing SSL_Read() ssl=0x5faf3120, appData=0x5d2cd978
D/NativeCrypto(  789): Returned from SSL_Read() with result 1, error code 0 ssl=0x5faf3120, appData=0x5d2cd978
D/NativeCrypto(  789): ssl=0x5faf3120 sslRead buf=0x42da72b8 len=1,timeo=120000
D/NativeCrypto(  789): Doing SSL_Read() ssl=0x5faf3120, appData=0x5d2cd978
D/NativeCrypto(  789): Returned from SSL_Read() with result 1, error code 0 ssl=0x5faf3120, appData=0x5d2cd978
D/NativeCrypto(  789): ssl=0x5faf3120 sslRead buf=0x42da7300 len=1,timeo=120000
D/NativeCrypto(  789): Doing SSL_Read() ssl=0x5faf3120, appData=0x5d2cd978
D/NativeCrypto(  789): Returned from SSL_Read() with result 1, error code 0 ssl=0x5faf3120, appData=0x5d2cd978
D/NativeCrypto(  789): ssl=0x5faf3120 sslRead buf=0x42da2620 len=1,timeo=120000
D/NativeCrypto(  789): Doing SSL_Read() ssl=0x5faf3120, appData=0x5d2cd978
D/NativeCrypto(  789): Returned from SSL_Read() with result 1, error code 0 ssl=0x5faf3120, appData=0x5d2cd978
D/NativeCrypto(  789): ssl=0x5faf3120 sslRead buf=0x42da2668 len=1,timeo=120000
D/NativeCrypto(  789): Doing SSL_Read() ssl=0x5faf3120, appData=0x5d2cd978
D/NativeCrypto(  789): Returned from SSL_Read() with result 1, error code 0 ssl=0x5faf3120, appData=0x5d2cd978
D/NativeCrypto(  789): ssl=0x5faf3120 sslRead buf=0x42da1000 len=1,timeo=120000
D/NativeCrypto(  789): Doing SSL_Read() ssl=0x5faf3120, appData=0x5d2cd978
D/NativeCrypto(  789): Returned from SSL_Read() with result 1, error code 0 ssl=0x5faf3120, appData=0x5d2cd978
D/NativeCrypto(  789): ssl=0x5faf3120 sslRead buf=0x42da1048 len=1,timeo=120000
D/NativeCrypto(  789): Doing SSL_Read() ssl=0x5faf3120, appData=0x5d2cd978
D/NativeCrypto(  789): Returned from SSL_Read() with result 1, error code 0 ssl=0x5faf3120, appData=0x5d2cd978
D/NativeCrypto(  789): ssl=0x5faf3120 sslRead buf=0x42d7e250 len=1,timeo=120000
D/NativeCrypto(  789): Doing SSL_Read() ssl=0x5faf3120, appData=0x5d2cd978
D/NativeCrypto(  789): Returned from SSL_Read() with result 1, error code 0 ssl=0x5faf3120, appData=0x5d2cd978
D/NativeCrypto(  789): ssl=0x5faf3120 sslRead buf=0x42f228b0 len=1,timeo=120000
D/NativeCrypto(  789): Doing SSL_Read() ssl=0x5faf3120, appData=0x5d2cd978
D/NativeCrypto(  789): Returned from SSL_Read() with result 1, error code 0 ssl=0x5faf3120, appData=0x5d2cd978
D/NativeCrypto(  789): ssl=0x5faf3120 sslRead buf=0x42d7d0c8 len=1,timeo=120000
D/NativeCrypto(  789): Doing SSL_Read() ssl=0x5faf3120, appData=0x5d2cd978
D/NativeCrypto(  789): Returned from SSL_Read() with result 1, error code 0 ssl=0x5faf3120, appData=0x5d2cd978
D/NativeCrypto(  789): ssl=0x5faf3120 sslRead buf=0x42d7a2b0 len=1,timeo=120000
D/NativeCrypto(  789): Doing SSL_Read() ssl=0x5faf3120, appData=0x5d2cd978
D/NativeCrypto(  789): Returned from SSL_Read() with result 1, error code 0 ssl=0x5faf3120, appData=0x5d2cd978
D/NativeCrypto(  789): ssl=0x5faf3120 sslRead buf=0x42d7a310 len=1,timeo=120000
D/NativeCrypto(  789): Doing SSL_Read() ssl=0x5faf3120, appData=0x5d2cd978
D/NativeCrypto(  789): Returned from SSL_Read() with result 1, error code 0 ssl=0x5faf3120, appData=0x5d2cd978
D/NativeCrypto(  789): ssl=0x5faf3120 sslRead buf=0x42d5faa8 len=1,timeo=120000
D/NativeCrypto(  789): Doing SSL_Read() ssl=0x5faf3120, appData=0x5d2cd978
D/NativeCrypto(  789): Returned from SSL_Read() with result 1, error code 0 ssl=0x5faf3120, appData=0x5d2cd978
D/NativeCrypto(  789): ssl=0x5faf3120 sslRead buf=0x42d5faf0 len=1,timeo=120000
D/NativeCrypto(  789): Doing SSL_Read() ssl=0x5faf3120, appData=0x5d2cd978
D/NativeCrypto(  789): Returned from SSL_Read() with result 1, error code 0 ssl=0x5faf3120, appData=0x5d2cd978
D/NativeCrypto(  789): ssl=0x5faf3120 sslRead buf=0x42d3f560 len=1,timeo=120000
D/NativeCrypto(  789): Doing SSL_Read() ssl=0x5faf3120, appData=0x5d2cd978
D/NativeCrypto(  789): Returned from SSL_Read() with result 1, error code 0 ssl=0x5faf3120, appData=0x5d2cd978
D/NativeCrypto(  789): ssl=0x5faf3120 sslRead buf=0x42d3f5a8 len=1,timeo=120000
D/NativeCrypto(  789): Doing SSL_Read() ssl=0x5faf3120, appData=0x5d2cd978
D/NativeCrypto(  789): Returned from SSL_Read() with result 1, error code 0 ssl=0x5faf3120, appData=0x5d2cd978
D/NativeCrypto(  789): ssl=0x5faf3120 sslRead buf=0x42d3a218 len=1,timeo=120000
D/NativeCrypto(  789): Doing SSL_Read() ssl=0x5faf3120, appData=0x5d2cd978
D/NativeCrypto(  789): Returned from SSL_Read() with result 1, error code 0 ssl=0x5faf3120, appData=0x5d2cd978
D/NativeCrypto(  789): ssl=0x5faf3120 sslRead buf=0x42d3a260 len=1,timeo=120000
D/NativeCrypto(  789): Doing SSL_Read() ssl=0x5faf3120, appData=0x5d2cd978
D/NativeCrypto(  789): Returned from SSL_Read() with result 1, error code 0 ssl=0x5faf3120, appData=0x5d2cd978
D/NativeCrypto(  789): ssl=0x5faf3120 sslRead buf=0x42d34de0 len=1,timeo=120000
D/NativeCrypto(  789): Doing SSL_Read() ssl=0x5faf3120, appData=0x5d2cd978
D/NativeCrypto(  789): Returned from SSL_Read() with result 1, error code 0 ssl=0x5faf3120, appData=0x5d2cd978
D/NativeCrypto(  789): ssl=0x5faf3120 sslRead buf=0x42d34e28 len=1,timeo=120000
D/NativeCrypto(  789): Doing SSL_Read() ssl=0x5faf3120, appData=0x5d2cd978
D/NativeCrypto(  789): Returned from SSL_Read() with result 1, error code 0 ssl=0x5faf3120, appData=0x5d2cd978
D/NativeCrypto(  789): ssl=0x5faf3120 sslRead buf=0x42d24518 len=1,timeo=120000
D/NativeCrypto(  789): Doing SSL_Read() ssl=0x5faf3120, appData=0x5d2cd978
D/NativeCrypto(  789): Returned from SSL_Read() with result 1, error code 0 ssl=0x5faf3120, appData=0x5d2cd978
D/NativeCrypto(  789): ssl=0x5faf3120 sslRead buf=0x42f228b1 len=1,timeo=120000
D/NativeCrypto(  789): Doing SSL_Read() ssl=0x5faf3120, appData=0x5d2cd978
D/NativeCrypto(  789): Returned from SSL_Read() with result 1, error code 0 ssl=0x5faf3120, appData=0x5d2cd978
D/NativeCrypto(  789): ssl=0x5faf3120 sslRead buf=0x42d0dd60 len=1,timeo=120000
D/NativeCrypto(  789): Doing SSL_Read() ssl=0x5faf3120, appData=0x5d2cd978
D/NativeCrypto(  789): Returned from SSL_Read() with result 1, error code 0 ssl=0x5faf3120, appData=0x5d2cd978
D/NativeCrypto(  789): ssl=0x5faf3120 sslRead buf=0x42cfbe60 len=1,timeo=120000
D/NativeCrypto(  789): Doing SSL_Read() ssl=0x5faf3120, appData=0x5d2cd978
D/NativeCrypto(  789): Returned from SSL_Read() with result 1, error code 0 ssl=0x5faf3120, appData=0x5d2cd978
D/NativeCrypto(  789): ssl=0x5faf3120 sslRead buf=0x42cf84e0 len=1,timeo=120000
D/NativeCrypto(  789): Doing SSL_Read() ssl=0x5faf3120, appData=0x5d2cd978
D/NativeCrypto(  789): Returned from SSL_Read() with result 1, error code 0 ssl=0x5faf3120, appData=0x5d2cd978
D/NativeCrypto(  789): ssl=0x5faf3120 sslRead buf=0x42cf8528 len=1,timeo=120000
D/NativeCrypto(  789): Doing SSL_Read() ssl=0x5faf3120, appData=0x5d2cd978
D/NativeCrypto(  789): Returned from SSL_Read() with result 1, error code 0 ssl=0x5faf3120, appData=0x5d2cd978
D/NativeCrypto(  789): ssl=0x5faf3120 sslRead buf=0x42cee3c8 len=1,timeo=120000
D/NativeCrypto(  789): Doing SSL_Read() ssl=0x5faf3120, appData=0x5d2cd978
D/NativeCrypto(  789): Returned from SSL_Read() with result 1, error code 0 ssl=0x5faf3120, appData=0x5d2cd978
D/NativeCrypto(  789): ssl=0x5faf3120 sslRead buf=0x42cee410 len=1,timeo=120000
D/NativeCrypto(  789): Doing SSL_Read() ssl=0x5faf3120, appData=0x5d2cd978
D/NativeCrypto(  789): Returned from SSL_Read() with result 1, error code 0 ssl=0x5faf3120, appData=0x5d2cd978
D/NativeCrypto(  789): ssl=0x5faf3120 sslRead buf=0x42ceb958 len=1,timeo=120000
D/NativeCrypto(  789): Doing SSL_Read() ssl=0x5faf3120, appData=0x5d2cd978
D/NativeCrypto(  789): Returned from SSL_Read() with result 1, error code 0 ssl=0x5faf3120, appData=0x5d2cd978
D/NativeCrypto(  789): ssl=0x5faf3120 sslRead buf=0x42e996d0 len=15,timeo=120000
D/NativeCrypto(  789): Doing SSL_Read() ssl=0x5faf3120, appData=0x5d2cd978
D/NativeCrypto(  789): Returned from SSL_Read() with result 15, error code 0 ssl=0x5faf3120, appData=0x5d2cd978
D/NativeCrypto(  789): ssl=0x5faf3120 NativeCrypto_SSL_interrupt
D/NativeCrypto(  789):  sslNotify, appData=0x5d2cd978 ret=1
D/NativeCrypto(  789):  sslNotify, appData=0x5d2cd978 ret=1
D/NativeCrypto(  789): ssl=0x5faf3120 info_callback where=0x4008 ret=256
D/NativeCrypto(  789): ssl=0x5faf3120 SSL3 alert write:W:CN warning close notify
D/NativeCrypto(  789): ssl=0x5faf3120 info_callback ignored
I/System.out(  789): [CDS]close[49529]
I/System.out(  789): close [socket][/0.0.0.0:49529]
I/System.out(  789): close [socket][/0.0.0.0:49529]
D/dalvikvm(  789): threadid=67: exiting
I/ConfigFetchService(  789): fetch service done; releasing wakelock
D/dalvikvm(  789): threadid=67: bye!
D/PowerManagerService(  403): releaseWakeLock flags=0x1 tag=Config Service fetch total_time=14049ms
D/IPCThreadState(  403): [DN #5] BR_CLEAR_DEATH_NOTIFICATION_DONE cookie 0x5735f020
I/ConfigFetchService(  789): stopping self
D/IPCThreadState(  789): [DN #5] BR_CLEAR_DEATH_NOTIFICATION_DONE cookie 0x51693ee8
D/UiAutomatorBridge(21196): EventType: TYPE_WINDOW_CONTENT_CHANGED; EventTime: 28469355; PackageName: com.android.systemui; MovementGranularity: 0; Action: 0 [ ClassName: android.widget.FrameLayout; Text: []; ContentDescription: null; ItemCount: -1; CurrentItemIndex: -1; IsEnabled: true; IsPassword: false; IsChecked: false; IsFullScreen: false; Scrollable: false; BeforeText: null; FromIndex: -1; ToIndex: -1; ScrollX: -1; ScrollY: -1; MaxScrollX: -1; MaxScrollY: -1; AddedCount: -1; RemovedCount: -1; ParcelableData: null ]; recordCount: 0
D/VibratorService(  403): debug for cancelVibrate ++++++++++++++++++++++++
D/VibratorService(  403): debug for doCancelVibrateLocked ++++++++++++++++++++++++
D/VibratorService(  403): debug for startNextVibrationLocked return because mVibrations.size++++++++++++++++++++++++
V/WindowManager(  403): Changing focus from Window{42f21d80 StatusBar paused=false} to Window{42fb2a70 com.rarlab.rar/com.rarlab.rar.MainActivity paused=false}
I/BufferQueue(  125): [StatusBar](this:0x4298fd70,api:1) setDefaultBufferSize: w=720, h=50
I/WindowManager(  403): Gaining focus: Window{42fb2a70 com.rarlab.rar/com.rarlab.rar.MainActivity paused=false}
I/WindowManager(  403): Losing focus: Window{42f21d80 StatusBar paused=false}
V/InputMethodManager(22803): onWindowFocus: android.widget.ListView@42b18e20 softInputMode=16 first=false flags=#1810100
V/InputMethodManagerService(  403): windowGainedFocus: android.os.BinderProxy@42fa37f8 controlFlags=#1 softInputMode=#10 windowFlags=#1810100
W/InputMethodManagerService(  403): Window already focused, ignoring focus gain of: com.android.internal.view.IInputMethodClient$Stub$Proxy@43a5f610 attribute=null
D/UiAutomatorBridge(21196): EventType: TYPE_WINDOW_STATE_CHANGED; EventTime: 28469423; PackageName: com.rarlab.rar; MovementGranularity: 0; Action: 0 [ ClassName: com.rarlab.rar.MainActivity; Text: [RAR]; ContentDescription: null; ItemCount: -1; CurrentItemIndex: -1; IsEnabled: true; IsPassword: false; IsChecked: false; IsFullScreen: true; Scrollable: false; BeforeText: null; FromIndex: -1; ToIndex: -1; ScrollX: -1; ScrollY: -1; MaxScrollX: -1; MaxScrollY: -1; AddedCount: -1; RemovedCount: -1; ParcelableData: null ]; recordCount: 0
D/BufferQueue(  125): [StatusBar](this:0x4298fd70,api:1) cancelBuffer: slot=2
I/SurfaceTextureClient(22803): [STC::queueBuffer] (this:0x534956b8) fps:3.85, dur:2596.49, max:2320.39, min:21.57
I/BufferQueue(  125): [com.rarlab.rar/com.rarlab.rar.MainActivity](this:0x429aadb8,api:1) [queue] fps:3.85, dur:2596.40, max:2320.28, min:21.18
I/BufferQueue(  125): [StatusBar](this:0x4298fd70,api:1) disconnect: api=1
I/SurfaceTexture(  125): [StatusBar](this:0x42990700,api:0) onBuffersReleased
I/SurfaceTexture(  125): [StatusBar](this:0x42990700,api:0) [virtual void android::SurfaceTexture::onBuffersReleased()] mCurrentTexture:1, mCurrentBuf:0x4299f5b0
I/BufferQueue(  125): [StatusBar](this:0x4298fd70,api:0) getReleasedBuffers: returning mask 0xffffffff
I/SurfaceTexture(  125): [StatusBar](this:0x42990700,api:0) destroying EGLImage dpy=0x1 img=0x4299df40
I/SurfaceTexture(  125): [StatusBar](this:0x42990700,api:0) destroying EGLImage dpy=0x1 img=0x429b14c0
I/SurfaceTexture(  125): [StatusBar](this:0x42990700,api:0) destroying EGLImage dpy=0x1 img=0x429b03a0
I/BufferQueue(  125): [StatusBar](this:0x4298fd70,api:0) connect: api=1
I/BufferQueue(  125): [StatusBar](this:0x4298fd70,api:1) setSynchronousMode: enabled=1
I/BufferQueue(  125): [StatusBar](this:0x4298fd70,api:1) setSynchronousMode: enabled=1
I/GraphicBuffer(  125): allocate buffer (w:736 h:50 f:5) err(0)
I/BufferQueue(  125): [StatusBar](this:0x4298fd70,api:1) createGraphicBuffer before(NULL) after(0x429988b8, handle=0x42999240, w=720, h=50, f=5)
I/GraphicBuffer(  125): allocate buffer (w:736 h:50 f:5) err(0)
I/BufferQueue(  125): [StatusBar](this:0x4298fd70,api:1) createGraphicBuffer before(NULL) after(0x429a23a0, handle=0x4299db90, w=720, h=50, f=5)
D/PhoneStatusBar(  495): disable: < expand icons alerts ticker* system_info back home recent clock >
I/BufferQueue(  125): [com.rarlab.rar/com.rarlab.rar.MainActivity](this:0x429aadb8,api:1) [release] fps:3.85, dur:2599.94, max:2318.08, min:31.10
I/GraphicBuffer(  125): allocate buffer (w:736 h:50 f:5) err(0)
I/BufferQueue(  125): [StatusBar](this:0x4298fd70,api:1) createGraphicBuffer before(NULL) after(0x429a6f60, handle=0x4299df40, w=720, h=50, f=5)
I/SurfaceFlinger(  125): [SurfaceFlinger] fps:29.897724,dur:1003.42,max:63.20,min:29.96
D/UiAutomatorBridge(21196): EventType: TYPE_WINDOW_CONTENT_CHANGED; EventTime: 28469627; PackageName: com.rarlab.rar; MovementGranularity: 0; Action: 0 [ ClassName: android.widget.FrameLayout; Text: []; ContentDescription: null; ItemCount: -1; CurrentItemIndex: -1; IsEnabled: true; IsPassword: false; IsChecked: false; IsFullScreen: false; Scrollable: false; BeforeText: null; FromIndex: -1; ToIndex: -1; ScrollX: -1; ScrollY: -1; MaxScrollX: -1; MaxScrollY: -1; AddedCount: -1; RemovedCount: -1; ParcelableData: null ]; recordCount: 0
D/PowerManagerService(  403): UA mLastEventTime=28469135 time=28469636 mUAAllowed=true mUserState=0x7 mWLState=0x1 mP-SensorActive=false mP-SensorEnabed=false timeoutOverride=-1 force=false
D/PowerManagerService(  403): reactivate mProxIgnored=false
D/PowerManagerService(  403): setPowerState: mPowerState=0x7 newState=0x7 noChangeLights=false reason=2
D/PowerManagerService(  403): setTimeoutLocked now=28469636 timeoutOverride=-1 nextState=3 when=28475636
I/SurfaceTextureClient(  495): [STC::queueBuffer] (this:0x532cb118) fps:17.66, dur:1245.59, max:500.91, min:25.32
I/BufferQueue(  125): [StatusBar](this:0x4298fd70,api:1) [queue] fps:17.66, dur:1245.77, max:500.78, min:25.26
I/BufferQueue(  125): [StatusBar](this:0x4298fd70,api:1) [release] fps:16.76, dur:1253.08, max:501.29, min:31.13
V/AlarmManager(  403): Checking for alarms... rtc=1443358481001, elapsed=87561542
V/AlarmManager(  403): Checking active alarm when=1443358481001 Alarm{435aa728 type 0 com.android.vending}
V/AlarmManager(  403): Alarm triggering: Alarm{435aa728 type 0 com.android.vending}
V/AlarmManager(  403): Checking active alarm when=1443359034207 Alarm{437d0680 type 0 com.viber.voip}
V/AlarmManager(  403): Native set alarm :Alarm{437d0680 type 0 com.viber.voip}
I/AlarmManager(  403): reset poweroff alarm none
V/AlarmManager(  403): sending alarm Alarm{435aa728 type 0 com.android.vending}
V/Provider/Setting(  541): from settings cache , name = pdp_watchdog_poll_interval_ms value = null
D/PowerManagerService(  403): acquireWakeLock flags=0x1 tag=AlarmManager
D/PowerManagerService(  403): releaseWakeLock flags=0x1 tag=AlarmManager total_time=1ms
D/PowerManagerService(  403): UA mLastEventTime=28469636 time=28470146 mUAAllowed=true mUserState=0x7 mWLState=0x1 mP-SensorActive=false mP-SensorEnabed=false timeoutOverride=-1 force=false
D/PowerManagerService(  403): reactivate mProxIgnored=false
D/PowerManagerService(  403): setPowerState: mPowerState=0x7 newState=0x7 noChangeLights=false reason=2
D/PowerManagerService(  403): setTimeoutLocked now=28470146 timeoutOverride=-1 nextState=3 when=28476146
D/IPCThreadState(  789): [DN #5] BR_CLEAR_DEATH_NOTIFICATION_DONE cookie 0x5ce6c728
D/Finsky  (15813): [691] AppStatesReplicator.handleContentSyncResponse: Completed 0 account content syncs with 0 successful.
D/Finsky  (15813): [1] 5.onFinished: Installation state replication succeeded.
D/PowerManagerService(  403): UA mLastEventTime=28470146 time=28470669 mUAAllowed=true mUserState=0x7 mWLState=0x1 mP-SensorActive=false mP-SensorEnabed=false timeoutOverride=-1 force=false
D/PowerManagerService(  403): reactivate mProxIgnored=false
D/PowerManagerService(  403): setPowerState: mPowerState=0x7 newState=0x7 noChangeLights=false reason=2
D/PowerManagerService(  403): setTimeoutLocked now=28470669 timeoutOverride=-1 nextState=3 when=28476669
D/OpenSSLLib(22803): OpensslErr:Module:2(1:2); file:external/openssl/crypto/bio/bss_file.c ;Line:169;Function:BIO_new_file
D/OpenSSLLib(22803): OpensslErr:Module:32(109:128); file:external/openssl/crypto/bio/bss_file.c ;Line:172;Function:BIO_new_file
D/OpenSSLLib(22803): OpensslErr:Module:11(132:2); file:external/openssl/crypto/x509/by_file.c ;Line:274;Function:X509_load_cert_crl_file
D/OpenSSLLib(22803): OpensslErr:Module:11(101:104); file:external/openssl/crypto/x509/by_file.c ;Line:114;Function:by_file_ctrl
D/dalvikvm(22803): threadid=24: interp stack at 0x54385000
D/dalvikvm(22803): threadid=25: interp stack at 0x5438d000
D/dalvikvm(22803): GC_CONCURRENT freed 444K, 4% free 13132K/13639K, paused 5ms+2ms, total 50ms
D/dalvikvm(22803): WAIT_FOR_CONCURRENT_GC blocked 19ms
D/dalvikvm(22803): WAIT_FOR_CONCURRENT_GC blocked 15ms
D/NativeCrypto(22803): NativeCrypto_EVP_VerifyInit ctx=0x538ebd08
D/NativeCrypto(22803): NativeCrypto_EVP_VerifyInit algorithmChars=RSA-SHA256
D/NativeCrypto(22803): NativeCrypto_EVP_VerifyInit ctx=0x5437a4e0
D/NativeCrypto(22803): NativeCrypto_EVP_VerifyInit algorithmChars=RSA-SHA256
D/NativeCrypto(22803): NativeCrypto_EVP_VerifyInit ctx=0x53985de0
D/NativeCrypto(22803): NativeCrypto_EVP_VerifyInit algorithmChars=RSA-SHA256
D/NativeCrypto(22803): NativeCrypto_EVP_VerifyInit ctx=0x53985de0
D/NativeCrypto(22803): NativeCrypto_EVP_VerifyInit algorithmChars=RSA-SHA256
D/dalvikvm(22803): threadid=24: bye!
D/dalvikvm(22803): threadid=25: bye!
I/SurfaceTextureClient(  495): [STC::queueBuffer] (this:0x532cb118) fps:1.00, dur:1001.96, max:1001.96, min:1001.96
I/BufferQueue(  125): [StatusBar](this:0x4298fd70,api:1) [queue] fps:1.00, dur:1001.78, max:1001.78, min:1001.78
V/ActivityManager(  403): Broadcast sticky: Intent { act=android.intent.action.SIG_STR flg=0x10 (has extras) } ordered=false userid=0
D/Bluetooth HS/HF(  541): [BT][HFG] [API] mStateReceiver.onReceive(android.intent.action.SIG_STR)
D/Bluetooth HS/HF(  541): [BT][HFG] [API] mHandler.handleMessage(10)
D/NetworkControllerGemini(  495): PhoneStateListener:onSignalStrengthsChanged, sim1 before.
D/NetworkControllerGemini(  495): PhoneStateListener:onSignalStrengthsChanged, signalStrength=4
D/NetworkControllerGemini(  495): updateDataNetType(0), DataNetType=2.
D/NetworkControllerGemini(  495): updateDataNetType(0), simColorId=1
D/TelephonyManagerEx(  495): isNetworkRoaming
D/NetworkControllerGemini(  495): updateDataNetType(0), DataNetType3G=Type_G tempDataTypeIconId= 2130837681.
D/NetworkControllerGemini(  495): isSimInserted(0), SimInserted=true
D/NetworkControllerGemini(  495): updateTelephonySignalStrength(0), regState=1
D/NetworkControllerGemini(  495): updateTelephonySignalStrength(0), hasService=true
D/TelephonyManagerEx(  495): isNetworkRoaming
D/NetworkControllerGemini(  495): updateTelephonySignalStrength(0), isRoaming=false, mInetCondition=1
D/NetworkControllerGemini(  495): updateTelephonySignalStrength(0), simColorId=1
D/NetworkControllerGemini(  495): updateTelephonySignalStrength(0), tempDataNetType = Type_G , simColorId=1  tempPhoneSignalIconId[0] = 2130837741  tempPhoneSignalIconId[1] = 0
D/NetworkControllerGemini(  495):  updateTelephonySignalStrength(0) tempSIMCUSignVisible= true
D/NetworkControllerGemini(  495): updateTelephonySignalStrength(0) mSIMCUSignVisible = true
D/NetworkControllerGemini(  495): refreshViews(0), DataConnected=true simColorId = 1
D/NetworkControllerGemini(  495): refreshViews(0), mMobileActivityIconId=2130837773, mMobileActivityIconIdGemini=0
D/NetworkControllerGemini(  495): refreshViews(0), set parameters to signal cluster view.
D/NetworkControllerGemini(  495): refreshViews(0), tempPhoneSignalIconId.0 = 2130837741  tempPhoneSignalIconId.1 = 0  tempMobileActivityIconId= 2130837773  tempDataTypeIconId= 2130837681
D/SignalClusterViewGemini(  495): setMobileDataIndicators(0), visible=true, strengthIcon[0] ~ [1] 2130837741 ~ 0
D/SignalClusterViewGemini(  495): setShowSimIndicator(0), showSimIndicator=false simIndicatorResource = 0
D/SignalClusterViewGemini(  495): setDataConnected(0), dataConnected=true
D/SignalClusterViewGemini(  495): setDataNetType3G(0), dataNetType=Type_G
D/SignalClusterViewGemini(  495): apply : mShowSimIndicator = false mSimIndicatorResource = 0 mShowSimIndicatorGemini = false mSimIndicatorResourceGemini = 0
D/SignalClusterViewGemini(  495): apply, mMobileVisible=true mMobileActivityId=2130837773 mMobileTypeId=2130837681 mMobileStrengthId[0] = 2130837741 mMobileStrengthId[1] = 0
D/TelephonyManagerEx(  495): getDataState
D/SignalClusterViewGemini(  495): isSimInserted(0), SimInserted=true
D/SignalClusterViewGemini(  495): mDataNetType =Type_G resId= 0 simColorId = 1
D/SignalClusterViewGemini(  495): apply, mMobileVisibleGemini=true mMobileActivityIdGemini=0 mMobileTypeIdGemini=0 mMobileStrengthIdGemini[0] = 2130837730 mMobileStrengthIdGemini[1] = 0
D/SignalClusterViewGemini(  495): isSimInserted(1), SimInserted=true
D/SignalClusterViewGemini(  495): mDataNetTypeGemini =Type_G resId= 0 simColorId = 2
D/SignalClusterViewGemini(  495): apply, mMobileVisible=true, mWifiVisible=false, mIsAirplaneMode=false
D/NetworkControllerGemini(  495): PhoneStateListener:onSignalStrengthsChanged, sim1 after.
I/BufferQueue(  125): [StatusBar](this:0x4298fd70,api:1) [release] fps:1.00, dur:1002.30, max:1002.30, min:1002.30
I/SurfaceFlinger(  125): [SurfaceFlinger] fps:1.996888,dur:1502.34,max:1002.07,min:29.80
V/Provider/Setting(  541): from settings cache , name = pdp_watchdog_poll_interval_ms value = null
D/PowerManagerService(  403): UA mLastEventTime=28470669 time=28471170 mUAAllowed=true mUserState=0x7 mWLState=0x1 mP-SensorActive=false mP-SensorEnabed=false timeoutOverride=-1 force=false
D/PowerManagerService(  403): reactivate mProxIgnored=false
D/PowerManagerService(  403): setPowerState: mPowerState=0x7 newState=0x7 noChangeLights=false reason=2
D/PowerManagerService(  403): setTimeoutLocked now=28471170 timeoutOverride=-1 nextState=3 when=28477170
D/dalvikvm(22803): threadid=24: interp stack at 0x5438e000
D/PowerManagerService(  403): UA mLastEventTime=28471170 time=28471672 mUAAllowed=true mUserState=0x7 mWLState=0x1 mP-SensorActive=false mP-SensorEnabed=false timeoutOverride=-1 force=false
D/PowerManagerService(  403): reactivate mProxIgnored=false
D/PowerManagerService(  403): setPowerState: mPowerState=0x7 newState=0x7 noChangeLights=false reason=2
D/PowerManagerService(  403): setTimeoutLocked now=28471672 timeoutOverride=-1 nextState=3 when=28477672
V/Provider/Setting(  541): from settings cache , name = pdp_watchdog_poll_interval_ms value = null
D/Settings/BW(17071): ReadCodeTask:file size: 4096
D/IPCThreadState(22803): [DN #5] BR_CLEAR_DEATH_NOTIFICATION_DONE cookie 0x542feb78
I/SurfaceTextureClient(  495): [STC::queueBuffer] (this:0x532cb118) fps:1.99, dur:1503.84, max:1001.14, min:33.13
I/BufferQueue(  125): [StatusBar](this:0x4298fd70,api:1) [queue] fps:1.99, dur:1503.99, max:1001.20, min:33.10
I/BufferQueue(  125): [StatusBar](this:0x4298fd70,api:1) [release] fps:1.99, dur:1503.89, max:1002.54, min:31.27
I/SurfaceFlinger(  125): [SurfaceFlinger] fps:1.994499,dur:1504.14,max:1002.59,min:31.09
E/InteractionController(21196): Error in scrollSwipe: Expected event not received within: 500 ms.
D/ADB_SERVICES( 5573): adb fdevent_process list (32) (47) (25) 
D/ADB_SERVICES( 5573): adb socket read list (25) 
D/ADB_SERVICES( 5573): read_data=745
D/ADB_SERVICES( 5573): max_read_time=0.000071 max_send_time=0.000063 
D/ADB_SERVICES( 5573): adb local_socket_ready list (32) (25) 
D/UIAutomatorStub(21196): URI: /jsonrpc/0, Method: POST, Header: {content-type=application/json, remote-addr=127.0.0.1, accept-encoding=identity, host=localhost:9008, content-length=117, http-client-ip=127.0.0.1}, params, {NanoHttpd.QUERY_STRING=null}, files: {postData={"params": [400, 1000, 400, 200, 100], "jsonrpc": "2.0", "method": "swipe", "id": "2b95028357950714fa030430d8d1aec9"}}
D/InteractionController(21196): scrollSwipe (400, 1000, 400, 200, 100)
D/PowerManagerService(  403): UA mLastEventTime=28471672 time=28472604 mUAAllowed=true mUserState=0x7 mWLState=0x1 mP-SensorActive=false mP-SensorEnabed=false timeoutOverride=-1 force=false
D/PowerManagerService(  403): reactivate mProxIgnored=false
D/PowerManagerService(  403): setPowerState: mPowerState=0x7 newState=0x7 noChangeLights=false reason=2
D/PowerManagerService(  403): setTimeoutLocked now=28472604 timeoutOverride=-1 nextState=3 when=28478604
D/VelocityTracker(22803): VelocityTracker: int datax = 12
D/VelocityTracker(22803): VelocityTracker: int m_velocity_magnify_x = 1.200000
D/VelocityTracker(22803): VelocityTracker: int datay = 16
D/VelocityTracker(22803): VelocityTracker: int m_velocity_magnify_y = 1.600000
D/VelocityTracker(22803): VelocityTracker: int datax = 12
D/VelocityTracker(22803): VelocityTracker: int m_velocity_magnify_x = 1.200000
D/VelocityTracker(22803): VelocityTracker: int datay = 16
D/VelocityTracker(22803): VelocityTracker: int m_velocity_magnify_y = 1.600000
D/VelocityTracker(22803): VelocityTracker: int datax = 12
D/VelocityTracker(22803): VelocityTracker: int m_velocity_magnify_x = 1.200000
D/VelocityTracker(22803): VelocityTracker: int datay = 16
D/VelocityTracker(22803): VelocityTracker: int m_velocity_magnify_y = 1.600000
I/ClipboardService(  403): Got clipboard for user=0
I/SurfaceTextureClient(22803): [STC::queueBuffer] (this:0x534956b8) fps:0.62, dur:3239.21, max:3144.95, min:94.26
I/BufferQueue(  125): [com.rarlab.rar/com.rarlab.rar.MainActivity](this:0x429aadb8,api:1) [queue] fps:0.62, dur:3239.45, max:3145.22, min:94.23
I/BufferQueue(  125): [com.rarlab.rar/com.rarlab.rar.MainActivity](this:0x429aadb8,api:1) [release] fps:0.62, dur:3226.85, max:3132.92, min:93.93
D/UiAutomatorBridge(21196): EventType: TYPE_VIEW_SCROLLED; EventTime: 28473046; PackageName: com.rarlab.rar; MovementGranularity: 0; Action: 0 [ ClassName: android.widget.ListView; Text: []; ContentDescription: null; ItemCount: 43; CurrentItemIndex: -1; IsEnabled: true; IsPassword: false; IsChecked: false; IsFullScreen: false; Scrollable: true; BeforeText: null; FromIndex: 0; ToIndex: 11; ScrollX: -1; ScrollY: -1; MaxScrollX: -1; MaxScrollY: -1; AddedCount: -1; RemovedCount: -1; ParcelableData: null ]; recordCount: 0
D/PowerManagerService(  403): UA mLastEventTime=28472604 time=28473114 mUAAllowed=true mUserState=0x7 mWLState=0x1 mP-SensorActive=false mP-SensorEnabed=false timeoutOverride=-1 force=false
D/PowerManagerService(  403): reactivate mProxIgnored=false
D/PowerManagerService(  403): setPowerState: mPowerState=0x7 newState=0x7 noChangeLights=false reason=2
D/PowerManagerService(  403): setTimeoutLocked now=28473114 timeoutOverride=-1 nextState=3 when=28479114
V/Provider/Setting(  541): from settings cache , name = pdp_watchdog_poll_interval_ms value = null
D/UiAutomatorBridge(21196): EventType: TYPE_VIEW_SCROLLED; EventTime: 28473171; PackageName: com.rarlab.rar; MovementGranularity: 0; Action: 0 [ ClassName: android.widget.ListView; Text: []; ContentDescription: null; ItemCount: 43; CurrentItemIndex: -1; IsEnabled: true; IsPassword: false; IsChecked: false; IsFullScreen: false; Scrollable: true; BeforeText: null; FromIndex: 1; ToIndex: 11; ScrollX: -1; ScrollY: -1; MaxScrollX: -1; MaxScrollY: -1; AddedCount: -1; RemovedCount: -1; ParcelableData: null ]; recordCount: 0
D/UiAutomatorBridge(21196): EventType: TYPE_VIEW_SCROLLED; EventTime: 28473422; PackageName: com.rarlab.rar; MovementGranularity: 0; Action: 0 [ ClassName: android.widget.ListView; Text: []; ContentDescription: null; ItemCount: 43; CurrentItemIndex: -1; IsEnabled: true; IsPassword: false; IsChecked: false; IsFullScreen: false; Scrollable: true; BeforeText: null; FromIndex: 1; ToIndex: 12; ScrollX: -1; ScrollY: -1; MaxScrollX: -1; MaxScrollY: -1; AddedCount: -1; RemovedCount: -1; ParcelableData: null ]; recordCount: 0
I/SurfaceFlinger(  125): [SurfaceFlinger] fps:26.939486,dur:1002.25,max:156.63,min:30.88
D/UiAutomatorBridge(21196): EventType: TYPE_VIEW_SCROLLED; EventTime: 28473547; PackageName: com.rarlab.rar; MovementGranularity: 0; Action: 0 [ ClassName: android.widget.ListView; Text: []; ContentDescription: null; ItemCount: 43; CurrentItemIndex: -1; IsEnabled: true; IsPassword: false; IsChecked: false; IsFullScreen: false; Scrollable: true; BeforeText: null; FromIndex: 2; ToIndex: 12; ScrollX: -1; ScrollY: -1; MaxScrollX: -1; MaxScrollY: -1; AddedCount: -1; RemovedCount: -1; ParcelableData: null ]; recordCount: 0
D/PowerManagerService(  403): UA mLastEventTime=28473114 time=28473618 mUAAllowed=true mUserState=0x7 mWLState=0x1 mP-SensorActive=false mP-SensorEnabed=false timeoutOverride=-1 force=false
D/PowerManagerService(  403): reactivate mProxIgnored=false
D/PowerManagerService(  403): setPowerState: mPowerState=0x7 newState=0x7 noChangeLights=false reason=2
D/PowerManagerService(  403): setTimeoutLocked now=28473618 timeoutOverride=-1 nextState=3 when=28479618
I/BufferQueue(  125): [com.rarlab.rar/com.rarlab.rar.MainActivity](this:0x429aadb8,api:1) [release] fps:30.93, dur:1002.36, max:62.49, min:31.04
I/SurfaceTextureClient(22803): [STC::queueBuffer] (this:0x534956b8) fps:31.81, dur:1037.40, max:52.09, min:7.13
I/BufferQueue(  125): [com.rarlab.rar/com.rarlab.rar.MainActivity](this:0x429aadb8,api:1) [queue] fps:31.81, dur:1037.27, max:52.12, min:6.93
D/UiAutomatorBridge(21196): EventType: TYPE_VIEW_SCROLLED; EventTime: 28473798; PackageName: com.rarlab.rar; MovementGranularity: 0; Action: 0 [ ClassName: android.widget.ListView; Text: []; ContentDescription: null; ItemCount: 43; CurrentItemIndex: -1; IsEnabled: true; IsPassword: false; IsChecked: false; IsFullScreen: false; Scrollable: true; BeforeText: null; FromIndex: 2; ToIndex: 13; ScrollX: -1; ScrollY: -1; MaxScrollX: -1; MaxScrollY: -1; AddedCount: -1; RemovedCount: -1; ParcelableData: null ]; recordCount: 0
D/UiAutomatorBridge(21196): EventType: TYPE_VIEW_SCROLLED; EventTime: 28473923; PackageName: com.rarlab.rar; MovementGranularity: 0; Action: 0 [ ClassName: android.widget.ListView; Text: []; ContentDescription: null; ItemCount: 43; CurrentItemIndex: -1; IsEnabled: true; IsPassword: false; IsChecked: false; IsFullScreen: false; Scrollable: true; BeforeText: null; FromIndex: 3; ToIndex: 13; ScrollX: -1; ScrollY: -1; MaxScrollX: -1; MaxScrollY: -1; AddedCount: -1; RemovedCount: -1; ParcelableData: null ]; recordCount: 0
I/SurfaceTextureClient(  495): [STC::queueBuffer] (this:0x532cb118) fps:1.33, dur:1504.39, max:1003.46, min:500.93
I/BufferQueue(  125): [StatusBar](this:0x4298fd70,api:1) [queue] fps:1.33, dur:1504.56, max:1003.94, min:500.62
I/BufferQueue(  125): [StatusBar](this:0x4298fd70,api:1) [release] fps:1.33, dur:1503.67, max:1002.50, min:501.17
V/Provider/Setting(  541): from settings cache , name = pdp_watchdog_poll_interval_ms value = null
D/PowerManagerService(  403): UA mLastEventTime=28473618 time=28474127 mUAAllowed=true mUserState=0x7 mWLState=0x1 mP-SensorActive=false mP-SensorEnabed=false timeoutOverride=-1 force=false
D/PowerManagerService(  403): reactivate mProxIgnored=false
D/PowerManagerService(  403): setPowerState: mPowerState=0x7 newState=0x7 noChangeLights=false reason=2
D/PowerManagerService(  403): setTimeoutLocked now=28474127 timeoutOverride=-1 nextState=3 when=28480127
D/UiAutomatorBridge(21196): EventType: TYPE_VIEW_SCROLLED; EventTime: 28474174; PackageName: com.rarlab.rar; MovementGranularity: 0; Action: 0 [ ClassName: android.widget.ListView; Text: []; ContentDescription: null; ItemCount: 43; CurrentItemIndex: -1; IsEnabled: true; IsPassword: false; IsChecked: false; IsFullScreen: false; Scrollable: true; BeforeText: null; FromIndex: 3; ToIndex: 14; ScrollX: -1; ScrollY: -1; MaxScrollX: -1; MaxScrollY: -1; AddedCount: -1; RemovedCount: -1; ParcelableData: null ]; recordCount: 0
D/IPCThreadState(  789): [DN #5] BR_CLEAR_DEATH_NOTIFICATION_DONE cookie 0x5fb9cd28
I/ConfigService(  651): onDestroy
D/UiAutomatorBridge(21196): EventType: TYPE_VIEW_SCROLLED; EventTime: 28474405; PackageName: com.rarlab.rar; MovementGranularity: 0; Action: 0 [ ClassName: android.widget.ListView; Text: []; ContentDescription: null; ItemCount: 43; CurrentItemIndex: -1; IsEnabled: true; IsPassword: false; IsChecked: false; IsFullScreen: false; Scrollable: true; BeforeText: null; FromIndex: 4; ToIndex: 14; ScrollX: -1; ScrollY: -1; MaxScrollX: -1; MaxScrollY: -1; AddedCount: -1; RemovedCount: -1; ParcelableData: null ]; recordCount: 0
I/SurfaceFlinger(  125): [SurfaceFlinger] fps:31.928789,dur:1002.23,max:31.69,min:30.82
D/UiAutomatorBridge(21196): EventType: TYPE_VIEW_SCROLLED; EventTime: 28474645; PackageName: com.rarlab.rar; MovementGranularity: 0; Action: 0 [ ClassName: android.widget.ListView; Text: []; ContentDescription: null; ItemCount: 43; CurrentItemIndex: -1; IsEnabled: true; IsPassword: false; IsChecked: false; IsFullScreen: false; Scrollable: true; BeforeText: null; FromIndex: 4; ToIndex: 15; ScrollX: -1; ScrollY: -1; MaxScrollX: -1; MaxScrollY: -1; AddedCount: -1; RemovedCount: -1; ParcelableData: null ]; recordCount: 0
D/PowerManagerService(  403): UA mLastEventTime=28474127 time=28474653 mUAAllowed=true mUserState=0x7 mWLState=0x1 mP-SensorActive=false mP-SensorEnabed=false timeoutOverride=-1 force=false
D/PowerManagerService(  403): reactivate mProxIgnored=false
D/PowerManagerService(  403): setPowerState: mPowerState=0x7 newState=0x7 noChangeLights=false reason=2
D/PowerManagerService(  403): setTimeoutLocked now=28474653 timeoutOverride=-1 nextState=3 when=28480653
I/BufferQueue(  125): [com.rarlab.rar/com.rarlab.rar.MainActivity](this:0x429aadb8,api:1) [release] fps:27.93, dur:1002.43, max:156.42, min:31.00
D/UiAutomatorBridge(21196): EventType: TYPE_WINDOW_CONTENT_CHANGED; EventTime: 28474706; PackageName: com.rarlab.rar; MovementGranularity: 0; Action: 0 [ ClassName: android.widget.FrameLayout; Text: []; ContentDescription: null; ItemCount: -1; CurrentItemIndex: -1; IsEnabled: true; IsPassword: false; IsChecked: false; IsFullScreen: false; Scrollable: false; BeforeText: null; FromIndex: -1; ToIndex: -1; ScrollX: -1; ScrollY: -1; MaxScrollX: -1; MaxScrollY: -1; AddedCount: -1; RemovedCount: -1; ParcelableData: null ]; recordCount: 0
I/SurfaceTextureClient(22803): [STC::queueBuffer] (this:0x534956b8) fps:28.37, dur:1022.38, max:146.13, min:8.19
I/BufferQueue(  125): [com.rarlab.rar/com.rarlab.rar.MainActivity](this:0x429aadb8,api:1) [queue] fps:28.37, dur:1022.24, max:146.05, min:8.07
D/chromium/tcp(22803): LogConnectStart:ssl/lh3.googleusercontent.com:443
D/chromium/tcp(22803): LogConnectStart:ssl/lh3.googleusercontent.com:443
D/chromium/tcp(22803): LogConnectEnd:ssl/lh3.googleusercontent.com:443:-1
D/chromium/tcp(22803): LogConnectEnd:ssl/lh3.googleusercontent.com:443:-1
D/FrameworkListener(  121): dispatchCommand data = (getaddrinfo lh3.googleusercontent.com ^ 1024 0 1 0)
D/libc-netbsd(  121): getaddrinfo: lh3.googleusercontent.com NO result from proxy 
D/libc-netbsd(  121): res_queryN name = lh3.googleusercontent.com, class = 1, type = 1
D/chromium/tcp(22803): LogConnectStart:ssl/lh3.googleusercontent.com:443
D/chromium/tcp(22803): LogConnectStart:ssl/lh3.googleusercontent.com:443
D/chromium/tcp(22803): LogConnectEnd:ssl/lh3.googleusercontent.com:443:-1
D/chromium/tcp(22803): LogConnectEnd:ssl/lh3.googleusercontent.com:443:-1
D/chromium/tcp(22803): LogConnectStart:ssl/lh3.googleusercontent.com:443
D/chromium/tcp(22803): LogConnectStart:ssl/lh3.googleusercontent.com:443
D/chromium/tcp(22803): LogConnectEnd:ssl/lh3.googleusercontent.com:443:-1
D/chromium/tcp(22803): LogConnectEnd:ssl/lh3.googleusercontent.com:443:-1
D/chromium/tcp(22803): LogConnectStart:ssl/lh3.googleusercontent.com:443
D/chromium/tcp(22803): LogConnectStart:ssl/lh3.googleusercontent.com:443
D/chromium/tcp(22803): LogConnectEnd:ssl/lh3.googleusercontent.com:443:-1
D/chromium/tcp(22803): LogConnectEnd:ssl/lh3.googleusercontent.com:443:-1
D/chromium/tcp(22803): LogConnectStart:ssl/lh3.googleusercontent.com:443
D/chromium/tcp(22803): LogConnectStart:ssl/lh3.googleusercontent.com:443
D/chromium/tcp(22803): LogConnectEnd:ssl/lh3.googleusercontent.com:443:-1
D/chromium/tcp(22803): LogConnectEnd:ssl/lh3.googleusercontent.com:443:-1
D/chromium/tcp(22803): LogConnectStart:ssl/lh3.googleusercontent.com:443
D/chromium/tcp(22803): LogConnectStart:ssl/lh3.googleusercontent.com:443
D/chromium/tcp(22803): LogConnectEnd:ssl/lh3.googleusercontent.com:443:-1
D/chromium/tcp(22803): LogConnectEnd:ssl/lh3.googleusercontent.com:443:-1
D/chromium/tcp(22803): LogConnectStart:ssl/pagead2.googlesyndication.com:443
D/chromium/tcp(22803): LogConnectStart:ssl/pagead2.googlesyndication.com:443
D/chromium/tcp(22803): LogConnectEnd:ssl/pagead2.googlesyndication.com:443:-1
D/chromium/tcp(22803): LogConnectEnd:ssl/pagead2.googlesyndication.com:443:-1
D/chromium/tcp(22803): LogConnectStart:ssl/pagead2.googlesyndication.com:443
D/chromium/tcp(22803): LogConnectStart:ssl/pagead2.googlesyndication.com:443
D/chromium/tcp(22803): LogConnectEnd:ssl/pagead2.googlesyndication.com:443:-1
D/chromium/tcp(22803): LogConnectEnd:ssl/pagead2.googlesyndication.com:443:-1
D/chromium/tcp(22803): LogConnectStart:ssl/pagead2.googlesyndication.com:443
D/chromium/tcp(22803): LogConnectStart:ssl/pagead2.googlesyndication.com:443
D/chromium/tcp(22803): LogConnectEnd:ssl/pagead2.googlesyndication.com:443:-1
D/chromium/tcp(22803): LogConnectEnd:ssl/pagead2.googlesyndication.com:443:-1
D/chromium/tcp(22803): LogConnectStart:ssl/pagead2.googlesyndication.com:443
D/chromium/tcp(22803): LogConnectStart:ssl/pagead2.googlesyndication.com:443
D/chromium/tcp(22803): LogConnectEnd:ssl/pagead2.googlesyndication.com:443:-1
D/chromium/tcp(22803): LogConnectEnd:ssl/pagead2.googlesyndication.com:443:-1
D/chromium/tcp(22803): LogConnectStart:ssl/fonts.gstatic.com:443
D/chromium/tcp(22803): LogConnectStart:ssl/fonts.gstatic.com:443
D/chromium/tcp(22803): LogConnectEnd:ssl/fonts.gstatic.com:443:-1
D/chromium/tcp(22803): LogConnectEnd:ssl/fonts.gstatic.com:443:-1
D/FrameworkListener(  121): dispatchCommand data = (getaddrinfo fonts.gstatic.com ^ 1024 0 1 0)
D/libc-netbsd(  121): getaddrinfo: fonts.gstatic.com NO result from proxy 
D/libc-netbsd(  121): res_queryN name = fonts.gstatic.com, class = 1, type = 1
D/chromium/tcp(22803): LogConnectStart:ssl/fonts.gstatic.com:443
D/chromium/tcp(22803): LogConnectStart:ssl/fonts.gstatic.com:443
D/chromium/tcp(22803): LogConnectEnd:ssl/fonts.gstatic.com:443:-1
D/chromium/tcp(22803): LogConnectEnd:ssl/fonts.gstatic.com:443:-1
D/chromium/tcp(22803): LogConnectStart:ssl/fonts.gstatic.com:443
D/chromium/tcp(22803): LogConnectStart:ssl/fonts.gstatic.com:443
D/chromium/tcp(22803): LogConnectEnd:ssl/fonts.gstatic.com:443:-1
D/chromium/tcp(22803): LogConnectEnd:ssl/fonts.gstatic.com:443:-1
D/UiAutomatorBridge(21196): EventType: TYPE_VIEW_SCROLLED; EventTime: 28474893; PackageName: com.rarlab.rar; MovementGranularity: 0; Action: 0 [ ClassName: android.widget.ListView; Text: []; ContentDescription: null; ItemCount: 43; CurrentItemIndex: -1; IsEnabled: true; IsPassword: false; IsChecked: false; IsFullScreen: false; Scrollable: true; BeforeText: null; FromIndex: 5; ToIndex: 15; ScrollX: -1; ScrollY: -1; MaxScrollX: -1; MaxScrollY: -1; AddedCount: -1; RemovedCount: -1; ParcelableData: null ]; recordCount: 0
V/Provider/Setting(  541): from settings cache , name = pdp_watchdog_poll_interval_ms value = null
D/PowerManagerService(  403): UA mLastEventTime=28474653 time=28475153 mUAAllowed=true mUserState=0x7 mWLState=0x1 mP-SensorActive=false mP-SensorEnabed=false timeoutOverride=-1 force=false
D/PowerManagerService(  403): reactivate mProxIgnored=false
D/PowerManagerService(  403): setPowerState: mPowerState=0x7 newState=0x7 noChangeLights=false reason=2
D/PowerManagerService(  403): setTimeoutLocked now=28475153 timeoutOverride=-1 nextState=3 when=28481153
D/libc-netbsd(  121): res_queryN name = lh3.googleusercontent.com succeed
D/SocketClient(  121): SocketClient sendDatalocked done: 222
D/SocketClient(  121): SocketClient sendDatalocked done: 
D/SocketClient(  121): SocketClient sendDatalocked done: 
D/SocketClient(  121): SocketClient sendDatalocked done: 
D/SocketClient(  121): SocketClient sendDatalocked done: 
D/SocketClient(  121): SocketClient sendDatalocked done: 
D/SocketClient(  121): SocketClient sendDatalocked done: 
D/SocketClient(  121): SocketClient sendDatalocked done: 
D/SocketClient(  121): SocketClient sendDatalocked done: 
D/SocketClient(  121): SocketClient sendDatalocked done: 
D/SocketClient(  121): SocketClient sendDatalocked done: 
D/SocketClient(  121): SocketClient sendDatalocked done: 
D/SocketClient(  121): SocketClient sendDatalocked done: 
D/SocketClient(  121): SocketClient sendDatalocked done: 
D/SocketClient(  121): SocketClient sendDatalocked done: 
D/SocketClient(  121): SocketClient sendDatalocked done: 
D/SocketClient(  121): SocketClient sendDatalocked done: 
D/libc-netbsd(22803): getaddrinfo: lh3.googleusercontent.com get result from proxy >>
V/ActivityManager(  403): Broadcast sticky: Intent { act=android.intent.action.SIG_STR flg=0x10 (has extras) } ordered=false userid=0
D/NetworkControllerGemini(  495): PhoneStateListener:onSignalStrengthsChanged, sim2 before.
D/NetworkControllerGemini(  495): PhoneStateListener:onSignalStrengthsChanged, signalStrength=4
D/NetworkControllerGemini(  495): updateDataNetType(1), DataNetType=1.
D/NetworkControllerGemini(  495): updateDataNetType(1), simColorId=2
D/TelephonyManagerEx(  495): isNetworkRoaming
D/NetworkControllerGemini(  495): updateDataNetType(1), DataNetType3G=Type_G tempDataTypeIconId= 2130837689.
D/NetworkControllerGemini(  495): isSimInserted(1), SimInserted=true
D/NetworkControllerGemini(  495): updateTelephonySignalStrength(1), regState=1
D/NetworkControllerGemini(  495): updateTelephonySignalStrength(1), hasService=true
D/TelephonyManagerEx(  495): isNetworkRoaming
D/NetworkControllerGemini(  495): updateTelephonySignalStrength(1), isRoaming=false, mInetCondition=1
D/NetworkControllerGemini(  495): updateTelephonySignalStrength(1), simColorId=2
D/NetworkControllerGemini(  495): updateTelephonySignalStrength(1), tempDataNetType = Type_G , simColorId=2  tempPhoneSignalIconId[0] = 2130837740  tempPhoneSignalIconId[1] = 0
D/NetworkControllerGemini(  495):  updateTelephonySignalStrength(1) tempSIMCUSignVisible= true
D/NetworkControllerGemini(  495): updateTelephonySignalStrength(1) mSIMCUSignVisible = true
D/NetworkControllerGemini(  495): refreshViews(1), DataConnected=false simColorId = 2
D/TelephonyManagerEx(  495): isNetworkRoaming
D/NetworkControllerGemini(  495): refreshViews(1), dataTypeIconId=0
D/NetworkControllerGemini(  495): refreshViews(1), set parameters to signal cluster view.
D/NetworkControllerGemini(  495): refreshViews(1), tempPhoneSignalIconId.0 = 2130837740  tempPhoneSignalIconId.1 = 0  tempMobileActivityIconId= 0  tempDataTypeIconId= 0
D/SignalClusterViewGemini(  495): setMobileDataIndicators(1), visible=true, strengthIcon[0] ~ [1] 2130837740 ~ 0
D/SignalClusterViewGemini(  495): setShowSimIndicator(1), showSimIndicator=false simIndicatorResource = 0
D/SignalClusterViewGemini(  495): setDataConnected(1), dataConnected=false
D/SignalClusterViewGemini(  495): setDataNetType3G(1), dataNetType=Type_G
D/SignalClusterViewGemini(  495): apply : mShowSimIndicator = false mSimIndicatorResource = 0 mShowSimIndicatorGemini = false mSimIndicatorResourceGemini = 0
D/SignalClusterViewGemini(  495): apply, mMobileVisible=true mMobileActivityId=2130837773 mMobileTypeId=2130837681 mMobileStrengthId[0] = 2130837741 mMobileStrengthId[1] = 0
D/Bluetooth HS/HF(  541): [BT][HFG] [API] mStateReceiver.onReceive(android.intent.action.SIG_STR)
D/Bluetooth HS/HF(  541): [BT][HFG] [API] mHandler.handleMessage(10)
D/TelephonyManagerEx(  495): getDataState
D/SignalClusterViewGemini(  495): isSimInserted(0), SimInserted=true
D/SignalClusterViewGemini(  495): mDataNetType =Type_G resId= 0 simColorId = 1
D/SignalClusterViewGemini(  495): apply, mMobileVisibleGemini=true mMobileActivityIdGemini=0 mMobileTypeIdGemini=0 mMobileStrengthIdGemini[0] = 2130837740 mMobileStrengthIdGemini[1] = 0
D/SignalClusterViewGemini(  495): isSimInserted(1), SimInserted=true
D/SignalClusterViewGemini(  495): mDataNetTypeGemini =Type_G resId= 0 simColorId = 2
D/SignalClusterViewGemini(  495): apply, mMobileVisible=true, mWifiVisible=false, mIsAirplaneMode=false
D/NetworkControllerGemini(  495): PhoneStateListener:onSignalStrengthsChanged, sim2 after.
I/SurfaceTextureClient(  495): [STC::queueBuffer] (this:0x532cb118) fps:1.45, dur:1382.96, max:876.73, min:506.23
I/BufferQueue(  125): [StatusBar](this:0x4298fd70,api:1) [queue] fps:1.45, dur:1383.45, max:877.40, min:506.05
I/BufferQueue(  125): [StatusBar](this:0x4298fd70,api:1) [release] fps:1.45, dur:1378.13, max:877.01, min:501.12
I/SurfaceFlinger(  125): [SurfaceFlinger] fps:28.935772,dur:1002.22,max:125.33,min:30.89
