V/NetworkPolicy(  403): updateNetworkEnabledLocked()
V/NetworkPolicy(  403):  checking policy:NetworkPolicy[NetworkTemplate: matchRule=WIFI, networkId=Optimus G Pro_4985, mSimId=0]: cycleDay=-1, cycleTimezone=UTC, warningBytes=-1, limitBytes=-1, lastWarningSnooze=-1, lastLimitSnooze=-1, metered=true, inferred=true, active=false
V/NetworkPolicy(  403):  this is wifi policy
V/NetworkPolicy(  403):  checking policy:NetworkPolicy[NetworkTemplate: matchRule=MOBILE_ALL, subscriberId=255017...]: cycleDay=23, cycleTimezone=Europe/Kiev, warningBytes=2147483648, limitBytes=-1, lastWarningSnooze=-1, lastLimitSnooze=-1, metered=true, inferred=false, active=true
V/NetworkPolicy(  403):  ignore setNetworkTemplateEnabled
V/NetworkPolicy(  403):  checking policy:NetworkPolicy[NetworkTemplate: matchRule=MOBILE_ALL, subscriberId=255071...]: cycleDay=5, cycleTimezone=Europe/Kiev, warningBytes=519045120, limitBytes=-1, lastWarningSnooze=-1, lastLimitSnooze=-1, metered=true, inferred=false, active=false
V/NetworkPolicy(  403):  ignore this policy
V/NetworkPolicy(  403):  checking policy:NetworkPolicy[NetworkTemplate: matchRule=MOBILE_ALL, subscriberId=255061...]: cycleDay=30, cycleTimezone=Europe/Kiev, warningBytes=3758096384, limitBytes=-1, lastWarningSnooze=-1, lastLimitSnooze=-1, metered=true, inferred=true, active=false
V/NetworkPolicy(  403):  ignore this policy
V/NetworkPolicy(  403):  checking policy:NetworkPolicy[NetworkTemplate: matchRule=MOBILE_ALL, subscriberId=255071...]: cycleDay=19, cycleTimezone=Europe/Kiev, warningBytes=12582912, limitBytes=50331648, lastWarningSnooze=-1, lastLimitSnooze=-1, metered=true, inferred=false, active=false
V/NetworkPolicy(  403):  ignore this policy
V/NetworkPolicy(  403): updateNotificationsLocked()
D/NetworkPolicy(  403):  checking policy:NetworkPolicy[NetworkTemplate: matchRule=WIFI, networkId=Optimus G Pro_4985, mSimId=0]: cycleDay=-1, cycleTimezone=UTC, warningBytes=-1, limitBytes=-1, lastWarningSnooze=-1, lastLimitSnooze=-1, metered=true, inferred=true, active=false
D/NetworkPolicy(  403):  ignore this policy
D/NetworkPolicy(  403):  checking policy:NetworkPolicy[NetworkTemplate: matchRule=MOBILE_ALL, subscriberId=255017...]: cycleDay=23, cycleTimezone=Europe/Kiev, warningBytes=2147483648, limitBytes=-1, lastWarningSnooze=-1, lastLimitSnooze=-1, metered=true, inferred=false, active=true
D/PhoneInterfaceManager(  541): getSimState
D/PhoneInterfaceManager(  541): getSubscriberId
D/PhoneInterfaceManager(  541): getSubscriberInfo
V/NetworkPolicy(  403):  getTotalBytes mNetworkStats:com.android.server.net.NetworkStatsService@42e12238
V/Provider/Setting(  403): from settings cache , name = netstats_report_xt_over_dev value = null
V/NetworkPolicy(  403):  getTotalBytes:93227872
D/NetworkPolicy(  403): NotificationsLocked totalBytes:93227872  start=1442955600000  end=1443358495456
D/NetworkPolicy(  403):  checking policy:NetworkPolicy[NetworkTemplate: matchRule=MOBILE_ALL, subscriberId=255071...]: cycleDay=5, cycleTimezone=Europe/Kiev, warningBytes=519045120, limitBytes=-1, lastWarningSnooze=-1, lastLimitSnooze=-1, metered=true, inferred=false, active=false
V/NetworkPolicy(  403): isTemplateRelevant getSlotById =-1
D/NetworkPolicy(  403):  ignore this policy
D/NetworkPolicy(  403):  checking policy:NetworkPolicy[NetworkTemplate: matchRule=MOBILE_ALL, subscriberId=255061...]: cycleDay=30, cycleTimezone=Europe/Kiev, warningBytes=3758096384, limitBytes=-1, lastWarningSnooze=-1, lastLimitSnooze=-1, metered=true, inferred=true, active=false
D/PhoneInterfaceManager(  541): getSimState
D/PhoneInterfaceManager(  541): getSubscriberId
D/PhoneInterfaceManager(  541): getSubscriberInfo
D/NetworkPolicy(  403):  ignore this policy
D/NetworkPolicy(  403):  checking policy:NetworkPolicy[NetworkTemplate: matchRule=MOBILE_ALL, subscriberId=255071...]: cycleDay=19, cycleTimezone=Europe/Kiev, warningBytes=12582912, limitBytes=50331648, lastWarningSnooze=-1, lastLimitSnooze=-1, metered=true, inferred=false, active=false
V/NetworkPolicy(  403): isTemplateRelevant getSlotById =-1
D/NetworkPolicy(  403):  ignore this policy
D/dalvikvm(22904): create interp thread : stack size=32KB
D/dalvikvm(22904): create new thread
D/dalvikvm(22904): new thread created
D/dalvikvm(22904): update thread list
D/dalvikvm(22904): threadid=11: interp stack at 0x51f41000
D/dalvikvm(22904): threadid=11: created from interp
D/dalvikvm(22904): start new thread
D/dalvikvm(22904): threadid=11: notify debugger
D/dalvikvm(22904): threadid=11 (IntentService[KeyChainService]): calling run()
D/dalvikvm(17365): create interp thread : stack size=32KB
D/dalvikvm(17365): create new thread
D/dalvikvm(17365): new thread created
D/dalvikvm(17365): update thread list
D/dalvikvm(17365): threadid=11: interp stack at 0x516d8000
D/dalvikvm(17365): threadid=11: created from interp
D/dalvikvm(17365): start new thread
D/dalvikvm(17365): threadid=11: notify debugger
D/dalvikvm(17365): threadid=11 (IntentService[CompatibilityService]): calling run()
D/ThemeReceiver(17071): delete theme: com.rarlab.rar
D/ThemeProvider(17071): Enter query()
D/ThemeProvider(17071): query(): uri: content://com.mediatek.thememanager.ThemeProvider/theme
D/ThemeProvider(17071): Leave query()
D/ThemeProvider(17071): Enter delete()
D/IPCThreadState(  403): [DN #5] BR_CLEAR_DEATH_NOTIFICATION_DONE cookie 0x58131560
D/ContactsProvider( 6247): performBackgroundTask()- **** task=8
D/dalvikvm(22904): threadid=11: exiting
D/dalvikvm(22904): threadid=11: bye!
D/IPCThreadState(  403): [DN #5] BR_CLEAR_DEATH_NOTIFICATION_DONE cookie 0x57fa6fc8
D/dalvikvm(17365): threadid=11: exiting
D/dalvikvm(17365): threadid=11: bye!
V/AlarmManager(  403): set: Alarm{43c5baa0 type 0 com.android.vending}
V/AlarmManager(  403): Adding alarm Alarm{43c5baa0 type 0 com.android.vending} at 0
V/AlarmManager(  403): alarms: 22 type: 0
V/AlarmManager(  403): 0: Sep 27 03:55:10 pm com.android.vending
V/AlarmManager(  403): 1: Sep 27 04:03:54 pm com.viber.voip
V/AlarmManager(  403): 2: Sep 27 04:08:37 pm com.google.android.gms
V/AlarmManager(  403): 3: Sep 27 05:30:41 pm com.google.android.gms
V/AlarmManager(  403): 4: Sep 27 06:43:28 pm com.viber.voip
V/AlarmManager(  403): 5: Sep 27 06:43:29 pm com.viber.voip
V/AlarmManager(  403): 6: Sep 27 08:19:07 pm com.android.vending
V/AlarmManager(  403): 7: Sep 28 12:00:00 am com.google.android.gms
V/AlarmManager(  403): 8: Sep 28 12:00:30 am com.socialnmobile.dictapps.notepad.color.note
V/AlarmManager(  403): 9: Sep 28 02:50:19 am com.socialnmobile.dictapps.notepad.color.note
V/AlarmManager(  403): 10: Sep 28 05:37:09 am com.google.android.gms
V/AlarmManager(  403): 11: Sep 28 06:00:00 am com.android.settings
V/AlarmManager(  403): 12: Sep 28 07:30:00 am com.android.deskclock
V/AlarmManager(  403): 13: Sep 28 07:30:00 am com.android.deskclock
V/AlarmManager(  403): 14: Sep 28 09:45:00 am com.android.providers.calendar
V/AlarmManager(  403): 15: Sep 28 09:45:01 am com.google.android.calendar
V/AlarmManager(  403): 16: Sep 28 09:46:00 am com.android.providers.calendar
V/AlarmManager(  403): 17: Sep 28 10:00:00 am com.perm.kate_new_2
V/AlarmManager(  403): 18: Sep 28 10:45:32 am com.google.android.gms
V/AlarmManager(  403): 19: Sep 28 11:12:02 pm com.google.android.gms
V/AlarmManager(  403): 20: Oct 01 09:57:28 pm com.google.android.gms
V/AlarmManager(  403): 21: Oct 03 03:36:00 pm com.google.android.partnersetup
V/AlarmManager(  403): Native set alarm :Alarm{43c5baa0 type 0 com.android.vending}
D/dalvikvm( 6247): threadid=22: exiting
D/dalvikvm( 6247): threadid=22: bye!
I/ActivityManager(  403): No longer want com.google.android.partnersetup (pid 22715): hidden #16
D/dalvikvm(  403): GC_EXPLICIT freed 774K, 29% free 34810K/48839K, paused 20ms+38ms, total 264ms
D/IPCThreadState(  403): [DN #5] BR_DEAD_BINDER cookie 0x56fe3fe8
V/ActivityManager(  403): Death received in com.android.server.am.ActivityManagerService$AppDeathRecipient@43b6a0d0 for thread android.os.BinderProxy@436e5138
V/ActivityManager(  403): Dying app: ProcessRecord{437e0ec0 22715:com.google.android.partnersetup/u0a28}, pid: 22715, thread: android.os.BinderProxy@436e5138
V/ActivityManager(  403): Removing app ProcessRecord{437e0ec0 0:com.google.android.partnersetup/u0a28} from list [ActivityRecord{4378d908 com.android.phone/.InCallScreen}, ActivityRecord{42e64c38 com.android.contacts/.activities.DialtactsActivity}, ActivityRecord{42e90fc8 com.android.launcher/com.android.launcher2.Launcher}] with 3 entries
V/ActivityManager(  403): Record #2 ActivityRecord{42e90fc8 com.android.launcher/com.android.launcher2.Launcher}: app=ProcessRecord{42e86b28 630:com.android.launcher/u0a34}
V/ActivityManager(  403): Record #1 ActivityRecord{42e64c38 com.android.contacts/.activities.DialtactsActivity}: app=ProcessRecord{42f55da0 20773:com.android.contacts/u0a5}
V/ActivityManager(  403): Record #0 ActivityRecord{4378d908 com.android.phone/.InCallScreen}: app=ProcessRecord{42e55fb0 541:com.android.phone/1001}
V/ActivityManager(  403): Removing app ProcessRecord{437e0ec0 0:com.google.android.partnersetup/u0a28} from list [] with 0 entries
V/ActivityManager(  403): Removing app ProcessRecord{437e0ec0 0:com.google.android.partnersetup/u0a28} from list [] with 0 entries
V/ActivityManager(  403): Removing app ProcessRecord{437e0ec0 0:com.google.android.partnersetup/u0a28} from list [] with 0 entries
V/ActivityManager(  403): Removing app ProcessRecord{437e0ec0 0:com.google.android.partnersetup/u0a28} from list [] with 0 entries
D/IPCThreadState(  403): [DN #5] BR_CLEAR_DEATH_NOTIFICATION_DONE cookie 0x56fe3fe8
W/ADB_SERVICES( 5573): terminating JDWP 22715 connection: Try again
D/ADB_SERVICES( 5573): remove pid 22715 to jdwp process list
E/NetworkScheduler.SchedulerReceiver(  651): Invalid parameter app
E/NetworkScheduler.SchedulerReceiver(  651): Invalid package name : Perhaps you didn't include a PendingIntent in the extras?
D/PowerManagerService(  403): acquireWakeLock flags=0x1 tag=*net_scheduler*
D/MobileDataStateTracker(  403): default: getNetworkInfo: updated IsAvailable=true
D/MobileDataStateTracker(  403): default: getNetworkInfo: updated IsAvailable=true
D/ConnectivityService(  403): getActiveNetworkInfo:NetworkInfo: type: mobile[EDGE], state: CONNECTED/CONNECTED, reason: dataEnabled, extra: www.mts.com.ua, roaming: false, failover: false, isAvailable: true, simId: 0/10027
V/ActivityManager(  403): Broadcast: Intent { act=com.google.android.gms.nearby.settings.MESSAGES_OPT_IN_CHANGE flg=0x10 (has extras) } ordered=false userid=0
D/MobileDataStateTracker(  403): default: getNetworkInfo: updated IsAvailable=true
D/MobileDataStateTracker(  403): default: getNetworkInfo: updated IsAvailable=true
D/TelephonyManager(  403): getDefaultSim is sim1
D/TelephonyManager(  403): getDefaultSim is sim1
V/AlarmManager(  403): set: Alarm{42e98930 type 2 com.google.android.gms}
V/AlarmManager(  403): Adding alarm Alarm{42e98930 type 2 com.google.android.gms} at 8
V/AlarmManager(  403): alarms: 24 type: 2
V/AlarmManager(  403): 0: Jan 02 03:20:11 am com.android.phone
V/AlarmManager(  403): 1: Jan 02 03:21:22 am com.google.android.gms
V/AlarmManager(  403): 2: Jan 02 03:21:23 am com.google.android.gms
V/AlarmManager(  403): 3: Jan 02 03:22:31 am com.google.android.gms
V/AlarmManager(  403): 4: Jan 02 03:24:33 am com.facebook.lite
V/AlarmManager(  403): 5: Jan 02 03:45:00 am com.google.android.gms
V/AlarmManager(  403): 6: Jan 02 04:11:19 am com.google.android.gms
V/AlarmManager(  403): 7: Jan 02 04:11:40 am android
V/AlarmManager(  403): 8: Jan 02 05:02:35 am com.google.android.gms
V/AlarmManager(  403): 9: Jan 02 06:01:04 am com.google.android.location
V/AlarmManager(  403): 10: Jan 02 06:07:29 am com.google.android.gms
V/AlarmManager(  403): 11: Jan 02 06:11:14 am com.google.android.gms
V/AlarmManager(  403): 12: Jan 02 09:15:00 am android
V/AlarmManager(  403): 13: Jan 02 03:15:00 pm android
V/AlarmManager(  403): 14: Jan 02 11:01:42 pm com.google.android.location
V/AlarmManager(  403): 15: Jan 03 03:15:00 am com.google.android.gms
V/AlarmManager(  403): 16: Jan 12 03:16:22 am com.google.android.gms
V/AlarmManager(  403): 17: Dec 30 03:00:30 am com.google.android.gms
V/AlarmManager(  403): 18: Dec 30 03:00:31 am com.google.android.gms
V/AlarmManager(  403): 19: Dec 30 03:00:31 am com.google.android.gms
V/AlarmManager(  403): 20: Dec 30 03:00:31 am com.google.android.gms
V/AlarmManager(  403): 21: Dec 30 03:00:31 am com.google.android.gms
V/AlarmManager(  403): 22: Dec 30 03:00:44 am com.google.android.gms
V/AlarmManager(  403): 23: Dec 30 06:11:06 am com.google.android.gms
D/AndroidRuntime(22883): Shutting down VM
D/dalvikvm(22883): threadid=1: bye!
D/dalvikvm(22883): DestroyJavaVM waiting for non-daemon threads to exit
D/dalvikvm(22883): threadid=1: interp stack at 0x4fe22000
D/PowerManagerService(  403): releaseWakeLock flags=0x1 tag=*net_scheduler* total_time=19ms
D/ADB_SERVICES( 5573): adb socket read list (25) (44) 
D/IPCThreadState(  403): [DN #5] BR_CLEAR_DEATH_NOTIFICATION_DONE cookie 0x5b3fb270
D/ADB_SERVICES( 5573): read_data=285
D/ADB_SERVICES( 5573): max_read_time=0.000064 max_send_time=0.000062 
D/dalvikvm(22883): threadid=10: bye!
D/dalvikvm(22883): threadid=9: last non-daemon thread
D/dalvikvm(22883): threadid=9: bye!
D/dalvikvm(22883): DestroyJavaVM shutting VM down
D/dalvikvm(22883): VM shutting down
I/AndroidRuntime(22883): NOTE: attach of thread 'Binder_3' failed
D/ADB_SERVICES( 5573): adb local_socket_ready list (25) (44) 
D/dalvikvm(22883): GC_CONCURRENT freed 96K, 77% free 476K/2048K, paused 0ms+0ms, total 2ms
D/dalvikvm(22883): threadid=5: bye!
D/jdwp    (22883): JDWP shutting down net...
D/jdwp    (22883): adbStateShutdown
D/jdwp    (22883): +++ writing to wakePipe
E/jdwp    (22883): jdwp::setsockopt(SO_SNDTIMEO)
E/jdwp    (22883): jdwp::setsockopt(SO_RCVTIMEO)
D/jdwp    (22883): JDWP: thread exiting
D/dalvikvm(22883): threadid=7: bye!
D/jdwp    (22883): JDWP freeing netstate...
I/dalvikvm(22883): threadid=6: ignore signal 3
W/ADB_SERVICES( 5573): terminating JDWP 22883 connection: Try again
D/ADB_SERVICES( 5573): remove pid 22883 to jdwp process list
D/dalvikvm(22883): threadid=6: bye!
D/dalvikvm(22883): 88 compilations using 4096 + 10420 bytes
D/dalvikvm(22883): Compiler arena uses 6 blocks (8100 bytes each)
D/dalvikvm(22883): Compiler work queue length is 0/0
D/dalvikvm(22883): JIT: table size is 4096, entries used is 94
D/dalvikvm(22883): JIT: 94 traces, 4096 slots, 1 chains, 40 thresh, Non-blocking
D/dalvikvm(22883): JIT: 53 Translation chains, 6 interp stubs
D/dalvikvm(22883): dalvik.vm.jit.op = 0-2,7,a,c,e-f,11-14,1c-1e,21,23,28,2c,32-39,44,48-49,4b,4d,50,62,70-71,8e,90-91,95-96,b0-b1,b5,d5,d8,da,dd,e0-e1,ee,f0-f2,f4-f5,f8,
D/dalvikvm(22883): Code size stats: 0/364 (compiled/total Dalvik), 0 (native)
D/dalvikvm(22883): Compiler thread shutting down
D/dalvikvm(22883): threadid=8: bye!
D/dalvikvm(22883): Compiler thread has shut down
D/dalvikvm(16112): create interp thread : stack size=32KB
D/dalvikvm(16112): create new thread
D/dalvikvm(22883): threadid=1: suspending daemon id=4 name='FinalizerWatchdogDaemon'
D/dalvikvm(22883): threadid=1: suspending daemon id=3 name='FinalizerDaemon'
D/dalvikvm(22883): threadid=1: suspending daemon id=2 name='ReferenceQueueDaemon'
D/dalvikvm(16112): new thread created
D/dalvikvm(16112): update thread list
D/dalvikvm(16112): threadid=11: interp stack at 0x516d9000
D/dalvikvm(16112): threadid=11: created from interp
D/dalvikvm(16112): start new thread
D/dalvikvm(16112): threadid=11: notify debugger
D/dalvikvm(16112): threadid=11 (IntentService[DefaultContainerService]): calling run()
D/dalvikvm(  789): create interp thread : stack size=32KB
D/dalvikvm(  789): create new thread
D/dalvikvm(  789): new thread created
D/dalvikvm(  789): update thread list
D/dalvikvm(  789): threadid=66: interp stack at 0x5f296000
D/dalvikvm(  789): threadid=66: created from interp
D/dalvikvm(  789): start new thread
D/dalvikvm(  789): threadid=66: notify debugger
D/dalvikvm(  789): threadid=66 (IntentService[PackageBroadcastService]): calling run()
D/ChimeraCfgMgr(  789): Loading module com.google.android.gms.games from APK com.google.android.gms
D/PackageBroadcastService(  789): Received broadcast action=android.intent.action.PACKAGE_REMOVED and uri=com.rarlab.rar
D/AccountUtils(  789): Clearing selected account for com.rarlab.rar
D/dalvikvm(  789): create interp thread : stack size=32KB
D/dalvikvm(  789): create new thread
D/dalvikvm(  789): new thread created
D/dalvikvm(  789): update thread list
D/dalvikvm(  789): threadid=67: interp stack at 0x5f29e000
D/dalvikvm(  789): threadid=67: created from interp
D/dalvikvm(  789): start new thread
D/dalvikvm(  789): threadid=67: notify debugger
D/dalvikvm(  789): threadid=67 (AsyncOperationService[DriveAsyncService]): calling run()
D/dalvikvm(  789): create interp thread : stack size=32KB
D/dalvikvm(  789): create new thread
D/dalvikvm(  789): new thread created
D/dalvikvm(  789): update thread list
D/dalvikvm(  789): threadid=68: interp stack at 0x5fb92000
D/dalvikvm(  789): threadid=68: created from interp
D/dalvikvm(  789): start new thread
D/dalvikvm(  789): threadid=68: notify debugger
D/dalvikvm(  789): threadid=68 (IntentService[ClearHelpHistoryIntentService]): calling run()
D/dalvikvm(16112): threadid=11: exiting
D/dalvikvm(16112): threadid=11: bye!
W/SchedPolicy(  403): add_tid_to_cgroup failed to write '22920', len = 5, fd = 32, err = 3
I/LocationSettingsChecker(  789): Removing dialog suppression flag for package com.rarlab.rar
D/GOOGLEHELP_CompatibleDatabase(  789): Open SQLiteDatabase: /data/data/com.google.android.gms/databases/metrics.db, release reference: 1
D/GOOGLEHELP_CompatibleDatabase(  789): Acquire reference of SQLiteDatabase: /data/data/com.google.android.gms/databases/metrics.db: 2
D/gH_MetricsDatabase(  789): 0 metrics were deleted when clearing package com.rarlab.rar.
D/GOOGLEHELP_CompatibleDatabase(  789): Release reference of SQLiteDatabase: /data/data/com.google.android.gms/databases/metrics.db: 1
D/GOOGLEHELP_CompatibleDatabase(  789): Open SQLiteDatabase: /data/data/com.google.android.gms/databases/help_responses.db, release reference: 1
D/GOOGLEHELP_CompatibleDatabase(  789): Acquire reference of SQLiteDatabase: /data/data/com.google.android.gms/databases/help_responses.db: 2
D/GOOGLEHELP_CompatibleDatabase(  789): Release reference of SQLiteDatabase: /data/data/com.google.android.gms/databases/help_responses.db: 1
D/IPCThreadState(  789): [DN #5] BR_CLEAR_DEATH_NOTIFICATION_DONE cookie 0x5ff431a0
D/dalvikvm(  789): create interp thread : stack size=32KB
D/dalvikvm(  789): create new thread
D/dalvikvm(  789): new thread created
D/dalvikvm(  789): update thread list
D/dalvikvm(  789): threadid=69: interp stack at 0x5fbc0000
D/dalvikvm(  789): threadid=69: created from interp
D/dalvikvm(  789): start new thread
D/dalvikvm(  789): threadid=69: notify debugger
D/dalvikvm(  789): threadid=69 (AsyncOperationService[AppStateIntentService]): calling run()
D/IPCThreadState(  403): [DN #5] BR_CLEAR_DEATH_NOTIFICATION_DONE cookie 0x583fdec8
D/GOOGLEHELP_CompatibleDatabase(  789): Open SQLiteDatabase: /data/data/com.google.android.gms/databases/auto_complete_suggestions.db, release reference: 1
D/GOOGLEHELP_CompatibleDatabase(  789): Acquire reference of SQLiteDatabase: /data/data/com.google.android.gms/databases/auto_complete_suggestions.db: 2
D/GOOGLEHELP_CompatibleDatabase(  789): Release reference of SQLiteDatabase: /data/data/com.google.android.gms/databases/auto_complete_suggestions.db: 1
D/GOOGLEHELP_CompatibleDatabase(  789): Close SQLiteDatabase: /data/data/com.google.android.gms/databases/metrics.db, release reference: 0
D/GOOGLEHELP_CompatibleDatabase(  789): Close SQLiteDatabase: /data/data/com.google.android.gms/databases/help_responses.db, release reference: 0
D/GOOGLEHELP_CompatibleDatabase(  789): Close SQLiteDatabase: /data/data/com.google.android.gms/databases/auto_complete_suggestions.db, release reference: 0
D/PowerManagerService(  403): acquireWakeLock flags=0x1 tag=wake:com.google.android.gms/.config.ConfigFetchService
I/ConfigService(  651): onCreate
D/dalvikvm(  651): create interp thread : stack size=32KB
D/dalvikvm(  651): create new thread
D/dalvikvm(  651): new thread created
D/dalvikvm(  651): update thread list
I/ConfigFetchService(  789): onStartCommand Intent { act=android.intent.action.PACKAGE_REMOVED dat=package:com.rarlab.rar cmp=com.google.android.gms/.config.ConfigFetchService (has extras) }
D/PowerManagerService(  403): releaseWakeLock flags=0x1 tag=wake:com.google.android.gms/.config.ConfigFetchService total_time=5ms
D/IPCThreadState(  403): [DN #5] BR_CLEAR_DEATH_NOTIFICATION_DONE cookie 0x5897d490
D/dalvikvm(  651): threadid=53: interp stack at 0x5806e000
D/dalvikvm(  651): threadid=53: created from interp
D/dalvikvm(  651): start new thread
D/dalvikvm(  651): threadid=53: notify debugger
D/dalvikvm(  651): threadid=53 (Thread-2539): calling run()
D/dalvikvm(  730): create interp thread : stack size=32KB
D/dalvikvm(  730): create new thread
D/dalvikvm(  730): new thread created
D/dalvikvm(  730): update thread list
D/dalvikvm(  730): threadid=48: interp stack at 0x55f1c000
D/dalvikvm(  730): threadid=48: created from interp
D/dalvikvm(  730): start new thread
D/dalvikvm(  730): threadid=48: notify debugger
D/dalvikvm(  730): threadid=48 (IntentService[FitCleanupService]): calling run()
D/dalvikvm(  730): threadid=48: exiting
D/dalvikvm(  730): threadid=48: bye!
W/SchedPolicy(  403): add_tid_to_cgroup failed to write '22926', len = 5, fd = 32, err = 3
D/dalvikvm(  651): threadid=53: exiting
D/dalvikvm(  651): threadid=53: bye!
D/dalvikvm(  651): GC_CONCURRENT freed 906K, 10% free 13744K/15175K, paused 2ms+5ms, total 37ms
D/dalvikvm(22883): threadid=1: all daemons have suspended
D/dalvikvm(22883): VM cleaning up
D/dalvikvm(22883): LinearAlloc 0x0 used 975644 of 16777216 (5%)
I/IspDrv  (22883): {IspDrv} [~IspDrvImp] 
D/ADB_SERVICES( 5573):  closing because is_eof=1 r=-1 s->fde.force_eof=0
D/dalvikvm(  403): GC_CONCURRENT freed 2488K, 30% free 34369K/48839K, paused 4ms+9ms, total 91ms
D/dalvikvm(  403): WAIT_FOR_CONCURRENT_GC blocked 77ms
D/dalvikvm(21196): threadid=13: exiting
D/dalvikvm(21196): threadid=13: bye!
D/PowerManagerService(  403): releaseWakeLock flags=0x1 tag=NetworkStats total_time=632ms
I/SurfaceFlinger(  125): [SurfaceFlinger] fps:5.586993,dur:1252.91,max:501.02,min:31.39
W/ADB_SERVICES( 5573): create_local_service_socket() name=shell:export ANDROID_LOG_TAGS="''"; exec logcat '-d'
W/ADB_SERVICES(22927): adb: unable to open /proc/22927/oom_adj
V/Provider/Setting(  541): from settings cache , name = pdp_watchdog_poll_interval_ms value = null
D/dalvikvm(  789): threadid=68: exiting
D/dalvikvm(  789): threadid=68: bye!
D/dalvikvm(  789): create interp thread : stack size=32KB
D/dalvikvm(  789): create new thread
D/dalvikvm(  789): new thread created
D/dalvikvm(  789): update thread list
D/dalvikvm(  789): threadid=68: interp stack at 0x5fb92000
D/dalvikvm(  789): threadid=68: created from interp
D/dalvikvm(  789): start new thread
D/dalvikvm(  789): threadid=68: notify debugger
D/dalvikvm(  789): threadid=68 (IntentService[PeopleBackgroundTasks]): calling run()
I/PeopleContactsSync(  789): CP2 sync disabled
D/PowerManagerService(  403): acquireWakeLock flags=0x1 tag=Icing
D/dalvikvm(  789): threadid=66: exiting
D/dalvikvm(  789): threadid=68: exiting
D/dalvikvm(  789): threadid=67: exiting
D/dalvikvm(  789): threadid=69: exiting
D/dalvikvm(  789): threadid=66: bye!
D/dalvikvm(  789): threadid=68: bye!
D/dalvikvm(  789): threadid=67: bye!
I/Icing   (  789): doRemovePackageData com.rarlab.rar
D/dalvikvm(  789): threadid=69: bye!
W/SchedPolicy(  403): add_tid_to_cgroup failed to write '22922', len = 5, fd = 32, err = 3
W/SchedPolicy(  403): add_tid_to_cgroup failed to write '22924', len = 5, fd = 32, err = 3
D/PowerManagerService(  403): releaseWakeLock flags=0x1 tag=Icing total_time=5ms
D/IPCThreadState(  403): [DN #5] BR_CLEAR_DEATH_NOTIFICATION_DONE cookie 0x5897d490
