D/PowerManagerService(  403): UA mLastEventTime=28475153 time=28475682 mUAAllowed=true mUserState=0x7 mWLState=0x1 mP-SensorActive=false mP-SensorEnabed=false timeoutOverride=-1 force=false
D/PowerManagerService(  403): reactivate mProxIgnored=false
D/PowerManagerService(  403): setPowerState: mPowerState=0x7 newState=0x7 noChangeLights=false reason=2
D/PowerManagerService(  403): setTimeoutLocked now=28475682 timeoutOverride=-1 nextState=3 when=28481682
I/BufferQueue(  125): [com.rarlab.rar/com.rarlab.rar.MainActivity](this:0x429aadb8,api:1) [release] fps:31.93, dur:1002.20, max:31.69, min:30.96
I/SurfaceTextureClient(22803): [STC::queueBuffer] (this:0x534956b8) fps:32.10, dur:1027.90, max:38.20, min:23.60
I/BufferQueue(  125): [com.rarlab.rar/com.rarlab.rar.MainActivity](this:0x429aadb8,api:1) [queue] fps:32.11, dur:1027.86, max:36.49, min:23.62
I/AbsListView(22803): Fling from scroll with initialVelocity = -393,mActivePointerId = 0,mFirstPosition = 7,firstChildTop = -60,this = android.widget.ListView@42b18e20
D/UiAutomatorBridge(21196): EventType: TYPE_VIEW_SCROLLED; EventTime: 28475143; PackageName: com.rarlab.rar; MovementGranularity: 0; Action: 0 [ ClassName: android.widget.ListView; Text: []; ContentDescription: null; ItemCount: 43; CurrentItemIndex: -1; IsEnabled: true; IsPassword: false; IsChecked: false; IsFullScreen: false; Scrollable: true; BeforeText: null; FromIndex: 5; ToIndex: 16; ScrollX: -1; ScrollY: -1; MaxScrollX: -1; MaxScrollY: -1; AddedCount: -1; RemovedCount: -1; ParcelableData: null ]; recordCount: 0
D/UiAutomatorBridge(21196): EventType: TYPE_VIEW_SCROLLED; EventTime: 28475269; PackageName: com.rarlab.rar; MovementGranularity: 0; Action: 0 [ ClassName: android.widget.ListView; Text: []; ContentDescription: null; ItemCount: 43; CurrentItemIndex: -1; IsEnabled: true; IsPassword: false; IsChecked: false; IsFullScreen: false; Scrollable: true; BeforeText: null; FromIndex: 6; ToIndex: 16; ScrollX: -1; ScrollY: -1; MaxScrollX: -1; MaxScrollY: -1; AddedCount: -1; RemovedCount: -1; ParcelableData: null ]; recordCount: 0
D/UiAutomatorBridge(21196): EventType: TYPE_VIEW_SCROLLED; EventTime: 28475521; PackageName: com.rarlab.rar; MovementGranularity: 0; Action: 0 [ ClassName: android.widget.ListView; Text: []; ContentDescription: null; ItemCount: 43; CurrentItemIndex: -1; IsEnabled: true; IsPassword: false; IsChecked: false; IsFullScreen: false; Scrollable: true; BeforeText: null; FromIndex: 6; ToIndex: 17; ScrollX: -1; ScrollY: -1; MaxScrollX: -1; MaxScrollY: -1; AddedCount: -1; RemovedCount: -1; ParcelableData: null ]; recordCount: 0
D/UiAutomatorBridge(21196): EventType: TYPE_VIEW_SCROLLED; EventTime: 28475645; PackageName: com.rarlab.rar; MovementGranularity: 0; Action: 0 [ ClassName: android.widget.ListView; Text: []; ContentDescription: null; ItemCount: 43; CurrentItemIndex: -1; IsEnabled: true; IsPassword: false; IsChecked: false; IsFullScreen: false; Scrollable: true; BeforeText: null; FromIndex: 7; ToIndex: 17; ScrollX: -1; ScrollY: -1; MaxScrollX: -1; MaxScrollY: -1; AddedCount: -1; RemovedCount: -1; ParcelableData: null ]; recordCount: 0
D/dalvikvm(21196): GC_CONCURRENT freed 449K, 78% free 941K/4099K, paused 1ms+1ms, total 11ms
D/UiAutomatorBridge(21196): EventType: TYPE_VIEW_SCROLLED; EventTime: 28475896; PackageName: com.rarlab.rar; MovementGranularity: 0; Action: 0 [ ClassName: android.widget.ListView; Text: []; ContentDescription: null; ItemCount: 43; CurrentItemIndex: -1; IsEnabled: true; IsPassword: false; IsChecked: false; IsFullScreen: false; Scrollable: true; BeforeText: null; FromIndex: 7; ToIndex: 18; ScrollX: -1; ScrollY: -1; MaxScrollX: -1; MaxScrollY: -1; AddedCount: -1; RemovedCount: -1; ParcelableData: null ]; recordCount: 0
D/UIAutomatorStub(21196): URI: /jsonrpc/0, Method: POST, Header: {content-type=application/json, remote-addr=127.0.0.1, accept-encoding=identity, host=localhost:9008, content-length=114, http-client-ip=127.0.0.1}, params, {NanoHttpd.QUERY_STRING=null}, files: {postData={"params": [5, 100, 500, 100, 100], "jsonrpc": "2.0", "method": "swipe", "id": "e35f88944e9588c4aaedfbe8b427aff0"}}
D/InteractionController(21196): scrollSwipe (5, 100, 500, 100, 100)
D/libc-netbsd(  121): res_queryN name = fonts.gstatic.com succeed
D/SocketClient(  121): SocketClient sendDatalocked done: 222
D/SocketClient(  121): SocketClient sendDatalocked done: 
D/SocketClient(  121): SocketClient sendDatalocked done: 
D/SocketClient(  121): SocketClient sendDatalocked done: 
D/SocketClient(  121): SocketClient sendDatalocked done: 
D/SocketClient(  121): SocketClient sendDatalocked done: 
D/SocketClient(  121): SocketClient sendDatalocked done: 
D/SocketClient(  121): SocketClient sendDatalocked done: 
D/SocketClient(  121): SocketClient sendDatalocked done: 
D/SocketClient(  121): SocketClient sendDatalocked done: 
D/SocketClient(  121): SocketClient sendDatalocked done: 
D/SocketClient(  121): SocketClient sendDatalocked done: 
D/SocketClient(  121): SocketClient sendDatalocked done: 
D/SocketClient(  121): SocketClient sendDatalocked done: 
D/SocketClient(  121): SocketClient sendDatalocked done: 
D/SocketClient(  121): SocketClient sendDatalocked done: 
D/SocketClient(  121): SocketClient sendDatalocked done: 
D/SocketClient(  121): SocketClient sendDatalocked done: 
D/SocketClient(  121): SocketClient sendDatalocked done: 
D/SocketClient(  121): SocketClient sendDatalocked done: 
D/SocketClient(  121): SocketClient sendDatalocked done: 
D/SocketClient(  121): SocketClient sendDatalocked done: 
D/libc-netbsd(22803): getaddrinfo: fonts.gstatic.com get result from proxy >>
D/skia    (22803): Flag is not 10
V/Provider/Setting(  541): from settings cache , name = pdp_watchdog_poll_interval_ms value = null
D/PowerManagerService(  403): UA mLastEventTime=28475682 time=28476183 mUAAllowed=true mUserState=0x7 mWLState=0x1 mP-SensorActive=false mP-SensorEnabed=false timeoutOverride=-1 force=false
D/PowerManagerService(  403): reactivate mProxIgnored=false
D/PowerManagerService(  403): setPowerState: mPowerState=0x7 newState=0x7 noChangeLights=false reason=2
D/PowerManagerService(  403): setTimeoutLocked now=28476183 timeoutOverride=-1 nextState=3 when=28482183
D/skia    (22803): Flag is not 10
I/SurfaceFlinger(  125): [SurfaceFlinger] fps:31.922125,dur:1002.44,max:31.57,min:31.14
D/PowerManagerService(  403): UA mLastEventTime=28476183 time=28476684 mUAAllowed=true mUserState=0x7 mWLState=0x1 mP-SensorActive=false mP-SensorEnabed=false timeoutOverride=-1 force=false
D/PowerManagerService(  403): reactivate mProxIgnored=false
D/PowerManagerService(  403): setPowerState: mPowerState=0x7 newState=0x7 noChangeLights=false reason=2
D/PowerManagerService(  403): setTimeoutLocked now=28476684 timeoutOverride=-1 nextState=3 when=28482684
I/BufferQueue(  125): [com.rarlab.rar/com.rarlab.rar.MainActivity](this:0x429aadb8,api:1) [release] fps:31.92, dur:1002.51, max:31.48, min:31.24
I/SurfaceTextureClient(22803): [STC::queueBuffer] (this:0x534956b8) fps:30.89, dur:1003.67, max:62.47, min:26.57
I/BufferQueue(  125): [com.rarlab.rar/com.rarlab.rar.MainActivity](this:0x429aadb8,api:1) [queue] fps:30.88, dur:1003.80, max:62.53, min:26.53
I/SurfaceTextureClient(  495): [STC::queueBuffer] (this:0x532cb118) fps:1.85, dur:1623.14, max:1003.33, min:118.99
I/BufferQueue(  125): [StatusBar](this:0x4298fd70,api:1) [queue] fps:1.85, dur:1622.94, max:1004.09, min:118.05
I/BufferQueue(  125): [StatusBar](this:0x4298fd70,api:1) [release] fps:1.84, dur:1629.14, max:1002.64, min:125.28
V/Provider/Setting(  541): from settings cache , name = pdp_watchdog_poll_interval_ms value = null
D/PowerManagerService(  403): UA mLastEventTime=28476684 time=28477186 mUAAllowed=true mUserState=0x7 mWLState=0x1 mP-SensorActive=false mP-SensorEnabed=false timeoutOverride=-1 force=false
D/PowerManagerService(  403): reactivate mProxIgnored=false
D/PowerManagerService(  403): setPowerState: mPowerState=0x7 newState=0x7 noChangeLights=false reason=2
D/PowerManagerService(  403): setTimeoutLocked now=28477186 timeoutOverride=-1 nextState=3 when=28483186
I/SurfaceFlinger(  125): [SurfaceFlinger] fps:31.907133,dur:1002.91,max:31.67,min:31.09
I/ClipboardService(  403): Got clipboard for user=0
D/PowerManagerService(  403): UA mLastEventTime=28477186 time=28477687 mUAAllowed=true mUserState=0x7 mWLState=0x1 mP-SensorActive=false mP-SensorEnabed=false timeoutOverride=-1 force=false
D/PowerManagerService(  403): reactivate mProxIgnored=false
D/PowerManagerService(  403): setPowerState: mPowerState=0x7 newState=0x7 noChangeLights=false reason=2
D/PowerManagerService(  403): setTimeoutLocked now=28477687 timeoutOverride=-1 nextState=3 when=28483687
I/BufferQueue(  125): [com.rarlab.rar/com.rarlab.rar.MainActivity](this:0x429aadb8,api:1) [release] fps:31.92, dur:1002.51, max:31.40, min:31.27
I/SurfaceTextureClient(22803): [STC::queueBuffer] (this:0x534956b8) fps:31.71, dur:1009.20, max:39.76, min:27.84
I/BufferQueue(  125): [com.rarlab.rar/com.rarlab.rar.MainActivity](this:0x429aadb8,api:1) [queue] fps:31.70, dur:1009.32, max:39.86, min:27.78
V/Provider/Setting(  541): from settings cache , name = pdp_watchdog_poll_interval_ms value = null
D/skia    (22803): Flag is not 10
D/PowerManagerService(  403): UA mLastEventTime=28477687 time=28478189 mUAAllowed=true mUserState=0x7 mWLState=0x1 mP-SensorActive=false mP-SensorEnabed=false timeoutOverride=-1 force=false
D/PowerManagerService(  403): reactivate mProxIgnored=false
D/PowerManagerService(  403): setPowerState: mPowerState=0x7 newState=0x7 noChangeLights=false reason=2
D/PowerManagerService(  403): setTimeoutLocked now=28478189 timeoutOverride=-1 nextState=3 when=28484189
I/SurfaceTextureClient(  495): [STC::queueBuffer] (this:0x532cb118) fps:1.33, dur:1505.01, max:1003.60, min:501.41
I/BufferQueue(  125): [StatusBar](this:0x4298fd70,api:1) [queue] fps:1.33, dur:1504.61, max:1003.37, min:501.23
I/BufferQueue(  125): [StatusBar](this:0x4298fd70,api:1) [release] fps:1.33, dur:1503.71, max:1002.53, min:501.18
I/SurfaceFlinger(  125): [SurfaceFlinger] fps:31.915419,dur:1002.65,max:31.78,min:30.87
D/PowerManagerService(  403): UA mLastEventTime=28478189 time=28478690 mUAAllowed=true mUserState=0x7 mWLState=0x1 mP-SensorActive=false mP-SensorEnabed=false timeoutOverride=-1 force=false
D/PowerManagerService(  403): reactivate mProxIgnored=false
D/PowerManagerService(  403): setPowerState: mPowerState=0x7 newState=0x7 noChangeLights=false reason=2
D/PowerManagerService(  403): setTimeoutLocked now=28478690 timeoutOverride=-1 nextState=3 when=28484690
I/BufferQueue(  125): [com.rarlab.rar/com.rarlab.rar.MainActivity](this:0x429aadb8,api:1) [release] fps:31.92, dur:1002.54, max:31.51, min:31.16
I/SurfaceTextureClient(22803): [STC::queueBuffer] (this:0x534956b8) fps:31.90, dur:1003.21, max:45.07, min:12.44
I/BufferQueue(  125): [com.rarlab.rar/com.rarlab.rar.MainActivity](this:0x429aadb8,api:1) [queue] fps:31.90, dur:1003.06, max:45.04, min:12.28
D/skia    (22803): Flag is not 10
V/Provider/Setting(  541): from settings cache , name = pdp_watchdog_poll_interval_ms value = null
D/skia    (22803): Flag is not 10
D/UiAutomatorBridge(21196): EventType: TYPE_WINDOW_STATE_CHANGED; EventTime: 28479347; PackageName: com.rarlab.rar; MovementGranularity: 0; Action: 0 [ ClassName: android.support.v4.widget.DrawerLayout; Text: []; ContentDescription: null; ItemCount: -1; CurrentItemIndex: -1; IsEnabled: true; IsPassword: false; IsChecked: false; IsFullScreen: false; Scrollable: false; BeforeText: null; FromIndex: -1; ToIndex: -1; ScrollX: -1; ScrollY: -1; MaxScrollX: -1; MaxScrollY: -1; AddedCount: -1; RemovedCount: -1; ParcelableData: null ]; recordCount: 0
V/InputMethodManager(22803): focusOut: android.widget.ListView@42b18e20 mServedView=android.widget.ListView@42b18e20 winFocus=true
D/UiAutomatorBridge(21196): EventType: TYPE_VIEW_FOCUSED; EventTime: 28479349; PackageName: com.rarlab.rar; MovementGranularity: 0; Action: 0 [ ClassName: android.widget.ExpandableListView; Text: []; ContentDescription: null; ItemCount: 5; CurrentItemIndex: -1; IsEnabled: true; IsPassword: false; IsChecked: false; IsFullScreen: false; Scrollable: true; BeforeText: null; FromIndex: 0; ToIndex: -1; ScrollX: -1; ScrollY: -1; MaxScrollX: -1; MaxScrollY: -1; AddedCount: -1; RemovedCount: -1; ParcelableData: null ]; recordCount: 0
D/skia    (22803): Flag is not 10
V/InputMethodManager(22803): Starting input: view=android.widget.ExpandableListView@42b182f8
V/InputMethodManager(22803): Starting input: tba=android.view.inputmethod.EditorInfo@42ce8348 ic=null
V/InputMethodManager(22803): START INPUT: android.widget.ExpandableListView@42b182f8 ic=null tba=android.view.inputmethod.EditorInfo@42ce8348 controlFlags=#100
W/JBK     ( 5184): onStartInput com.rarlab.rar
V/InputMethodManager(22803): Starting input: Bind result=InputBindResult{com.android.internal.view.IInputMethodSession$Stub$Proxy@42ce9000 com.jbak.JbakKeyboard/.ServiceJbKbd #265}
D/UiAutomatorBridge(21196): EventType: TYPE_WINDOW_CONTENT_CHANGED; EventTime: 28479448; PackageName: com.rarlab.rar; MovementGranularity: 0; Action: 0 [ ClassName: android.widget.FrameLayout; Text: []; ContentDescription: null; ItemCount: -1; CurrentItemIndex: -1; IsEnabled: true; IsPassword: false; IsChecked: false; IsFullScreen: false; Scrollable: false; BeforeText: null; FromIndex: -1; ToIndex: -1; ScrollX: -1; ScrollY: -1; MaxScrollX: -1; MaxScrollY: -1; AddedCount: -1; RemovedCount: -1; ParcelableData: null ]; recordCount: 0
D/UiAutomatorBridge(21196): EventType: TYPE_VIEW_SCROLLED; EventTime: 28479495; PackageName: com.rarlab.rar; MovementGranularity: 0; Action: 0 [ ClassName: android.widget.ExpandableListView; Text: []; ContentDescription: null; ItemCount: 5; CurrentItemIndex: -1; IsEnabled: true; IsPassword: false; IsChecked: false; IsFullScreen: false; Scrollable: false; BeforeText: null; FromIndex: 0; ToIndex: 4; ScrollX: -1; ScrollY: -1; MaxScrollX: -1; MaxScrollY: -1; AddedCount: -1; RemovedCount: -1; ParcelableData: null ]; recordCount: 0
D/ADB_SERVICES( 5573): adb fdevent_process list (47) (25) 
D/ADB_SERVICES( 5573): adb socket read list (25) 
D/ADB_SERVICES( 5573): read_data=409
D/ADB_SERVICES( 5573): max_read_time=0.000071 max_send_time=0.000045 
D/ADB_SERVICES( 5573): adb local_socket_ready list (25) 
D/UIAutomatorStub(21196): URI: /jsonrpc/0, Method: POST, Header: {content-type=application/json, remote-addr=127.0.0.1, accept-encoding=identity, host=localhost:9008, content-length=114, http-client-ip=127.0.0.1}, params, {NanoHttpd.QUERY_STRING=null}, files: {postData={"params": [500, 100, 5, 100, 100], "jsonrpc": "2.0", "method": "swipe", "id": "ccc2704fbe436fbdcb78e9f40de7f3ce"}}
D/InteractionController(21196): scrollSwipe (500, 100, 5, 100, 100)
D/PowerManagerService(  403): UA mLastEventTime=28478690 time=28479556 mUAAllowed=true mUserState=0x7 mWLState=0x1 mP-SensorActive=false mP-SensorEnabed=false timeoutOverride=-1 force=false
D/PowerManagerService(  403): reactivate mProxIgnored=false
D/PowerManagerService(  403): setPowerState: mPowerState=0x7 newState=0x7 noChangeLights=false reason=2
D/PowerManagerService(  403): setTimeoutLocked now=28479556 timeoutOverride=-1 nextState=3 when=28485556
I/SurfaceFlinger(  125): [SurfaceFlinger] fps:26.304810,dur:1064.44,max:187.89,min:30.85
D/UiAutomatorBridge(21196): EventType: TYPE_WINDOW_CONTENT_CHANGED; EventTime: 28479703; PackageName: com.rarlab.rar; MovementGranularity: 0; Action: 0 [ ClassName: android.widget.FrameLayout; Text: []; ContentDescription: null; ItemCount: -1; CurrentItemIndex: -1; IsEnabled: true; IsPassword: false; IsChecked: false; IsFullScreen: false; Scrollable: false; BeforeText: null; FromIndex: -1; ToIndex: -1; ScrollX: -1; ScrollY: -1; MaxScrollX: -1; MaxScrollY: -1; AddedCount: -1; RemovedCount: -1; ParcelableData: null ]; recordCount: 0
I/BufferQueue(  125): [com.rarlab.rar/com.rarlab.rar.MainActivity](this:0x429aadb8,api:1) [release] fps:23.94, dur:1002.48, max:187.90, min:31.11
I/SurfaceTextureClient(22803): [STC::queueBuffer] (this:0x534956b8) fps:23.86, dur:1005.86, max:191.09, min:22.98
I/BufferQueue(  125): [com.rarlab.rar/com.rarlab.rar.MainActivity](this:0x429aadb8,api:1) [queue] fps:23.86, dur:1005.99, max:191.13, min:22.88
I/SurfaceTextureClient(  495): [STC::queueBuffer] (this:0x532cb118) fps:1.33, dur:1503.36, max:999.52, min:503.84
I/BufferQueue(  125): [StatusBar](this:0x4298fd70,api:1) [queue] fps:1.33, dur:1503.57, max:999.82, min:503.75
I/BufferQueue(  125): [StatusBar](this:0x4298fd70,api:1) [release] fps:1.33, dur:1503.68, max:1002.45, min:501.23
D/PowerManagerService(  403): UA mLastEventTime=28479556 time=28480070 mUAAllowed=true mUserState=0x7 mWLState=0x1 mP-SensorActive=false mP-SensorEnabed=false timeoutOverride=-1 force=false
D/PowerManagerService(  403): reactivate mProxIgnored=false
D/PowerManagerService(  403): setPowerState: mPowerState=0x7 newState=0x7 noChangeLights=false reason=2
D/PowerManagerService(  403): setTimeoutLocked now=28480070 timeoutOverride=-1 nextState=3 when=28486070
V/Provider/Setting(  541): from settings cache , name = pdp_watchdog_poll_interval_ms value = null
D/PowerManagerService(  403): UA mLastEventTime=28480070 time=28480572 mUAAllowed=true mUserState=0x7 mWLState=0x1 mP-SensorActive=false mP-SensorEnabed=false timeoutOverride=-1 force=false
D/PowerManagerService(  403): reactivate mProxIgnored=false
D/PowerManagerService(  403): setPowerState: mPowerState=0x7 newState=0x7 noChangeLights=false reason=2
D/PowerManagerService(  403): setTimeoutLocked now=28480572 timeoutOverride=-1 nextState=3 when=28486572
V/ActivityManager(  403): Broadcast sticky: Intent { act=android.intent.action.SIG_STR flg=0x10 (has extras) } ordered=false userid=0
D/NetworkControllerGemini(  495): PhoneStateListener:onSignalStrengthsChanged, sim1 before.
D/NetworkControllerGemini(  495): PhoneStateListener:onSignalStrengthsChanged, signalStrength=4
D/NetworkControllerGemini(  495): updateDataNetType(0), DataNetType=2.
D/NetworkControllerGemini(  495): updateDataNetType(0), simColorId=1
D/TelephonyManagerEx(  495): isNetworkRoaming
D/NetworkControllerGemini(  495): updateDataNetType(0), DataNetType3G=Type_G tempDataTypeIconId= 2130837681.
D/Bluetooth HS/HF(  541): [BT][HFG] [API] mStateReceiver.onReceive(android.intent.action.SIG_STR)
D/Bluetooth HS/HF(  541): [BT][HFG] [API] mHandler.handleMessage(10)
D/NetworkControllerGemini(  495): isSimInserted(0), SimInserted=true
D/NetworkControllerGemini(  495): updateTelephonySignalStrength(0), regState=1
D/NetworkControllerGemini(  495): updateTelephonySignalStrength(0), hasService=true
D/TelephonyManagerEx(  495): isNetworkRoaming
D/NetworkControllerGemini(  495): updateTelephonySignalStrength(0), isRoaming=false, mInetCondition=1
D/NetworkControllerGemini(  495): updateTelephonySignalStrength(0), simColorId=1
D/NetworkControllerGemini(  495): updateTelephonySignalStrength(0), tempDataNetType = Type_G , simColorId=1  tempPhoneSignalIconId[0] = 2130837741  tempPhoneSignalIconId[1] = 0
D/NetworkControllerGemini(  495):  updateTelephonySignalStrength(0) tempSIMCUSignVisible= true
D/NetworkControllerGemini(  495): updateTelephonySignalStrength(0) mSIMCUSignVisible = true
D/NetworkControllerGemini(  495): refreshViews(0), DataConnected=true simColorId = 1
D/NetworkControllerGemini(  495): refreshViews(0), mMobileActivityIconId=2130837773, mMobileActivityIconIdGemini=0
D/NetworkControllerGemini(  495): refreshViews(0), set parameters to signal cluster view.
D/NetworkControllerGemini(  495): refreshViews(0), tempPhoneSignalIconId.0 = 2130837741  tempPhoneSignalIconId.1 = 0  tempMobileActivityIconId= 2130837773  tempDataTypeIconId= 2130837681
D/SignalClusterViewGemini(  495): setMobileDataIndicators(0), visible=true, strengthIcon[0] ~ [1] 2130837741 ~ 0
D/SignalClusterViewGemini(  495): setShowSimIndicator(0), showSimIndicator=false simIndicatorResource = 0
D/SignalClusterViewGemini(  495): setDataConnected(0), dataConnected=true
D/SignalClusterViewGemini(  495): setDataNetType3G(0), dataNetType=Type_G
D/SignalClusterViewGemini(  495): apply : mShowSimIndicator = false mSimIndicatorResource = 0 mShowSimIndicatorGemini = false mSimIndicatorResourceGemini = 0
D/SignalClusterViewGemini(  495): apply, mMobileVisible=true mMobileActivityId=2130837773 mMobileTypeId=2130837681 mMobileStrengthId[0] = 2130837741 mMobileStrengthId[1] = 0
D/TelephonyManagerEx(  495): getDataState
D/SignalClusterViewGemini(  495): isSimInserted(0), SimInserted=true
D/SignalClusterViewGemini(  495): mDataNetType =Type_G resId= 0 simColorId = 1
D/SignalClusterViewGemini(  495): apply, mMobileVisibleGemini=true mMobileActivityIdGemini=0 mMobileTypeIdGemini=0 mMobileStrengthIdGemini[0] = 2130837740 mMobileStrengthIdGemini[1] = 0
D/SignalClusterViewGemini(  495): isSimInserted(1), SimInserted=true
D/SignalClusterViewGemini(  495): mDataNetTypeGemini =Type_G resId= 0 simColorId = 2
D/SignalClusterViewGemini(  495): apply, mMobileVisible=true, mWifiVisible=false, mIsAirplaneMode=false
D/NetworkControllerGemini(  495): PhoneStateListener:onSignalStrengthsChanged, sim1 after.
I/SurfaceFlinger(  125): [SurfaceFlinger] fps:29.907425,dur:1003.10,max:94.54,min:30.63
I/BufferQueue(  125): [com.rarlab.rar/com.rarlab.rar.MainActivity](this:0x429aadb8,api:1) [release] fps:31.90, dur:1003.01, max:32.17, min:31.10
V/Provider/Setting(  403): from settings cache , name = sys_free_storage_log_interval value = null
V/Provider/Setting(  403): from settings cache , name = disk_free_change_reporting_threshold value = null
I/SurfaceTextureClient(22803): [STC::queueBuffer] (this:0x534956b8) fps:31.92, dur:1002.38, max:43.10, min:14.43
I/BufferQueue(  125): [com.rarlab.rar/com.rarlab.rar.MainActivity](this:0x429aadb8,api:1) [queue] fps:31.92, dur:1002.38, max:43.69, min:14.31
D/PowerManagerService(  403): UA mLastEventTime=28480572 time=28481072 mUAAllowed=true mUserState=0x7 mWLState=0x1 mP-SensorActive=false mP-SensorEnabed=false timeoutOverride=-1 force=false
D/PowerManagerService(  403): reactivate mProxIgnored=false
D/PowerManagerService(  403): setPowerState: mPowerState=0x7 newState=0x7 noChangeLights=false reason=2
D/PowerManagerService(  403): setTimeoutLocked now=28481072 timeoutOverride=-1 nextState=3 when=28487072
V/Provider/Setting(  541): from settings cache , name = pdp_watchdog_poll_interval_ms value = null
V/Provider/Setting(  403): from settings cache , name = reboot_interval value = null
D/InputReader(  403): InputReader::monitor: lock
D/InputReader(  403): InputReader::monitor: wait 
D/InputReader(  403): InputReader::monitor: unlock
D/InputReader(  403): InputReader::monitor: done
I/SurfaceTextureClient(  495): [STC::queueBuffer] (this:0x532cb118) fps:2.00, dur:1503.06, max:900.29, min:100.59
I/BufferQueue(  125): [StatusBar](this:0x4298fd70,api:1) [queue] fps:2.00, dur:1503.10, max:900.80, min:100.47
I/BufferQueue(  125): [StatusBar](this:0x4298fd70,api:1) [release] fps:1.99, dur:1503.96, max:908.42, min:93.71
D/PowerManagerService(  403): UA mLastEventTime=28481072 time=28481573 mUAAllowed=true mUserState=0x7 mWLState=0x1 mP-SensorActive=false mP-SensorEnabed=false timeoutOverride=-1 force=false
D/PowerManagerService(  403): reactivate mProxIgnored=false
D/PowerManagerService(  403): setPowerState: mPowerState=0x7 newState=0x7 noChangeLights=false reason=2
D/PowerManagerService(  403): setTimeoutLocked now=28481573 timeoutOverride=-1 nextState=3 when=28487573
I/SurfaceFlinger(  125): [SurfaceFlinger] fps:30.913824,dur:1002.79,max:62.16,min:30.69
I/BufferQueue(  125): [com.rarlab.rar/com.rarlab.rar.MainActivity](this:0x429aadb8,api:1) [release] fps:30.93, dur:1002.42, max:62.42, min:31.11
I/SurfaceTextureClient(22803): [STC::queueBuffer] (this:0x534956b8) fps:32.04, dur:1030.08, max:45.37, min:18.57
I/BufferQueue(  125): [com.rarlab.rar/com.rarlab.rar.MainActivity](this:0x429aadb8,api:1) [queue] fps:32.04, dur:1029.97, max:47.15, min:16.75
D/dalvikvm(22803): threadid=25: interp stack at 0x55318000
V/AlarmManager(  403): Checking for alarms... rtc=1443358492764, elapsed=87573306
V/AlarmManager(  403): Checking active alarm when=87573306 Alarm{43b64d00 type 2 com.facebook.lite}
V/AlarmManager(  403): Alarm triggering: Alarm{43b64d00 type 2 com.facebook.lite}
V/AlarmManager(  403): Checking active alarm when=87611745 Alarm{43929b10 type 2 com.android.phone}
V/AlarmManager(  403): Adding alarm Alarm{43b64d00 type 2 com.facebook.lite} at 4
V/AlarmManager(  403): alarms: 24 type: 2
V/AlarmManager(  403): 0: Jan 02 03:20:11 am com.android.phone
V/AlarmManager(  403): 1: Jan 02 03:21:22 am com.google.android.gms
V/AlarmManager(  403): 2: Jan 02 03:21:23 am com.google.android.gms
V/AlarmManager(  403): 3: Jan 02 03:22:31 am com.google.android.gms
V/AlarmManager(  403): 4: Jan 02 03:24:33 am com.facebook.lite
V/AlarmManager(  403): 5: Jan 02 03:45:00 am com.google.android.gms
V/AlarmManager(  403): 6: Jan 02 04:11:19 am com.google.android.gms
V/AlarmManager(  403): 7: Jan 02 04:11:40 am android
V/AlarmManager(  403): 8: Jan 02 05:02:35 am com.google.android.gms
V/AlarmManager(  403): 9: Jan 02 06:01:04 am com.google.android.location
V/AlarmManager(  403): 10: Jan 02 06:07:29 am com.google.android.gms
V/AlarmManager(  403): 11: Jan 02 06:11:14 am com.google.android.gms
V/AlarmManager(  403): 12: Jan 02 09:15:00 am android
V/AlarmManager(  403): 13: Jan 02 03:15:00 pm android
V/AlarmManager(  403): 14: Jan 02 11:01:42 pm com.google.android.location
V/AlarmManager(  403): 15: Jan 03 03:15:00 am com.google.android.gms
V/AlarmManager(  403): 16: Jan 12 03:16:22 am com.google.android.gms
V/AlarmManager(  403): 17: Dec 30 03:00:30 am com.google.android.gms
V/AlarmManager(  403): 18: Dec 30 03:00:31 am com.google.android.gms
D/dalvikvm(22803): threadid=26: interp stack at 0x55320000
V/AlarmManager(  403): 19: Dec 30 03:00:31 am com.google.android.gms
V/AlarmManager(  403): 20: Dec 30 03:00:31 am com.google.android.gms
V/AlarmManager(  403): 21: Dec 30 03:00:31 am com.google.android.gms
V/AlarmManager(  403): 22: Dec 30 03:00:44 am com.google.android.gms
V/AlarmManager(  403): 23: Dec 30 06:11:06 am com.google.android.gms
V/AlarmManager(  403): Native set alarm :Alarm{43929b10 type 2 com.android.phone}
I/AlarmManager(  403): reset poweroff alarm none
V/AlarmManager(  403): sending alarm Alarm{43b64d00 type 2 com.facebook.lite}
V/ActivityManager(  403): Broadcast: Intent { act=com.facebook.rti.b.c.b.ACTION_INEXACT_ALARM. flg=0x14 pkg=com.facebook.lite (has extras) } ordered=true userid=0
D/PowerManagerService(  403): acquireWakeLock flags=0x1 tag=AlarmManager
D/NativeCrypto(22803): NativeCrypto_EVP_VerifyInit ctx=0x54448840
D/NativeCrypto(22803): NativeCrypto_EVP_VerifyInit algorithmChars=RSA-SHA256
D/dalvikvm(22803): threadid=25: bye!
D/NativeCrypto(22803): NativeCrypto_EVP_VerifyInit ctx=0x552c7f38
D/NativeCrypto(22803): NativeCrypto_EVP_VerifyInit algorithmChars=RSA-SHA256
D/MobileDataStateTracker(  403): default: getNetworkInfo: updated IsAvailable=true
D/MobileDataStateTracker(  403): default: getNetworkInfo: updated IsAvailable=true
D/ConnectivityService(  403): getActiveNetworkInfo:NetworkInfo: type: mobile[EDGE], state: CONNECTED/CONNECTED, reason: dataEnabled, extra: www.mts.com.ua, roaming: false, failover: false, isAvailable: true, simId: 0/10103
D/dalvikvm(22803): threadid=26: bye!
V/AlarmManager(  403): set: Alarm{42e95018 type 2 com.facebook.lite}
V/AlarmManager(  403): Adding alarm Alarm{42e95018 type 2 com.facebook.lite} at 1
V/AlarmManager(  403): alarms: 25 type: 2
V/AlarmManager(  403): 0: Jan 02 03:20:11 am com.android.phone
V/AlarmManager(  403): 1: Jan 02 03:20:32 am com.facebook.lite
V/AlarmManager(  403): 2: Jan 02 03:21:22 am com.google.android.gms
V/AlarmManager(  403): 3: Jan 02 03:21:23 am com.google.android.gms
V/AlarmManager(  403): 4: Jan 02 03:22:31 am com.google.android.gms
V/AlarmManager(  403): 5: Jan 02 03:24:33 am com.facebook.lite
V/AlarmManager(  403): 6: Jan 02 03:45:00 am com.google.android.gms
V/AlarmManager(  403): 7: Jan 02 04:11:19 am com.google.android.gms
V/AlarmManager(  403): 8: Jan 02 04:11:40 am android
V/AlarmManager(  403): 9: Jan 02 05:02:35 am com.google.android.gms
V/AlarmManager(  403): 10: Jan 02 06:01:04 am com.google.android.location
V/AlarmManager(  403): 11: Jan 02 06:07:29 am com.google.android.gms
V/AlarmManager(  403): 12: Jan 02 06:11:14 am com.google.android.gms
V/AlarmManager(  403): 13: Jan 02 09:15:00 am android
V/AlarmManager(  403): 14: Jan 02 03:15:00 pm android
V/AlarmManager(  403): 15: Jan 02 11:01:42 pm com.google.android.location
V/AlarmManager(  403): 16: Jan 03 03:15:00 am com.google.android.gms
V/AlarmManager(  403): 17: Jan 12 03:16:22 am com.google.android.gms
V/AlarmManager(  403): 18: Dec 30 03:00:30 am com.google.android.gms
V/AlarmManager(  403): 19: Dec 30 03:00:31 am com.google.android.gms
V/AlarmManager(  403): 20: Dec 30 03:00:31 am com.google.android.gms
V/AlarmManager(  403): 21: Dec 30 03:00:31 am com.google.android.gms
V/AlarmManager(  403): 22: Dec 30 03:00:31 am com.google.android.gms
V/AlarmManager(  403): 23: Dec 30 03:00:44 am com.google.android.gms
V/AlarmManager(  403): 24: Dec 30 06:11:06 am com.google.android.gms
D/NativeCrypto(21602): ssl=0x51662078 sslWrite buf=0x42b259b0 len=2
D/NativeCrypto(21602): Doing SSL_write() with 2 bytes to go ssl=0x51662078, appData=0x51696750
D/NativeCrypto(21602): Returned from SSL_write() with result 2, error code 0 ssl=0x51662078, appData=0x51696750
D/NativeCrypto(21602):  sslNotify, appData=0x51696750 ret=1
D/dalvikvm(22803): GC_CONCURRENT freed 587K, 5% free 13278K/13959K, paused 7ms+4ms, total 90ms
D/NativeCrypto(21602): sslSelect READ fd=47 appData=0x51696750 timeout_millis=0 => 1
D/NativeCrypto(21602):  sslSelect, appData=0x51696750 woken up by a token
D/NativeCrypto(21602):  sslSelect, appData=0x51696750 read ret=1 
D/NativeCrypto(21602): Doing SSL_Read() ssl=0x51662078, appData=0x51696750
D/NativeCrypto(21602): Returned from SSL_Read() with result -1, error code 2 ssl=0x51662078, appData=0x51696750
D/NativeCrypto(21602): sslSelect type=READ fd=47 appData=0x51696750 timeout_millis=0
D/PowerManagerService(  403): releaseWakeLock flags=0x1 tag=AlarmManager total_time=90ms
D/PowerManagerService(  403): UA mLastEventTime=28481573 time=28482074 mUAAllowed=true mUserState=0x7 mWLState=0x1 mP-SensorActive=false mP-SensorEnabed=false timeoutOverride=-1 force=false
D/PowerManagerService(  403): reactivate mProxIgnored=false
D/PowerManagerService(  403): setPowerState: mPowerState=0x7 newState=0x7 noChangeLights=false reason=2
D/PowerManagerService(  403): setTimeoutLocked now=28482074 timeoutOverride=-1 nextState=3 when=28488074
V/Provider/Setting(  541): from settings cache , name = pdp_watchdog_poll_interval_ms value = null
W/skia    (22803): enter Skia Jpeg try_path 1, L:1001!! 
W/skia    (22803): Use JPEG SW Decoder
D/skia    (22803): Flag is not 10
D/NetworkControllerGemini(  495): PhoneStateListener:onSignalStrengthsChanged, sim2 before.
D/NetworkControllerGemini(  495): PhoneStateListener:onSignalStrengthsChanged, signalStrength=4
D/NetworkControllerGemini(  495): updateDataNetType(1), DataNetType=1.
D/NetworkControllerGemini(  495): updateDataNetType(1), simColorId=2
D/TelephonyManagerEx(  495): isNetworkRoaming
D/NetworkControllerGemini(  495): updateDataNetType(1), DataNetType3G=Type_G tempDataTypeIconId= 2130837689.
D/NetworkControllerGemini(  495): isSimInserted(1), SimInserted=true
D/NetworkControllerGemini(  495): updateTelephonySignalStrength(1), regState=1
D/NetworkControllerGemini(  495): updateTelephonySignalStrength(1), hasService=true
D/TelephonyManagerEx(  495): isNetworkRoaming
D/NetworkControllerGemini(  495): updateTelephonySignalStrength(1), isRoaming=false, mInetCondition=1
D/NetworkControllerGemini(  495): updateTelephonySignalStrength(1), simColorId=2
D/NetworkControllerGemini(  495): updateTelephonySignalStrength(1), tempDataNetType = Type_G , simColorId=2  tempPhoneSignalIconId[0] = 2130837740  tempPhoneSignalIconId[1] = 0
D/NetworkControllerGemini(  495):  updateTelephonySignalStrength(1) tempSIMCUSignVisible= true
D/NetworkControllerGemini(  495): updateTelephonySignalStrength(1) mSIMCUSignVisible = true
D/NetworkControllerGemini(  495): refreshViews(1), DataConnected=false simColorId = 2
D/TelephonyManagerEx(  495): isNetworkRoaming
D/NetworkControllerGemini(  495): refreshViews(1), dataTypeIconId=0
D/NetworkControllerGemini(  495): refreshViews(1), set parameters to signal cluster view.
D/NetworkControllerGemini(  495): refreshViews(1), tempPhoneSignalIconId.0 = 2130837740  tempPhoneSignalIconId.1 = 0  tempMobileActivityIconId= 0  tempDataTypeIconId= 0
D/SignalClusterViewGemini(  495): setMobileDataIndicators(1), visible=true, strengthIcon[0] ~ [1] 2130837740 ~ 0
D/SignalClusterViewGemini(  495): setShowSimIndicator(1), showSimIndicator=false simIndicatorResource = 0
D/SignalClusterViewGemini(  495): setDataConnected(1), dataConnected=false
D/SignalClusterViewGemini(  495): setDataNetType3G(1), dataNetType=Type_G
V/ActivityManager(  403): Broadcast sticky: Intent { act=android.intent.action.SIG_STR flg=0x10 (has extras) } ordered=false userid=0
D/Bluetooth HS/HF(  541): [BT][HFG] [API] mStateReceiver.onReceive(android.intent.action.SIG_STR)
D/Bluetooth HS/HF(  541): [BT][HFG] [API] mHandler.handleMessage(10)
D/SignalClusterViewGemini(  495): apply : mShowSimIndicator = false mSimIndicatorResource = 0 mShowSimIndicatorGemini = false mSimIndicatorResourceGemini = 0
D/SignalClusterViewGemini(  495): apply, mMobileVisible=true mMobileActivityId=2130837773 mMobileTypeId=2130837681 mMobileStrengthId[0] = 2130837741 mMobileStrengthId[1] = 0
D/TelephonyManagerEx(  495): getDataState
D/SignalClusterViewGemini(  495): isSimInserted(0), SimInserted=true
D/SignalClusterViewGemini(  495): mDataNetType =Type_G resId= 0 simColorId = 1
D/SignalClusterViewGemini(  495): apply, mMobileVisibleGemini=true mMobileActivityIdGemini=0 mMobileTypeIdGemini=0 mMobileStrengthIdGemini[0] = 2130837740 mMobileStrengthIdGemini[1] = 0
D/SignalClusterViewGemini(  495): isSimInserted(1), SimInserted=true
D/SignalClusterViewGemini(  495): mDataNetTypeGemini =Type_G resId= 0 simColorId = 2
D/SignalClusterViewGemini(  495): apply, mMobileVisible=true, mWifiVisible=false, mIsAirplaneMode=false
D/NetworkControllerGemini(  495): PhoneStateListener:onSignalStrengthsChanged, sim2 after.
D/Settings/BW(17071): ReadCodeTask:file size: 4096
D/PowerManagerService(  403): UA mLastEventTime=28482074 time=28482577 mUAAllowed=true mUserState=0x7 mWLState=0x1 mP-SensorActive=false mP-SensorEnabed=false timeoutOverride=-1 force=false
D/PowerManagerService(  403): reactivate mProxIgnored=false
D/PowerManagerService(  403): setPowerState: mPowerState=0x7 newState=0x7 noChangeLights=false reason=2
D/PowerManagerService(  403): setTimeoutLocked now=28482577 timeoutOverride=-1 nextState=3 when=28488577
I/ClipboardService(  403): Got clipboard for user=0
I/SurfaceFlinger(  125): [SurfaceFlinger] fps:30.924107,dur:1002.45,max:62.57,min:30.78
I/BufferQueue(  125): [com.rarlab.rar/com.rarlab.rar.MainActivity](this:0x429aadb8,api:1) [release] fps:30.92, dur:1002.43, max:62.74, min:30.98
D/PowerManagerService(  403): releaseWakeLock flags=0x1 tag=wake:com.google.android.gms/.config.ConfigFetchService total_time=60009ms
D/IPCThreadState(  403): [DN #5] BR_CLEAR_DEATH_NOTIFICATION_DONE cookie 0x52b11c20
I/SurfaceTextureClient(22803): [STC::queueBuffer] (this:0x534956b8) fps:30.90, dur:1003.16, max:71.17, min:6.60
I/BufferQueue(  125): [com.rarlab.rar/com.rarlab.rar.MainActivity](this:0x429aadb8,api:1) [queue] fps:30.90, dur:1003.16, max:71.10, min:6.24
W/skia    (22803): enter Skia Jpeg try_path 1, L:1001!! 
W/skia    (22803): Use JPEG SW Decoder
D/skia    (22803): Flag is not 10
V/InputMethodManager(22803): focusOut: android.widget.ExpandableListView@42b182f8 mServedView=android.widget.ExpandableListView@42b182f8 winFocus=true
V/InputMethodManager(22803): Starting input: view=android.widget.ListView@42b18e20
V/InputMethodManager(22803): Starting input: tba=android.view.inputmethod.EditorInfo@42d7b090 ic=null
V/InputMethodManager(22803): START INPUT: android.widget.ListView@42b18e20 ic=null tba=android.view.inputmethod.EditorInfo@42d7b090 controlFlags=#100
W/JBK     ( 5184): onStartInput com.rarlab.rar
V/InputMethodManager(22803): Starting input: Bind result=InputBindResult{com.android.internal.view.IInputMethodSession$Stub$Proxy@42d2de40 com.jbak.JbakKeyboard/.ServiceJbKbd #266}
D/UiAutomatorBridge(21196): EventType: TYPE_WINDOW_STATE_CHANGED; EventTime: 28483021; PackageName: com.rarlab.rar; MovementGranularity: 0; Action: 0 [ ClassName: com.rarlab.rar.MainActivity; Text: [RAR]; ContentDescription: null; ItemCount: -1; CurrentItemIndex: -1; IsEnabled: true; IsPassword: false; IsChecked: false; IsFullScreen: true; Scrollable: false; BeforeText: null; FromIndex: -1; ToIndex: -1; ScrollX: -1; ScrollY: -1; MaxScrollX: -1; MaxScrollY: -1; AddedCount: -1; RemovedCount: -1; ParcelableData: null ]; recordCount: 0
I/SurfaceTextureClient(  495): [STC::queueBuffer] (this:0x532cb118) fps:1.99, dur:1504.31, max:559.43, min:442.22
I/BufferQueue(  125): [StatusBar](this:0x4298fd70,api:1) [queue] fps:1.99, dur:1510.73, max:565.52, min:442.17
D/UiAutomatorBridge(21196): EventType: TYPE_WINDOW_CONTENT_CHANGED; EventTime: 28483053; PackageName: com.rarlab.rar; MovementGranularity: 0; Action: 0 [ ClassName: android.widget.FrameLayout; Text: []; ContentDescription: null; ItemCount: -1; CurrentItemIndex: -1; IsEnabled: true; IsPassword: false; IsChecked: false; IsFullScreen: false; Scrollable: false; BeforeText: null; FromIndex: -1; ToIndex: -1; ScrollX: -1; ScrollY: -1; MaxScrollX: -1; MaxScrollY: -1; AddedCount: -1; RemovedCount: -1; ParcelableData: null ]; recordCount: 0
I/BufferQueue(  125): [StatusBar](this:0x4298fd70,api:1) [release] fps:2.00, dur:1503.64, max:563.92, min:438.51
V/Provider/Setting(  541): from settings cache , name = pdp_watchdog_poll_interval_ms value = null
E/InteractionController(21196): Error in scrollSwipe: Expected event not received within: 500 ms.
W/skia    (22803): enter Skia Jpeg try_path 1, L:1001!! 
W/skia    (22803): Use JPEG SW Decoder
D/skia    (22803): Flag is not 10
W/ADB_SERVICES( 5573): create_local_service_socket() name=shell:pm 'uninstall' 'com.rarlab.rar'
W/ADB_SERVICES(22882): adb: unable to open /proc/22882/oom_adj
W/skia    (22803): enter Skia Jpeg try_path 1, L:1001!! 
W/skia    (22803): Use JPEG SW Decoder
D/skia    (22803): Flag is not 10
I/IspDrv  (22883): {IspDrv} [IspDrvImp] getpid[0x00005963],gettid[0x00005963]
D/AndroidRuntime(22883): 
D/AndroidRuntime(22883): >>>>>> AndroidRuntime START com.android.internal.os.RuntimeInit (tool) <<<<<<
D/AndroidRuntime(22883): CheckJNI is OFF
D/AndroidRuntime(22883): language=-Duser.language=en region=-Duser.region=US
D/dalvikvm(22883): Guard Package : 
D/dalvikvm(22883):   core.jar
D/dalvikvm(22883):   core-junit.jar
D/dalvikvm(22883):   bouncycastle.jar
D/dalvikvm(22883):   ext.jar
D/dalvikvm(22883):   framework.jar
D/dalvikvm(22883):   android.policy.jar
D/dalvikvm(22883):   services.jar
D/dalvikvm(22883):   apache-xml.jar
D/dalvikvm(22883):   mediatek-common.jar
D/dalvikvm(22883):   mediatek-framework.jar
D/dalvikvm(22883):   mediatek-op.jar
D/dalvikvm(22883):   secondary-framework.jar
D/dalvikvm(22883):   CustomProperties.jar
D/dalvikvm(22883):   am.jar
D/dalvikvm(22883): threadid=1: interp stack at 0x415b2000
D/dalvikvm(22883): Trying to load lib libjavacore.so 0x0
D/dalvikvm(22883): Added shared lib libjavacore.so 0x0
D/dalvikvm(22883): Trying to load lib libnativehelper.so 0x0
D/dalvikvm(22883): Added shared lib libnativehelper.so 0x0
D/dalvikvm(22883): +++ finishing prep on main VM thread
D/dalvikvm(22883): create interp thread : stack size=32KB
D/dalvikvm(22883): create new thread
D/dalvikvm(22883): new thread created
D/dalvikvm(22883): update thread list
D/dalvikvm(22883): threadid=2: interp stack at 0x4f1ac000
D/dalvikvm(22883): threadid=2: created from interp
D/dalvikvm(22883): start new thread
D/dalvikvm(22883): create interp thread : stack size=32KB
D/dalvikvm(22883): create new thread
D/dalvikvm(22883): new thread created
D/dalvikvm(22883): update thread list
D/dalvikvm(22883): threadid=2: notify debugger
D/dalvikvm(22883): threadid=2 (ReferenceQueueDaemon): calling run()
D/dalvikvm(22883): threadid=3: interp stack at 0x4f2b4000
D/dalvikvm(22883): threadid=3: created from interp
D/dalvikvm(22883): start new thread
D/dalvikvm(22883): create interp thread : stack size=32KB
D/dalvikvm(22883): create new thread
D/dalvikvm(22883): new thread created
D/dalvikvm(22883): update thread list
D/dalvikvm(22883): threadid=3: notify debugger
D/dalvikvm(22883): threadid=3 (FinalizerDaemon): calling run()
D/dalvikvm(22883): threadid=4: interp stack at 0x4f3bc000
D/dalvikvm(22883): threadid=4: created from interp
D/dalvikvm(22883): start new thread
D/dalvikvm(22883): threadid=4: notify debugger
D/dalvikvm(22883): threadid=4 (FinalizerWatchdogDaemon): calling run()
D/dalvikvm(22883): threadid=5: interp stack at 0x4f5c4000
D/dalvikvm(22883): threadid=6: interp stack at 0x4f6cc000
D/jdwp    (22883): prepping for JDWP over ADB
D/jdwp    (22883): ADB transport startup
D/dalvikvm(22883): Elevating priority from 0 to -8
D/dalvikvm(22883): threadid=7: interp stack at 0x4f7d7000
D/jdwp    (22883): JDWP: thread running
D/jdwp    (22883): acceptConnection
D/ADB_SERVICES( 5573): Adding socket 56 pid 22883 to jdwp process list
D/jdwp    (22883): trying to receive file descriptor from ADB
D/dalvikvm(22883): threadid=8: interp stack at 0x4f8df000
D/AndroidRuntime(22883): Calling main entry com.android.commands.pm.Pm
I/PackageManager(  403): Removing non-system package:com.rarlab.rar
D/dalvikvm(22883): threadid=9: interp stack at 0x4fd12000
I/ActivityManager(  403): Force stopping package com.rarlab.rar uid=10125
I/ActivityManager(  403): Killing proc 22803:com.rarlab.rar/u0a125: force stop
V/ActivityManager(  403): Removing app ProcessRecord{42f276e8 22803:com.rarlab.rar/u0a125} from list [ActivityRecord{4378d908 com.android.phone/.InCallScreen}, ActivityRecord{42e90fc8 com.android.launcher/com.android.launcher2.Launcher}, ActivityRecord{42e64c38 com.android.contacts/.activities.DialtactsActivity}, ActivityRecord{42f5b010 com.rarlab.rar/.MainActivity}] with 4 entries
V/ActivityManager(  403): Record #3 ActivityRecord{42f5b010 com.rarlab.rar/.MainActivity}: app=ProcessRecord{42f276e8 22803:com.rarlab.rar/u0a125}
V/ActivityManager(  403): Removing this entry!
V/ActivityManager(  403): Record #2 ActivityRecord{42e64c38 com.android.contacts/.activities.DialtactsActivity}: app=ProcessRecord{42f55da0 20773:com.android.contacts/u0a5}
V/ActivityManager(  403): Record #1 ActivityRecord{42e90fc8 com.android.launcher/com.android.launcher2.Launcher}: app=ProcessRecord{42e86b28 630:com.android.launcher/u0a34}
V/ActivityManager(  403): Record #0 ActivityRecord{4378d908 com.android.phone/.InCallScreen}: app=ProcessRecord{42e55fb0 541:com.android.phone/1001}
V/ActivityManager(  403): Removing app ProcessRecord{42f276e8 22803:com.rarlab.rar/u0a125} from list [] with 0 entries
V/ActivityManager(  403): Removing app ProcessRecord{42f276e8 22803:com.rarlab.rar/u0a125} from list [] with 0 entries
V/ActivityManager(  403): Removing app ProcessRecord{42f276e8 22803:com.rarlab.rar/u0a125} from list [] with 0 entries
V/ActivityManager(  403): Removing app ProcessRecord{42f276e8 22803:com.rarlab.rar/u0a125} from list [] with 0 entries
W/ActivityManager(  403): Force removing ActivityRecord{42f5b010 com.rarlab.rar/.MainActivity}: app died, no saved state
D/IPCThreadState(  403): [DN #5] BR_CLEAR_DEATH_NOTIFICATION_DONE cookie 0x57f947d8
V/WindowManager(  403): Changing focus from Window{42fb2a70 com.rarlab.rar/com.rarlab.rar.MainActivity paused=false} to null
I/WindowManager(  403): Losing focus: Window{42fb2a70 com.rarlab.rar/com.rarlab.rar.MainActivity paused=false}
D/InputReader(  403): InputReader:: getSwitchState lock 
D/InputReader(  403): InputReader::getStateLocked:: return 
D/PowerManagerService(  403): setKeyboardVisibility: false
V/ActivityManager(  403): Activity idle: null
D/dalvikvm(22883): threadid=10: interp stack at 0x4fe1a000
I/ActivityManager(  403): No longer want com.google.android.calendar (pid 22518): hidden #16
I/ActivityManager(  403): No longer want com.cleanmaster.mguard (pid 22461): hidden #17
D/NetworkPolicy(  403): onRecv: MSG_FOREGROUND_ACTIVITIES_CHANGED pid:uid:act=630:10034:true
I/ActivityManager(  403): No longer want com.google.android.gsf.login (pid 22618): hidden #16
D/IPCThreadState(  403): [DN #5] BR_DEAD_BINDER cookie 0x577ed8f8
V/ActivityManager(  403): Death received in com.android.server.am.ActivityManagerService$AppDeathRecipient@43b00790 for thread android.os.BinderProxy@43a6d828
V/ActivityManager(  403): Dying app: ProcessRecord{42df8038 22461:com.cleanmaster.mguard/u0a69}, pid: 22461, thread: android.os.BinderProxy@43a6d828
V/ActivityManager(  403): Removing app ProcessRecord{42df8038 0:com.cleanmaster.mguard/u0a69} from list [ActivityRecord{4378d908 com.android.phone/.InCallScreen}, ActivityRecord{42e64c38 com.android.contacts/.activities.DialtactsActivity}, ActivityRecord{42e90fc8 com.android.launcher/com.android.launcher2.Launcher}] with 3 entries
V/ActivityManager(  403): Record #2 ActivityRecord{42e90fc8 com.android.launcher/com.android.launcher2.Launcher}: app=ProcessRecord{42e86b28 630:com.android.launcher/u0a34}
V/ActivityManager(  403): Record #1 ActivityRecord{42e64c38 com.android.contacts/.activities.DialtactsActivity}: app=ProcessRecord{42f55da0 20773:com.android.contacts/u0a5}
V/ActivityManager(  403): Record #0 ActivityRecord{4378d908 com.android.phone/.InCallScreen}: app=ProcessRecord{42e55fb0 541:com.android.phone/1001}
V/ActivityManager(  403): Removing app ProcessRecord{42df8038 0:com.cleanmaster.mguard/u0a69} from list [] with 0 entries
V/ActivityManager(  403): Removing app ProcessRecord{42df8038 0:com.cleanmaster.mguard/u0a69} from list [] with 0 entries
V/ActivityManager(  403): Removing app ProcessRecord{42df8038 0:com.cleanmaster.mguard/u0a69} from list [] with 0 entries
V/ActivityManager(  403): Removing app ProcessRecord{42df8038 0:com.cleanmaster.mguard/u0a69} from list [] with 0 entries
D/IPCThreadState(  403): [DN #5] BR_CLEAR_DEATH_NOTIFICATION_DONE cookie 0x577ed8f8
W/ADB_SERVICES( 5573): terminating JDWP 22461 connection: Try again
D/ADB_SERVICES( 5573): remove pid 22461 to jdwp process list
I/SurfaceFlinger(  125): [SurfaceFlinger] fps:13.445229,dur:1190.01,max:501.16,min:30.95
D/Launcher(  630): Launcher, (Launcher)onStart: this = com.android.launcher2.Launcher@42b14dd8
D/Launcher(  630): Launcher, (Launcher)onResume: mRestoring = false, mOnResumeNeedsLoad = false, this = com.android.launcher2.Launcher@42b14dd8
D/skia    (  630): Flag is not 10
D/NativeCrypto(21602): sslSelect READ fd=47 appData=0x51696750 timeout_millis=0 => 1
D/NativeCrypto(21602): Doing SSL_Read() ssl=0x51662078, appData=0x51696750
D/NativeCrypto(21602): Returned from SSL_Read() with result 1, error code 0 ssl=0x51662078, appData=0x51696750
V/Provider/Setting(  630): from settings cache , name = landscape_launcher value = none
D/NativeCrypto(21602): ssl=0x51662078 sslRead buf=0x42aec530 len=1,timeo=0
D/NativeCrypto(21602): Doing SSL_Read() ssl=0x51662078, appData=0x51696750
D/NativeCrypto(21602): Returned from SSL_Read() with result 1, error code 0 ssl=0x51662078, appData=0x51696750
D/NativeCrypto(21602): ssl=0x51662078 sslRead buf=0x42b17f88 len=1,timeo=0
D/NativeCrypto(21602): Doing SSL_Read() ssl=0x51662078, appData=0x51696750
D/NativeCrypto(21602): Returned from SSL_Read() with result -1, error code 2 ssl=0x51662078, appData=0x51696750
D/NativeCrypto(21602): sslSelect type=READ fd=47 appData=0x51696750 timeout_millis=0
D/IPCThreadState(  403): [DN #5] BR_DEAD_BINDER cookie 0x56bd07b8
W/ADB_SERVICES( 5573): terminating JDWP 22618 connection: Try again
D/ADB_SERVICES( 5573): remove pid 22618 to jdwp process list
V/ActivityManager(  403): Death received in com.android.server.am.ActivityManagerService$AppDeathRecipient@437542c0 for thread android.os.BinderProxy@43a71f48
V/ActivityManager(  403): Dying app: ProcessRecord{43e1ce30 22618:com.google.android.gsf.login/u0a27}, pid: 22618, thread: android.os.BinderProxy@43a71f48
V/ActivityManager(  403): Removing app ProcessRecord{43e1ce30 0:com.google.android.gsf.login/u0a27} from list [ActivityRecord{4378d908 com.android.phone/.InCallScreen}, ActivityRecord{42e64c38 com.android.contacts/.activities.DialtactsActivity}, ActivityRecord{42e90fc8 com.android.launcher/com.android.launcher2.Launcher}] with 3 entries
V/ActivityManager(  403): Record #2 ActivityRecord{42e90fc8 com.android.launcher/com.android.launcher2.Launcher}: app=ProcessRecord{42e86b28 630:com.android.launcher/u0a34}
V/ActivityManager(  403): Record #1 ActivityRecord{42e64c38 com.android.contacts/.activities.DialtactsActivity}: app=ProcessRecord{42f55da0 20773:com.android.contacts/u0a5}
V/ActivityManager(  403): Record #0 ActivityRecord{4378d908 com.android.phone/.InCallScreen}: app=ProcessRecord{42e55fb0 541:com.android.phone/1001}
V/ActivityManager(  403): Removing app ProcessRecord{43e1ce30 0:com.google.android.gsf.login/u0a27} from list [] with 0 entries
V/ActivityManager(  403): Removing app ProcessRecord{43e1ce30 0:com.google.android.gsf.login/u0a27} from list [] with 0 entries
