--------- beginning of /dev/log/system
V/ActivityManager(  403): Broadcast sticky: Intent { act=android.intent.action.SIG_STR flg=0x10 (has extras) } ordered=false userid=0
I/PackageManager(  403): Start copying apk
W/ActivityManager(  403): No content provider found for permission revoke: file:///data/local/tmp/com.rarlab.rar-v5.30.build36-36-Android-4.0.3.apk
W/ActivityManager(  403): No content provider found for permission revoke: file:///data/local/tmp/com.rarlab.rar-v5.30.build36-36-Android-4.0.3.apk
I/PackageManager(  403): Apk copy done
I/ClipboardService(  403): Got clipboard for user=0
D/PowerManagerService(  403): user activity timeout timed out nextState=3
D/PowerManagerService(  403): setPowerState: mPowerState=0x3 newState=0x3 noChangeLights=false reason=3
D/PowerManagerService(  403): setTimeoutLocked now=28449250 timeoutOverride=-1 nextState=1 when=28496250
I/PackageManager(  403): Perform pre-dex opt for package: com.rarlab.rar
I/PackageManager(  403): Running dexopt on: com.rarlab.rar
V/ActivityManager(  403): Broadcast sticky: Intent { act=android.intent.action.SIG_STR flg=0x10 (has extras) } ordered=false userid=0
I/ClipboardService(  403): Got clipboard for user=0
V/ActivityManager(  403): Broadcast sticky: Intent { act=android.intent.action.BATTERY_CHANGED flg=0x60000010 (has extras) } ordered=false userid=0
D/PowerManagerService(  403): BatteryReceiver mIsPowered=true wasPowered=true
D/UsbDeviceManager(  403): onReceive - ACTION_BATTERY_CHANGED - mPlugType: 2, mSettingUsbCharging: false, mConnected: true, mSettingUsbBicr: false
I/PackageManager(  403): Dexopt done on: com.rarlab.rar
I/ActivityManager(  403): Force stopping package com.rarlab.rar uid=10125
V/ActivityManager(  403): Activity idle: null
V/ActivityManager(  403): Broadcast: Intent { act=android.intent.action.PACKAGE_ADDED dat=package:com.rarlab.rar flg=0x8000010 (has extras) } ordered=false userid=0
V/ActivityManager(  403): Broadcast sticky: Intent { act=android.intent.action.SIG_STR flg=0x10 (has extras) } ordered=false userid=0
D/BackupManagerService(  403): Received broadcast Intent { act=android.intent.action.PACKAGE_ADDED dat=package:com.rarlab.rar flg=0x8000010 (has extras) }
V/BackupManagerService(  403): addPackageParticipantsLocked: #1
I/ActivityManager(  403): Start proc com.google.android.partnersetup for broadcast com.google.android.partnersetup/.RlzPingBroadcastReceiver: pid=22715 uid=10028 gids={3003, 1028}
V/ActivityManager(  403): Binding process pid 22715 to record ProcessRecord{437e0ec0 22715:com.google.android.partnersetup/u0a28}
V/ActivityManager(  403): New death recipient com.android.server.am.ActivityManagerService$AppDeathRecipient@43b6a0d0 for thread android.os.BinderProxy@436e5138
V/ActivityManager(  403): New app record ProcessRecord{437e0ec0 22715:com.google.android.partnersetup/u0a28} thread=android.os.BinderProxy@436e5138 pid=22715
V/AlarmManager(  403): set: Alarm{435aa728 type 0 com.android.vending}
V/AlarmManager(  403): Adding alarm Alarm{435aa728 type 0 com.android.vending} at 0
V/AlarmManager(  403): alarms: 22 type: 0
V/AlarmManager(  403): 0: Sep 27 03:54:41 pm com.android.vending
V/AlarmManager(  403): 1: Sep 27 04:03:54 pm com.viber.voip
V/AlarmManager(  403): 2: Sep 27 04:08:37 pm com.google.android.gms
V/AlarmManager(  403): 3: Sep 27 05:30:41 pm com.google.android.gms
V/AlarmManager(  403): 4: Sep 27 06:43:28 pm com.viber.voip
V/AlarmManager(  403): 5: Sep 27 06:43:29 pm com.viber.voip
V/AlarmManager(  403): 6: Sep 27 08:19:07 pm com.android.vending
V/AlarmManager(  403): 7: Sep 28 12:00:00 am com.google.android.gms
V/AlarmManager(  403): 8: Sep 28 12:00:30 am com.socialnmobile.dictapps.notepad.color.note
V/AlarmManager(  403): 9: Sep 28 02:50:19 am com.socialnmobile.dictapps.notepad.color.note
V/AlarmManager(  403): 10: Sep 28 05:37:09 am com.google.android.gms
V/AlarmManager(  403): 11: Sep 28 06:00:00 am com.android.settings
V/AlarmManager(  403): 12: Sep 28 07:30:00 am com.android.deskclock
V/AlarmManager(  403): 13: Sep 28 07:30:00 am com.android.deskclock
V/AlarmManager(  403): 14: Sep 28 09:45:00 am com.android.providers.calendar
V/AlarmManager(  403): 15: Sep 28 09:45:01 am com.google.android.calendar
V/AlarmManager(  403): 16: Sep 28 09:46:00 am com.android.providers.calendar
V/AlarmManager(  403): 17: Sep 28 10:00:00 am com.perm.kate_new_2
V/AlarmManager(  403): 18: Sep 28 10:45:32 am com.google.android.gms
V/AlarmManager(  403): 19: Sep 28 11:12:02 pm com.google.android.gms
V/AlarmManager(  403): 20: Oct 01 09:57:28 pm com.google.android.gms
V/AlarmManager(  403): 21: Oct 03 03:36:00 pm com.google.android.partnersetup
V/AlarmManager(  403): Native set alarm :Alarm{435aa728 type 0 com.android.vending}
D/PowerManagerService(  403): acquireWakeLock flags=0x1 tag=wake:com.google.android.gms/.config.ConfigFetchService
D/PowerManagerService(  403): acquireWakeLock flags=0x1 tag=Config Service fetch
D/PowerManagerService(  403): releaseWakeLock flags=0x1 tag=wake:com.google.android.gms/.config.ConfigFetchService total_time=39ms
W/SchedPolicy(  403): add_tid_to_cgroup failed to write '22733', len = 5, fd = 32, err = 3
I/ActivityManager(  403): Start proc com.celticspear.matches for broadcast com.celticspear.matches/com.heyzap.sdk.ads.PackageAddedReceiver: pid=22740 uid=10068 gids={3003, 1028}
D/PowerManagerService(  403): acquireWakeLock flags=0x1 tag=Icing
V/ActivityManager(  403): Binding process pid 22740 to record ProcessRecord{43e38110 22740:com.celticspear.matches/u0a68}
V/ActivityManager(  403): New death recipient com.android.server.am.ActivityManagerService$AppDeathRecipient@43444e98 for thread android.os.BinderProxy@43444730
V/ActivityManager(  403): New app record ProcessRecord{43e38110 22740:com.celticspear.matches/u0a68} thread=android.os.BinderProxy@43444730 pid=22740
D/PowerManagerService(  403): releaseWakeLock flags=0x1 tag=Icing total_time=31ms
I/ActivityManager(  403): Start proc ru.yandex.afisha for broadcast ru.yandex.afisha/com.yandex.metrica.MetricaEventHandler: pid=22754 uid=10109 gids={3003, 1015, 1028}
V/ActivityManager(  403): Broadcast: Intent { act=android.search.action.SEARCHABLES_CHANGED flg=0x20000010 } ordered=false userid=0
V/ActivityManager(  403): Binding process pid 22754 to record ProcessRecord{434556d8 22754:ru.yandex.afisha/u0a109}
V/ActivityManager(  403): New death recipient com.android.server.am.ActivityManagerService$AppDeathRecipient@439e8768 for thread android.os.BinderProxy@439e8308
V/ActivityManager(  403): New app record ProcessRecord{434556d8 22754:ru.yandex.afisha/u0a109} thread=android.os.BinderProxy@439e8308 pid=22754
I/ActivityManager(  403): Start proc com.perm.kate_new_2 for broadcast com.perm.kate_new_2/com.yandex.metrica.MetricaEventHandler: pid=22773 uid=10108 gids={3003, 1015, 1028}
V/ActivityManager(  403): Binding process pid 22773 to record ProcessRecord{42ae4d68 22773:com.perm.kate_new_2/u0a108}
V/ActivityManager(  403): New death recipient com.android.server.am.ActivityManagerService$AppDeathRecipient@438c2dd8 for thread android.os.BinderProxy@437e68e0
V/ActivityManager(  403): New app record ProcessRecord{42ae4d68 22773:com.perm.kate_new_2/u0a108} thread=android.os.BinderProxy@437e68e0 pid=22773
D/PowerManagerService(  403): acquireWakeLock flags=0x1 tag=RILJ
D/PowerManagerService(  403): acquireWakeLock flags=0x1 tag=RILJ
D/PowerManagerService(  403): acquireWakeLock flags=0x1 tag=RILJ
D/PowerManagerService(  403): acquireWakeLock flags=0x1 tag=RILJ
D/PowerManagerService(  403): acquireWakeLock flags=0x1 tag=RILJ
D/PowerManagerService(  403): acquireWakeLock flags=0x1 tag=RILJ
D/PowerManagerService(  403): acquireWakeLock flags=0x1 tag=RILJ
D/PowerManagerService(  403): acquireWakeLock flags=0x1 tag=RILJ
D/PowerManagerService(  403): releaseWakeLock flags=0x1 tag=RILJ total_time=12ms
V/ActivityManager(  403): Broadcast sticky: Intent { act=android.intent.action.NETWORK_SET_TIMEZONE flg=0x20000010 (has extras) } ordered=false userid=0
D/CountryDetector(  403): onServiceStateChanged serviceState:SIM2 0 home life:) life:) 25506  GPRS CSS not supported 0 0 RoamInd=0 DefRoamInd=0 EmergOnly=false Regist state: 1
V/ActivityManager(  403): Broadcast sticky: Intent { act=android.intent.action.SERVICE_STATE flg=0x10 (has extras) } ordered=false userid=0
E/ActivityThread(22773): Failed to find provider info for ru.yandex.metro.MetricaContentProvider
I/ActivityManager(  403): START {flg=0x10000000 cmp=com.rarlab.rar/.MainActivity u=0} from pid 22792
D/PowerManagerService(  403): acquireWakeLock flags=0x1 tag=ActivityManager-Launch
I/ActivityManager(  403): Start proc com.rarlab.rar for activity com.rarlab.rar/.MainActivity: pid=22803 uid=10125 gids={3003, 1015, 1028}
V/ActivityManager(  403): Binding process pid 22803 to record ProcessRecord{42f276e8 22803:com.rarlab.rar/u0a125}
V/ActivityManager(  403): New death recipient com.android.server.am.ActivityManagerService$AppDeathRecipient@43623c58 for thread android.os.BinderProxy@43636ad0
V/ActivityManager(  403): New app record ProcessRecord{42f276e8 22803:com.rarlab.rar/u0a125} thread=android.os.BinderProxy@43636ad0 pid=22803
D/PowerManagerService(  403): setKeyboardVisibility: false
V/ActivityManager(  403): ACT-Launching: ActivityRecord{42f5b010 com.rarlab.rar/.MainActivity}
V/WindowManager(  403): Changing focus from Window{43636110 com.android.launcher/com.android.launcher2.Launcher paused=false} to null
I/WindowManager(  403): Losing focus: Window{43636110 com.android.launcher/com.android.launcher2.Launcher paused=false}
V/ActivityManager(  403): Broadcast: Intent { act=com.eastaeon.action.not.launcher flg=0x10 } ordered=false userid=0
E/ActivityThread(15899): Failed to find provider info for com.rarlab.rar.YPLContentProvider
V/NotificationService(  403): enqueueNotificationInternal: pkg=com.advancedprocessmanager id=1984 notification=Notification(pri=0 contentView=com.advancedprocessmanager/0x109007a vibrate=null sound=null defaults=0x0 flags=0x10 kind=[null])
V/NotificationService(  403): notifications are enabled for com.advancedprocessmanager
V/NotificationService(  403): Assigned score=0 to Notification(pri=0 contentView=com.advancedprocessmanager/0x109007a vibrate=null sound=null defaults=0x0 flags=0x10 kind=[null])
D/StatusBar(  495): setting collapsed row height to 140
D/StatusBar(  495): setting collapsed row height to 140
D/StatusBar(  495): setting collapsed row height to 140
V/AppWidgetServiceImpl(  403): getInstalledProviders hostName = com.android.launcher¿Ä¿Ä¿Ä¿Ä¿Ä¿Ä¿Ä¿Ä¿Ä¿Ä¿Ä¿Ä¿Ä¿Ä¿Ä¿Ä¿Ä¿Ä¿Ä¿Ä¿Ä¿Ä¿Ä¿Ä¿Ä¿Ä¿Ä¿Ä¿Ä¿Ä¿Ä¿Ä¿Ä¿Ä¿Ä¿Ä¿Ä¿Ä¿Ä¿Ä¿Ä¿Ä¿Ä¿Ä¿Ä¿Ä¿Ä¿Ä¿Ä¿Ä¿Ä¿Ä¿Ä¿Ä¿Ä¿Ä
V/AppWidgetServiceImpl(  403): permission of the launcher: 0 enableFiltering = false
V/AppWidgetServiceImpl(  403): widget package name: com.android.browser Permission: -1
V/AppWidgetServiceImpl(  403): p.zombie = false
V/AppWidgetServiceImpl(  403): widget package name: com.android.contacts Permission: -1
V/AppWidgetServiceImpl(  403): p.zombie = false
V/AppWidgetServiceImpl(  403): widget package name: com.android.deskclock Permission: -1
V/AppWidgetServiceImpl(  403): p.zombie = false
V/AppWidgetServiceImpl(  403): widget package name: com.android.email Permission: -1
V/AppWidgetServiceImpl(  403): p.zombie = false
V/AppWidgetServiceImpl(  403): widget package name: com.android.gallery3d Permission: -1
V/AppWidgetServiceImpl(  403): p.zombie = false
V/AppWidgetServiceImpl(  403): widget package name: com.android.mms Permission: -1
V/AppWidgetServiceImpl(  403): p.zombie = false
V/AppWidgetServiceImpl(  403): widget package name: com.mediatek.appwidget.worldclock Permission: -1
V/AppWidgetServiceImpl(  403): p.zombie = false
V/AppWidgetServiceImpl(  403): widget package name: com.android.music Permission: -1
V/AppWidgetServiceImpl(  403): p.zombie = false
V/AppWidgetServiceImpl(  403): widget package name: com.android.protips Permission: -1
V/AppWidgetServiceImpl(  403): p.zombie = false
V/AppWidgetServiceImpl(  403): widget package name: com.android.settings Permission: -1
V/AppWidgetServiceImpl(  403): p.zombie = false
V/AppWidgetServiceImpl(  403): widget package name: com.mediatek.videofavorites Permission: 0
V/AppWidgetServiceImpl(  403): p.zombie = false
V/AppWidgetServiceImpl(  403): widget package name: com.android.vending Permission: -1
V/AppWidgetServiceImpl(  403): p.zombie = false
V/AppWidgetServiceImpl(  403): widget package name: com.android.vending Permission: -1
V/AppWidgetServiceImpl(  403): p.zombie = false
V/AppWidgetServiceImpl(  403): widget package name: com.android.vending Permission: -1
V/AppWidgetServiceImpl(  403): p.zombie = false
V/AppWidgetServiceImpl(  403): widget package name: com.google.android.calendar Permission: -1
V/AppWidgetServiceImpl(  403): p.zombie = false
V/AppWidgetServiceImpl(  403): widget package name: com.google.android.gm Permission: -1
V/AppWidgetServiceImpl(  403): p.zombie = false
V/AppWidgetServiceImpl(  403): widget package name: com.ddm.ctimer Permission: -1
V/AppWidgetServiceImpl(  403): p.zombie = false
V/AppWidgetServiceImpl(  403): widget package name: com.ddm.ctimer Permission: -1
V/AppWidgetServiceImpl(  403): p.zombie = false
V/AppWidgetServiceImpl(  403): widget package name: org.withouthat.acalendar Permission: -1
V/AppWidgetServiceImpl(  403): p.zombie = false
V/AppWidgetServiceImpl(  403): widget package name: org.withouthat.acalendar Permission: -1
V/AppWidgetServiceImpl(  403): p.zombie = false
D/MobileDataStateTracker(  403): default: getNetworkInfo: updated IsAvailable=true
D/MobileDataStateTracker(  403): default: getNetworkInfo: updated IsAvailable=true
D/ConnectivityService(  403): getActiveNetworkInfo:NetworkInfo: type: mobile[EDGE], state: CONNECTED/CONNECTED, reason: dataEnabled, extra: www.mts.com.ua, roaming: false, failover: false, isAvailable: true, simId: 0/10125
D/MobileDataStateTracker(  403): default: getNetworkInfo: updated IsAvailable=true
D/MobileDataStateTracker(  403): default: getNetworkInfo: updated IsAvailable=true
D/MobileDataStateTracker(  403): default: getNetworkInfo: updated IsAvailable=true
D/MobileDataStateTracker(  403): default: getNetworkInfo: updated IsAvailable=true
D/ConnectivityService(  403): getActiveNetworkInfo:NetworkInfo: type: mobile[EDGE], state: CONNECTED/CONNECTED, reason: dataEnabled, extra: www.mts.com.ua, roaming: false, failover: false, isAvailable: true, simId: 0/10125
D/MobileDataStateTracker(  403): default: getNetworkInfo: updated IsAvailable=true
D/MobileDataStateTracker(  403): default: getNetworkInfo: updated IsAvailable=true
D/ConnectivityService(  403): getActiveNetworkInfo:NetworkInfo: type: mobile[EDGE], state: CONNECTED/CONNECTED, reason: dataEnabled, extra: www.mts.com.ua, roaming: false, failover: false, isAvailable: true, simId: 0/10125
V/ActivityManager(  403): getTasks: max=1, flags=0, receiver=null
W/ActivityManager(  403): Permission Denial: getTasks() from pid=22803, uid=10125 requires android.permission.GET_TASKS
V/WindowManager(  403): Changing focus from null to Window{42fb2a70 com.rarlab.rar/com.rarlab.rar.MainActivity paused=false}
I/ActivityManager(  403): No longer want com.android.keychain (pid 22423): hidden #16
I/WindowManager(  403): Gaining focus: Window{42fb2a70 com.rarlab.rar/com.rarlab.rar.MainActivity paused=false}
V/ActivityManager(  403): Death received in com.android.server.am.ActivityManagerService$AppDeathRecipient@438cb778 for thread android.os.BinderProxy@436d4f58
V/ActivityManager(  403): Dying app: ProcessRecord{42f801b8 22423:com.android.keychain/1000}, pid: 22423, thread: android.os.BinderProxy@436d4f58
V/ActivityManager(  403): Removing app ProcessRecord{42f801b8 0:com.android.keychain/1000} from list [ActivityRecord{4378d908 com.android.phone/.InCallScreen}, ActivityRecord{42e64c38 com.android.contacts/.activities.DialtactsActivity}, ActivityRecord{42e90fc8 com.android.launcher/com.android.launcher2.Launcher}, ActivityRecord{42f5b010 com.rarlab.rar/.MainActivity}] with 4 entries
V/ActivityManager(  403): Record #3 ActivityRecord{42f5b010 com.rarlab.rar/.MainActivity}: app=ProcessRecord{42f276e8 22803:com.rarlab.rar/u0a125}
V/ActivityManager(  403): Record #2 ActivityRecord{42e90fc8 com.android.launcher/com.android.launcher2.Launcher}: app=ProcessRecord{42e86b28 630:com.android.launcher/u0a34}
V/ActivityManager(  403): Record #1 ActivityRecord{42e64c38 com.android.contacts/.activities.DialtactsActivity}: app=ProcessRecord{42f55da0 20773:com.android.contacts/u0a5}
V/ActivityManager(  403): Record #0 ActivityRecord{4378d908 com.android.phone/.InCallScreen}: app=ProcessRecord{42e55fb0 541:com.android.phone/1001}
V/ActivityManager(  403): Removing app ProcessRecord{42f801b8 0:com.android.keychain/1000} from list [ActivityRecord{42e90fc8 com.android.launcher/com.android.launcher2.Launcher}] with 1 entries
V/ActivityManager(  403): Record #0 ActivityRecord{42e90fc8 com.android.launcher/com.android.launcher2.Launcher}: app=ProcessRecord{42e86b28 630:com.android.launcher/u0a34}
V/ActivityManager(  403): Removing app ProcessRecord{42f801b8 0:com.android.keychain/1000} from list [] with 0 entries
V/ActivityManager(  403): Removing app ProcessRecord{42f801b8 0:com.android.keychain/1000} from list [ActivityRecord{42e90fc8 com.android.launcher/com.android.launcher2.Launcher}] with 1 entries
V/ActivityManager(  403): Record #0 ActivityRecord{42e90fc8 com.android.launcher/com.android.launcher2.Launcher}: app=ProcessRecord{42e86b28 630:com.android.launcher/u0a34}
V/ActivityManager(  403): Removing app ProcessRecord{42f801b8 0:com.android.keychain/1000} from list [] with 0 entries
V/InputMethodManagerService(  403): windowGainedFocus: android.os.BinderProxy@42fa37f8 controlFlags=#105 softInputMode=#110 windowFlags=#1810100
V/ActivityManager(  403): Stopping ActivityRecord{42e90fc8 com.android.launcher/com.android.launcher2.Launcher}: nowVisible=true waitingVisible=true finishing=false
I/ClipboardService(  403): Got clipboard for user=0
V/ActivityManager(  403): Activity idle: Token{42d67f00 ActivityRecord{42f5b010 com.rarlab.rar/.MainActivity}}
D/PowerManagerService(  403): releaseWakeLock flags=0x1 tag=ActivityManager-Launch total_time=1500ms
V/ActivityManager(  403): Stopping ActivityRecord{42e90fc8 com.android.launcher/com.android.launcher2.Launcher}: nowVisible=true waitingVisible=false finishing=false
V/ActivityManager(  403): Ready to stop: ActivityRecord{42e90fc8 com.android.launcher/com.android.launcher2.Launcher}
V/ActivityManager(  403): Activity stopped: token=Token{42e91178 ActivityRecord{42e90fc8 com.android.launcher/com.android.launcher2.Launcher}}
D/MobileDataStateTracker(  403): default: getNetworkInfo: updated IsAvailable=true
D/MobileDataStateTracker(  403): default: getNetworkInfo: updated IsAvailable=true
D/ConnectivityService(  403): getActiveNetworkInfo:NetworkInfo: type: mobile[EDGE], state: CONNECTED/CONNECTED, reason: dataEnabled, extra: www.mts.com.ua, roaming: false, failover: false, isAvailable: true, simId: 0/10027
D/MobileDataStateTracker(  403): default: getNetworkInfo: updated IsAvailable=true
D/MobileDataStateTracker(  403): default: getNetworkInfo: updated IsAvailable=true
D/MobileDataStateTracker(  403): default: getNetworkInfo: updated IsAvailable=true
D/MobileDataStateTracker(  403): default: getNetworkInfo: updated IsAvailable=true
D/ConnectivityService(  403): getActiveNetworkInfo:NetworkInfo: type: mobile[EDGE], state: CONNECTED/CONNECTED, reason: dataEnabled, extra: www.mts.com.ua, roaming: false, failover: false, isAvailable: true, simId: 0/10027
D/MobileDataStateTracker(  403): default: getNetworkInfo: updated IsAvailable=true
D/MobileDataStateTracker(  403): default: getNetworkInfo: updated IsAvailable=true
D/ConnectivityService(  403): getActiveNetworkInfo:NetworkInfo: type: mobile[EDGE], state: CONNECTED/CONNECTED, reason: dataEnabled, extra: www.mts.com.ua, roaming: false, failover: false, isAvailable: true, simId: 0/10027
D/MobileDataStateTracker(  403): default: getNetworkInfo: updated IsAvailable=true
D/MobileDataStateTracker(  403): default: getNetworkInfo: updated IsAvailable=true
D/ConnectivityService(  403): getActiveNetworkInfo:NetworkInfo: type: mobile[EDGE], state: CONNECTED/CONNECTED, reason: dataEnabled, extra: www.mts.com.ua, roaming: false, failover: false, isAvailable: true, simId: 0/10027
D/MobileDataStateTracker(  403): default: getNetworkInfo: updated IsAvailable=true
D/MobileDataStateTracker(  403): default: getNetworkInfo: updated IsAvailable=true
D/ConnectivityService(  403): getActiveNetworkInfo:NetworkInfo: type: mobile[EDGE], state: CONNECTED/CONNECTED, reason: dataEnabled, extra: www.mts.com.ua, roaming: false, failover: false, isAvailable: true, simId: 0/10027
D/FrameworkListener(  121): dispatchCommand data = (getaddrinfo googleads.g.doubleclick.net ^ 1024 0 1 0)
D/FrameworkListener(  121): dispatchCommand data = (getaddrinfo googleads.g.doubleclick.net ^ 1024 0 1 0)
D/SocketClient(  121): SocketClient sendDatalocked done: 222
D/SocketClient(  121): SocketClient sendDatalocked done: 
D/SocketClient(  121): SocketClient sendDatalocked done: 
D/SocketClient(  121): SocketClient sendDatalocked done: 
D/SocketClient(  121): SocketClient sendDatalocked done: 
D/SocketClient(  121): SocketClient sendDatalocked done: 
D/SocketClient(  121): SocketClient sendDatalocked done: 
D/SocketClient(  121): SocketClient sendDatalocked done: 
D/SocketClient(  121): SocketClient sendDatalocked done: 
D/SocketClient(  121): SocketClient sendDatalocked done: 
D/SocketClient(  121): SocketClient sendDatalocked done: 
D/SocketClient(  121): SocketClient sendDatalocked done: 
D/SocketClient(  121): SocketClient sendDatalocked done: 
D/SocketClient(  121): SocketClient sendDatalocked done: 
D/SocketClient(  121): SocketClient sendDatalocked done: 
D/SocketClient(  121): SocketClient sendDatalocked done: 
D/SocketClient(  121): SocketClient sendDatalocked done: 
D/SocketClient(  121): SocketClient sendDatalocked done: 222
D/SocketClient(  121): SocketClient sendDatalocked done: 
D/SocketClient(  121): SocketClient sendDatalocked done: 
D/SocketClient(  121): SocketClient sendDatalocked done: 
D/SocketClient(  121): SocketClient sendDatalocked done: 
D/SocketClient(  121): SocketClient sendDatalocked done: 
D/SocketClient(  121): SocketClient sendDatalocked done: 
D/SocketClient(  121): SocketClient sendDatalocked done: 
D/SocketClient(  121): SocketClient sendDatalocked done: 
D/SocketClient(  121): SocketClient sendDatalocked done: 
D/SocketClient(  121): SocketClient sendDatalocked done: 
D/SocketClient(  121): SocketClient sendDatalocked done: 
D/SocketClient(  121): SocketClient sendDatalocked done: 
D/SocketClient(  121): SocketClient sendDatalocked done: 
D/SocketClient(  121): SocketClient sendDatalocked done: 
D/SocketClient(  121): SocketClient sendDatalocked done: 
D/SocketClient(  121): SocketClient sendDatalocked done: 
V/AlarmManager(  403): Checking for alarms... rtc=1443358471186, elapsed=87551728
V/AlarmManager(  403): Checking active alarm when=87551728 Alarm{43af1160 type 2 com.android.phone}
V/AlarmManager(  403): Alarm triggering: Alarm{43af1160 type 2 com.android.phone}
V/AlarmManager(  403): Checking active alarm when=87573306 Alarm{43b64d00 type 2 com.facebook.lite}
V/AlarmManager(  403): Native set alarm :Alarm{43b64d00 type 2 com.facebook.lite}
I/AlarmManager(  403): reset poweroff alarm none
V/AlarmManager(  403): sending alarm Alarm{43af1160 type 2 com.android.phone}
V/ActivityManager(  403): Broadcast: Intent { act=com.android.internal.telephony.gprs-data-stall flg=0x14 (has extras) } ordered=true userid=0
D/PowerManagerService(  403): acquireWakeLock flags=0x1 tag=AlarmManager
V/AlarmManager(  403): set: Alarm{43929b10 type 2 com.android.phone}
V/AlarmManager(  403): Adding alarm Alarm{43929b10 type 2 com.android.phone} at 1
V/AlarmManager(  403): alarms: 24 type: 2
V/AlarmManager(  403): 0: Jan 02 03:19:33 am com.facebook.lite
V/AlarmManager(  403): 1: Jan 02 03:20:11 am com.android.phone
V/AlarmManager(  403): 2: Jan 02 03:21:22 am com.google.android.gms
V/AlarmManager(  403): 3: Jan 02 03:21:23 am com.google.android.gms
V/AlarmManager(  403): 4: Jan 02 03:22:31 am com.google.android.gms
V/AlarmManager(  403): 5: Jan 02 03:45:00 am com.google.android.gms
V/AlarmManager(  403): 6: Jan 02 04:11:19 am com.google.android.gms
V/AlarmManager(  403): 7: Jan 02 04:11:40 am android
V/AlarmManager(  403): 8: Jan 02 05:02:35 am com.google.android.gms
V/AlarmManager(  403): 9: Jan 02 06:01:04 am com.google.android.location
V/AlarmManager(  403): 10: Jan 02 06:07:29 am com.google.android.gms
V/AlarmManager(  403): 11: Jan 02 06:11:14 am com.google.android.gms
V/AlarmManager(  403): 12: Jan 02 09:15:00 am android
V/AlarmManager(  403): 13: Jan 02 03:15:00 pm android
V/AlarmManager(  403): 14: Jan 02 11:01:42 pm com.google.android.location
V/AlarmManager(  403): 15: Jan 03 03:15:00 am com.google.android.gms
V/AlarmManager(  403): 16: Jan 12 03:16:22 am com.google.android.gms
V/AlarmManager(  403): 17: Dec 30 03:00:30 am com.google.android.gms
V/AlarmManager(  403): 18: Dec 30 03:00:31 am com.google.android.gms
V/AlarmManager(  403): 19: Dec 30 03:00:31 am com.google.android.gms
V/AlarmManager(  403): 20: Dec 30 03:00:31 am com.google.android.gms
V/AlarmManager(  403): 21: Dec 30 03:00:31 am com.google.android.gms
V/AlarmManager(  403): 22: Dec 30 03:00:44 am com.google.android.gms
V/AlarmManager(  403): 23: Dec 30 06:11:06 am com.google.android.gms
D/PowerManagerService(  403): releaseWakeLock flags=0x1 tag=AlarmManager total_time=22ms
V/ActivityManager(  403): Broadcast sticky: Intent { act=android.intent.action.SIG_STR flg=0x10 (has extras) } ordered=false userid=0
I/ClipboardService(  403): Got clipboard for user=0
D/PowerManagerService(  403): UA mLastEventTime=28443246 time=28464443 mUAAllowed=true mUserState=0x3 mWLState=0x1 mP-SensorActive=false mP-SensorEnabed=false timeoutOverride=-1 force=false
D/PowerManagerService(  403): reactivate mProxIgnored=false
D/PowerManagerService(  403): setPowerState: mPowerState=0x3 newState=0x7 noChangeLights=false reason=2
D/PowerManagerService(  403): setPowerState: mPowerState=3 newState=7 noChangeLights=false
D/PowerManagerService(  403):   oldKeyboardBright=false newKeyboardBright=false
D/PowerManagerService(  403):   oldScreenBright=true newScreenBright=true
D/PowerManagerService(  403):   oldButtonBright=false newButtonBright=true
D/PowerManagerService(  403):   oldScreenOn=true newScreenOn=true
D/PowerManagerService(  403):   oldBatteryLow=false newBatteryLow=false
D/PowerManagerService(  403): offMask=0x0 dimMask=0x0 onMask=0x4 difference=0x4 realDifference=0x4 forceState=0x0
I/PowerManagerService(  403): Setting brightess on 40: 4
D/PowerManagerService(  403): setTimeoutLocked now=28464443 timeoutOverride=-1 nextState=3 when=28470443
V/ActivityManager(  403): Broadcast: Intent { act=android.intent.action.CLOSE_SYSTEM_DIALOGS flg=0x40000010 } ordered=false userid=0
I/ActivityManager(  403): START {act=android.intent.action.CALL_BUTTON flg=0x10000000 cmp=com.android.contacts/.activities.DialtactsActivity u=0} from pid 22803
V/ActivityManager(  403): At 5 ckp TaskRecord{43b18970 #45 A com.rarlab.rar U 0}: ActivityRecord{42f5b010 com.rarlab.rar/.MainActivity}
V/ActivityManager(  403): At 4 ckp TaskRecord{42e250d8 #2 A com.android.launcher U 0}: ActivityRecord{42e90fc8 com.android.launcher/com.android.launcher2.Launcher}
V/ActivityManager(  403): At 3 ckp TaskRecord{42de7830 #12 I com.android.settings/.Settings$DevelopmentSettingsActivity U 0}: ActivityRecord{42e728e8 com.android.settings/.DevelopmentSettings}
V/ActivityManager(  403): At 2 ckp TaskRecord{43762ce8 #11 A android.task.browser U 0}: ActivityRecord{435f4ca8 com.android.browser/.BrowserActivity}
V/ActivityManager(  403): At 1 ckp TaskRecord{437d0610 #5 A com.android.phone U 0}: ActivityRecord{4378d908 com.android.phone/.InCallScreen}
V/ActivityManager(  403): At 0 ckp TaskRecord{439cbe98 #3 A android.task.contacts.phone U 0}: ActivityRecord{42e64c38 com.android.contacts/.activities.DialtactsActivity}
V/ActivityManager(  403): Removing and adding at 5
D/PowerManagerService(  403): acquireWakeLock flags=0x1 tag=ActivityManager-Launch
D/PowerManagerService(  403): setKeyboardVisibility: false
V/WindowManager(  403): Changing focus from Window{42fb2a70 com.rarlab.rar/com.rarlab.rar.MainActivity paused=true} to null
I/WindowManager(  403): Losing focus: Window{42fb2a70 com.rarlab.rar/com.rarlab.rar.MainActivity paused=true}
V/ActivityManager(  403): Broadcast: Intent { act=com.mediatek.action.UNREAD_CHANGED flg=0x10 (has extras) } ordered=false userid=0
V/WindowManager(  403): Changing focus from null to Window{43afbc78 com.android.contacts/com.android.contacts.activities.DialtactsActivity paused=false}
I/WindowManager(  403): Gaining focus: Window{43afbc78 com.android.contacts/com.android.contacts.activities.DialtactsActivity paused=false}
V/ActivityManager(  403): Broadcast sticky: Intent { act=android.intent.action.SIG_STR flg=0x10 (has extras) } ordered=false userid=0
V/CountryDetector(  403): phonetype=1
D/CountryDetector(  403): startLocationBasedDetection=true detectCountry=(source: 0, countryISO: UA) isAirplaneModeOff()=true mListener=com.android.server.CountryDetectorService$1@42e692d0 isGeoCoderImplemnted()=true
D/CountryDetector(  403): tries to stop LocationBasedDetector (current detector: null)
V/CountryDetector(  403): phonetype=1
D/CountryDetector(  403): startLocationBasedDetection=true detectCountry=(source: 0, countryISO: UA) isAirplaneModeOff()=true mListener=com.android.server.CountryDetectorService$1@42e692d0 isGeoCoderImplemnted()=true
D/CountryDetector(  403): tries to stop LocationBasedDetector (current detector: null)
V/ActivityManager(  403): Stopping ActivityRecord{42f5b010 com.rarlab.rar/.MainActivity}: nowVisible=true waitingVisible=true finishing=false
V/InputMethodManagerService(  403): windowGainedFocus: android.os.BinderProxy@42f1d858 controlFlags=#105 softInputMode=#123 windowFlags=#1810100
D/FrameworkListener(  121): dispatchCommand data = (getaddrinfo android.clients.google.com ^ 1024 0 1 0)
D/SocketClient(  121): SocketClient sendDatalocked done: 222
D/SocketClient(  121): SocketClient sendDatalocked done: 
D/SocketClient(  121): SocketClient sendDatalocked done: 
D/SocketClient(  121): SocketClient sendDatalocked done: 
D/SocketClient(  121): SocketClient sendDatalocked done: 
D/SocketClient(  121): SocketClient sendDatalocked done: 
D/SocketClient(  121): SocketClient sendDatalocked done: 
D/SocketClient(  121): SocketClient sendDatalocked done: 
D/SocketClient(  121): SocketClient sendDatalocked done: 
D/SocketClient(  121): SocketClient sendDatalocked done: 
D/SocketClient(  121): SocketClient sendDatalocked done: 
D/SocketClient(  121): SocketClient sendDatalocked done: 
D/SocketClient(  121): SocketClient sendDatalocked done: 
D/SocketClient(  121): SocketClient sendDatalocked done: 
D/SocketClient(  121): SocketClient sendDatalocked done: 
D/SocketClient(  121): SocketClient sendDatalocked done: 
D/SocketClient(  121): SocketClient sendDatalocked done: 
D/SocketClient(  121): SocketClient sendDatalocked done: 
D/SocketClient(  121): SocketClient sendDatalocked done: 
D/SocketClient(  121): SocketClient sendDatalocked done: 
D/SocketClient(  121): SocketClient sendDatalocked done: 
D/SocketClient(  121): SocketClient sendDatalocked done: 
D/SocketClient(  121): SocketClient sendDatalocked done: 
D/SocketClient(  121): SocketClient sendDatalocked done: 
D/SocketClient(  121): SocketClient sendDatalocked done: 
D/SocketClient(  121): SocketClient sendDatalocked done: 
D/SocketClient(  121): SocketClient sendDatalocked done: 
D/SocketClient(  121): SocketClient sendDatalocked done: 
D/SocketClient(  121): SocketClient sendDatalocked done: 
D/SocketClient(  121): SocketClient sendDatalocked done: 
D/SocketClient(  121): SocketClient sendDatalocked done: 
D/SocketClient(  121): SocketClient sendDatalocked done: 
D/SocketClient(  121): SocketClient sendDatalocked done: 
D/SocketClient(  121): SocketClient sendDatalocked done: 
D/SocketClient(  121): SocketClient sendDatalocked done: 
D/SocketClient(  121): SocketClient sendDatalocked done: 
D/SocketClient(  121): SocketClient sendDatalocked done: 
D/SocketClient(  121): SocketClient sendDatalocked done: 
D/SocketClient(  121): SocketClient sendDatalocked done: 
D/SocketClient(  121): SocketClient sendDatalocked done: 
D/SocketClient(  121): SocketClient sendDatalocked done: 
D/SocketClient(  121): SocketClient sendDatalocked done: 
D/SocketClient(  121): SocketClient sendDatalocked done: 
D/SocketClient(  121): SocketClient sendDatalocked done: 
D/SocketClient(  121): SocketClient sendDatalocked done: 
D/SocketClient(  121): SocketClient sendDatalocked done: 
D/SocketClient(  121): SocketClient sendDatalocked done: 
D/SocketClient(  121): SocketClient sendDatalocked done: 
D/SocketClient(  121): SocketClient sendDatalocked done: 
D/SocketClient(  121): SocketClient sendDatalocked done: 
D/SocketClient(  121): SocketClient sendDatalocked done: 
D/SocketClient(  121): SocketClient sendDatalocked done: 
D/SocketClient(  121): SocketClient sendDatalocked done: 
D/SocketClient(  121): SocketClient sendDatalocked done: 
D/SocketClient(  121): SocketClient sendDatalocked done: 
D/SocketClient(  121): SocketClient sendDatalocked done: 
D/SocketClient(  121): SocketClient sendDatalocked done: 
V/ActivityManager(  403): Activity idle: Token{437c9df8 ActivityRecord{42e64c38 com.android.contacts/.activities.DialtactsActivity}}
D/PowerManagerService(  403): releaseWakeLock flags=0x1 tag=ActivityManager-Launch total_time=879ms
V/ActivityManager(  403): Stopping ActivityRecord{42f5b010 com.rarlab.rar/.MainActivity}: nowVisible=true waitingVisible=false finishing=false
V/ActivityManager(  403): Ready to stop: ActivityRecord{42f5b010 com.rarlab.rar/.MainActivity}
V/ActivityManager(  403): Activity stopped: token=Token{42d67f00 ActivityRecord{42f5b010 com.rarlab.rar/.MainActivity}}
D/PowerManagerService(  403): UA mLastEventTime=28464443 time=28465536 mUAAllowed=true mUserState=0x7 mWLState=0x1 mP-SensorActive=false mP-SensorEnabed=false timeoutOverride=-1 force=false
D/PowerManagerService(  403): reactivate mProxIgnored=false
D/PowerManagerService(  403): setPowerState: mPowerState=0x7 newState=0x7 noChangeLights=false reason=2
D/PowerManagerService(  403): setTimeoutLocked now=28465536 timeoutOverride=-1 nextState=3 when=28471536
I/ActivityManager(  403): moveTaskToBack: 3
V/ActivityManager(  403): At 0 ckp TaskRecord{437d0610 #5 A com.android.phone U 0}: ActivityRecord{4378d908 com.android.phone/.InCallScreen}
V/ActivityManager(  403): At 1 ckp TaskRecord{43762ce8 #11 A android.task.browser U 0}: ActivityRecord{435f4ca8 com.android.browser/.BrowserActivity}
V/ActivityManager(  403): At 2 ckp TaskRecord{42de7830 #12 I com.android.settings/.Settings$DevelopmentSettingsActivity U 0}: ActivityRecord{42e728e8 com.android.settings/.DevelopmentSettings}
V/ActivityManager(  403): At 3 ckp TaskRecord{42e250d8 #2 A com.android.launcher U 0}: ActivityRecord{42e90fc8 com.android.launcher/com.android.launcher2.Launcher}
V/ActivityManager(  403): At 4 ckp TaskRecord{43b18970 #45 A com.rarlab.rar U 0}: ActivityRecord{42f5b010 com.rarlab.rar/.MainActivity}
V/ActivityManager(  403): At 5 ckp TaskRecord{439cbe98 #3 A android.task.contacts.phone U 0}: ActivityRecord{42e64c38 com.android.contacts/.activities.DialtactsActivity}
V/ActivityManager(  403): Removing and adding at 5
V/WindowManager(  403): Changing focus from Window{43afbc78 com.android.contacts/com.android.contacts.activities.DialtactsActivity paused=false} to null
I/WindowManager(  403): Losing focus: Window{43afbc78 com.android.contacts/com.android.contacts.activities.DialtactsActivity paused=false}
D/PowerManagerService(  403): acquireWakeLock flags=0x1 tag=ActivityManager-Launch
D/PowerManagerService(  403): setKeyboardVisibility: false
D/PowerManagerService(  403): UA mLastEventTime=28465536 time=28465622 mUAAllowed=true mUserState=0x7 mWLState=0x1 mP-SensorActive=false mP-SensorEnabed=false timeoutOverride=-1 force=false
D/PowerManagerService(  403): reactivate mProxIgnored=false
D/PowerManagerService(  403): setPowerState: mPowerState=0x7 newState=0x7 noChangeLights=false reason=2
D/PowerManagerService(  403): setTimeoutLocked now=28465622 timeoutOverride=-1 nextState=3 when=28471622
V/WindowManager(  403): Changing focus from null to Window{42fb2a70 com.rarlab.rar/com.rarlab.rar.MainActivity paused=false}
I/WindowManager(  403): Gaining focus: Window{42fb2a70 com.rarlab.rar/com.rarlab.rar.MainActivity paused=false}
D/VibratorService(  403): debug for cancelVibrate ++++++++++++++++++++++++
D/VibratorService(  403): debug for doCancelVibrateLocked ++++++++++++++++++++++++
D/VibratorService(  403): debug for startNextVibrationLocked return because mVibrations.size++++++++++++++++++++++++
V/InputMethodManagerService(  403): windowGainedFocus: android.os.BinderProxy@42fa37f8 controlFlags=#105 softInputMode=#10 windowFlags=#1810100
V/WindowManager(  403): Changing focus from Window{42fb2a70 com.rarlab.rar/com.rarlab.rar.MainActivity paused=false} to Window{42f21d80 StatusBar paused=false}
I/WindowManager(  403): Gaining focus: Window{42f21d80 StatusBar paused=false}
I/WindowManager(  403): Losing focus: Window{42fb2a70 com.rarlab.rar/com.rarlab.rar.MainActivity paused=false}
D/PhoneStatusBar(  495): disable: < expand icons alerts TICKER* system_info back home recent clock >
V/ActivityManager(  403): Activity idle: Token{42d67f00 ActivityRecord{42f5b010 com.rarlab.rar/.MainActivity}}
D/PowerManagerService(  403): releaseWakeLock flags=0x1 tag=ActivityManager-Launch total_time=173ms
V/ActivityManager(  403): Stopping ActivityRecord{42e64c38 com.android.contacts/.activities.DialtactsActivity}: nowVisible=false waitingVisible=true finishing=false
D/PowerManagerService(  403): UA mLastEventTime=28465622 time=28466128 mUAAllowed=true mUserState=0x7 mWLState=0x1 mP-SensorActive=false mP-SensorEnabed=false timeoutOverride=-1 force=false
D/PowerManagerService(  403): reactivate mProxIgnored=false
D/PowerManagerService(  403): setPowerState: mPowerState=0x7 newState=0x7 noChangeLights=false reason=2
D/PowerManagerService(  403): setTimeoutLocked now=28466128 timeoutOverride=-1 nextState=3 when=28472128
D/ActivityManager(  403): ACT-IDLE_NOW_MSG from windowsVisible() for idle: ActivityRecord{42f5b010 com.rarlab.rar/.MainActivity}
V/ActivityManager(  403): Activity idle: null
V/ActivityManager(  403): Stopping ActivityRecord{42e64c38 com.android.contacts/.activities.DialtactsActivity}: nowVisible=true waitingVisible=false finishing=false
V/ActivityManager(  403): Ready to stop: ActivityRecord{42e64c38 com.android.contacts/.activities.DialtactsActivity}
V/ActivityManager(  403): Broadcast: Intent { act=com.mediatek.action.UNREAD_CHANGED flg=0x10 (has extras) } ordered=false userid=0
V/ActivityManager(  403): Activity stopped: token=Token{437c9df8 ActivityRecord{42e64c38 com.android.contacts/.activities.DialtactsActivity}}
D/PowerManagerService(  403): UA mLastEventTime=28466128 time=28466629 mUAAllowed=true mUserState=0x7 mWLState=0x1 mP-SensorActive=false mP-SensorEnabed=false timeoutOverride=-1 force=false
D/PowerManagerService(  403): reactivate mProxIgnored=false
D/PowerManagerService(  403): setPowerState: mPowerState=0x7 newState=0x7 noChangeLights=false reason=2
D/PowerManagerService(  403): setTimeoutLocked now=28466629 timeoutOverride=-1 nextState=3 when=28472629
D/PowerManagerService(  403): acquireWakeLock flags=0x1 tag=RILJ
D/PowerManagerService(  403): acquireWakeLock flags=0x1 tag=RILJ
D/PowerManagerService(  403): acquireWakeLock flags=0x1 tag=RILJ
D/PowerManagerService(  403): acquireWakeLock flags=0x1 tag=RILJ
D/PowerManagerService(  403): acquireWakeLock flags=0x1 tag=RILJ
D/PowerManagerService(  403): acquireWakeLock flags=0x1 tag=RILJ
D/PowerManagerService(  403): acquireWakeLock flags=0x1 tag=RILJ
D/PowerManagerService(  403): acquireWakeLock flags=0x1 tag=RILJ
D/PowerManagerService(  403): releaseWakeLock flags=0x1 tag=RILJ total_time=20ms
V/ActivityManager(  403): Broadcast sticky: Intent { act=android.intent.action.NETWORK_SET_TIMEZONE flg=0x20000010 (has extras) } ordered=false userid=0
D/CountryDetector(  403): onServiceStateChanged serviceState:SIM2 0 home life:) life:) 25506  GPRS CSS not supported -1 -1 RoamInd=-1 DefRoamInd=-1 EmergOnly=false Regist state: 1
V/ActivityManager(  403): Broadcast sticky: Intent { act=android.intent.action.SERVICE_STATE flg=0x10 (has extras) } ordered=false userid=0
D/PowerManagerService(  403): UA mLastEventTime=28466629 time=28467131 mUAAllowed=true mUserState=0x7 mWLState=0x1 mP-SensorActive=false mP-SensorEnabed=false timeoutOverride=-1 force=false
D/PowerManagerService(  403): reactivate mProxIgnored=false
D/PowerManagerService(  403): setPowerState: mPowerState=0x7 newState=0x7 noChangeLights=false reason=2
D/PowerManagerService(  403): setTimeoutLocked now=28467131 timeoutOverride=-1 nextState=3 when=28473131
I/ClipboardService(  403): Got clipboard for user=0
D/PowerManagerService(  403): UA mLastEventTime=28467131 time=28467632 mUAAllowed=true mUserState=0x7 mWLState=0x1 mP-SensorActive=false mP-SensorEnabed=false timeoutOverride=-1 force=false
D/PowerManagerService(  403): reactivate mProxIgnored=false
D/PowerManagerService(  403): setPowerState: mPowerState=0x7 newState=0x7 noChangeLights=false reason=2
D/PowerManagerService(  403): setTimeoutLocked now=28467632 timeoutOverride=-1 nextState=3 when=28473632
D/FrameworkListener(  121): dispatchCommand data = (getaddrinfo fonts.googleapis.com ^ 1024 0 1 0)
D/FrameworkListener(  121): dispatchCommand data = (getaddrinfo pagead2.googlesyndication.com ^ 1024 0 1 0)
D/PowerManagerService(  403): UA mLastEventTime=28467632 time=28468134 mUAAllowed=true mUserState=0x7 mWLState=0x1 mP-SensorActive=false mP-SensorEnabed=false timeoutOverride=-1 force=false
D/PowerManagerService(  403): reactivate mProxIgnored=false
D/PowerManagerService(  403): setPowerState: mPowerState=0x7 newState=0x7 noChangeLights=false reason=2
D/PowerManagerService(  403): setTimeoutLocked now=28468134 timeoutOverride=-1 nextState=3 when=28474134
D/SocketClient(  121): SocketClient sendDatalocked done: 222
D/SocketClient(  121): SocketClient sendDatalocked done: 
D/SocketClient(  121): SocketClient sendDatalocked done: 
D/SocketClient(  121): SocketClient sendDatalocked done: 
D/SocketClient(  121): SocketClient sendDatalocked done: 
D/SocketClient(  121): SocketClient sendDatalocked done: 
D/SocketClient(  121): SocketClient sendDatalocked done: 
D/SocketClient(  121): SocketClient sendDatalocked done: 222
D/SocketClient(  121): SocketClient sendDatalocked done: 
D/SocketClient(  121): SocketClient sendDatalocked done: 
D/SocketClient(  121): SocketClient sendDatalocked done: 
D/SocketClient(  121): SocketClient sendDatalocked done: 
D/SocketClient(  121): SocketClient sendDatalocked done: 
D/SocketClient(  121): SocketClient sendDatalocked done: 
D/SocketClient(  121): SocketClient sendDatalocked done: 
D/SocketClient(  121): SocketClient sendDatalocked done: 
D/SocketClient(  121): SocketClient sendDatalocked done: 
D/SocketClient(  121): SocketClient sendDatalocked done: 
D/SocketClient(  121): SocketClient sendDatalocked done: 
D/SocketClient(  121): SocketClient sendDatalocked done: 
D/SocketClient(  121): SocketClient sendDatalocked done: 
D/SocketClient(  121): SocketClient sendDatalocked done: 
D/SocketClient(  121): SocketClient sendDatalocked done: 
D/SocketClient(  121): SocketClient sendDatalocked done: 
D/PowerManagerService(  403): UA mLastEventTime=28468134 time=28468635 mUAAllowed=true mUserState=0x7 mWLState=0x1 mP-SensorActive=false mP-SensorEnabed=false timeoutOverride=-1 force=false
D/PowerManagerService(  403): reactivate mProxIgnored=false
D/PowerManagerService(  403): setPowerState: mPowerState=0x7 newState=0x7 noChangeLights=false reason=2
D/PowerManagerService(  403): setTimeoutLocked now=28468635 timeoutOverride=-1 nextState=3 when=28474635
D/PowerManagerService(  403): UA mLastEventTime=28468635 time=28469135 mUAAllowed=true mUserState=0x7 mWLState=0x1 mP-SensorActive=false mP-SensorEnabed=false timeoutOverride=-1 force=false
D/PowerManagerService(  403): reactivate mProxIgnored=false
D/PowerManagerService(  403): setPowerState: mPowerState=0x7 newState=0x7 noChangeLights=false reason=2
D/PowerManagerService(  403): setTimeoutLocked now=28469135 timeoutOverride=-1 nextState=3 when=28475135
--------- beginning of /dev/log/main
D/NativeCrypto(  789): Doing SSL_Read() ssl=0x5faf3120, appData=0x5d2cd978
D/NativeCrypto(  789): Returned from SSL_Read() with result 1, error code 0 ssl=0x5faf3120, appData=0x5d2cd978
D/NativeCrypto(  789): ssl=0x5faf3120 sslRead buf=0x42e911d0 len=1,timeo=120000
D/NativeCrypto(  789): Doing SSL_Read() ssl=0x5faf3120, appData=0x5d2cd978
D/NativeCrypto(  789): Returned from SSL_Read() with result 1, error code 0 ssl=0x5faf3120, appData=0x5d2cd978
D/NativeCrypto(  789): ssl=0x5faf3120 sslRead buf=0x42e89380 len=1,timeo=120000
D/NativeCrypto(  789): Doing SSL_Read() ssl=0x5faf3120, appData=0x5d2cd978
D/NativeCrypto(  789): Returned from SSL_Read() with result 1, error code 0 ssl=0x5faf3120, appData=0x5d2cd978
D/NativeCrypto(  789): ssl=0x5faf3120 sslRead buf=0x42e893c8 len=1,timeo=120000
D/NativeCrypto(  789): Doing SSL_Read() ssl=0x5faf3120, appData=0x5d2cd978
D/NativeCrypto(  789): Returned from SSL_Read() with result 1, error code 0 ssl=0x5faf3120, appData=0x5d2cd978
D/NativeCrypto(  789): ssl=0x5faf3120 sslRead buf=0x42e627a8 len=1,timeo=120000
D/NativeCrypto(  789): Doing SSL_Read() ssl=0x5faf3120, appData=0x5d2cd978
D/NativeCrypto(  789): Returned from SSL_Read() with result 1, error code 0 ssl=0x5faf3120, appData=0x5d2cd978
D/NativeCrypto(  789): ssl=0x5faf3120 sslRead buf=0x42e60fb0 len=1,timeo=120000
D/NativeCrypto(  789): Doing SSL_Read() ssl=0x5faf3120, appData=0x5d2cd978
D/NativeCrypto(  789): Returned from SSL_Read() with result 1, error code 0 ssl=0x5faf3120, appData=0x5d2cd978
D/NativeCrypto(  789): ssl=0x5faf3120 sslRead buf=0x42e60ff8 len=1,timeo=120000
D/NativeCrypto(  789): Doing SSL_Read() ssl=0x5faf3120, appData=0x5d2cd978
D/NativeCrypto(  789): Returned from SSL_Read() with result 1, error code 0 ssl=0x5faf3120, appData=0x5d2cd978
D/NativeCrypto(  789): ssl=0x5faf3120 sslRead buf=0x42e55620 len=1,timeo=120000
D/NativeCrypto(  789): Doing SSL_Read() ssl=0x5faf3120, appData=0x5d2cd978
D/NativeCrypto(  789): Returned from SSL_Read() with result 1, error code 0 ssl=0x5faf3120, appData=0x5d2cd978
D/NativeCrypto(  789): ssl=0x5faf3120 sslRead buf=0x42e3f170 len=1,timeo=120000
D/NativeCrypto(  789): Doing SSL_Read() ssl=0x5faf3120, appData=0x5d2cd978
D/NativeCrypto(  789): Returned from SSL_Read() with result 1, error code 0 ssl=0x5faf3120, appData=0x5d2cd978
D/NativeCrypto(  789): ssl=0x5faf3120 sslRead buf=0x42e3f1b8 len=1,timeo=120000
D/NativeCrypto(  789): Doing SSL_Read() ssl=0x5faf3120, appData=0x5d2cd978
D/NativeCrypto(  789): Returned from SSL_Read() with result 1, error code 0 ssl=0x5faf3120, appData=0x5d2cd978
D/NativeCrypto(  789): ssl=0x5faf3120 sslRead buf=0x42e25838 len=1,timeo=120000
D/NativeCrypto(  789): Doing SSL_Read() ssl=0x5faf3120, appData=0x5d2cd978
D/NativeCrypto(  789): Returned from SSL_Read() with result 1, error code 0 ssl=0x5faf3120, appData=0x5d2cd978
D/NativeCrypto(  789): ssl=0x5faf3120 sslRead buf=0x42e1f108 len=1,timeo=120000
D/NativeCrypto(  789): Doing SSL_Read() ssl=0x5faf3120, appData=0x5d2cd978
D/NativeCrypto(  789): Returned from SSL_Read() with result 1, error code 0 ssl=0x5faf3120, appData=0x5d2cd978
D/NativeCrypto(  789): ssl=0x5faf3120 sslRead buf=0x42e1f150 len=1,timeo=120000
D/NativeCrypto(  789): Doing SSL_Read() ssl=0x5faf3120, appData=0x5d2cd978
D/NativeCrypto(  789): Returned from SSL_Read() with result 1, error code 0 ssl=0x5faf3120, appData=0x5d2cd978
D/NativeCrypto(  789): ssl=0x5faf3120 sslRead buf=0x42e15fd0 len=1,timeo=120000
D/NativeCrypto(  789): Doing SSL_Read() ssl=0x5faf3120, appData=0x5d2cd978
D/NativeCrypto(  789): Returned from SSL_Read() with result 1, error code 0 ssl=0x5faf3120, appData=0x5d2cd978
D/NativeCrypto(  789): ssl=0x5faf3120 sslRead buf=0x42e15598 len=1,timeo=120000
D/NativeCrypto(  789): Doing SSL_Read() ssl=0x5faf3120, appData=0x5d2cd978
D/NativeCrypto(  789): Returned from SSL_Read() with result 1, error code 0 ssl=0x5faf3120, appData=0x5d2cd978
D/NativeCrypto(  789): ssl=0x5faf3120 sslRead buf=0x42e155e0 len=1,timeo=120000
D/NativeCrypto(  789): Doing SSL_Read() ssl=0x5faf3120, appData=0x5d2cd978
D/NativeCrypto(  789): Returned from SSL_Read() with result 1, error code 0 ssl=0x5faf3120, appData=0x5d2cd978
D/NativeCrypto(  789): ssl=0x5faf3120 sslRead buf=0x42df8fc0 len=1,timeo=120000
D/NativeCrypto(  789): Doing SSL_Read() ssl=0x5faf3120, appData=0x5d2cd978
D/NativeCrypto(  789): Returned from SSL_Read() with result 1, error code 0 ssl=0x5faf3120, appData=0x5d2cd978
D/NativeCrypto(  789): ssl=0x5faf3120 sslRead buf=0x42deab80 len=1,timeo=120000
D/NativeCrypto(  789): Doing SSL_Read() ssl=0x5faf3120, appData=0x5d2cd978
D/NativeCrypto(  789): Returned from SSL_Read() with result 1, error code 0 ssl=0x5faf3120, appData=0x5d2cd978
D/NativeCrypto(  789): ssl=0x5faf3120 sslRead buf=0x42deabc8 len=1,timeo=120000
